04/08/2025, 20:31:13: task description: Given blurry image, how to return the regular image step by step?
04/08/2025, 20:31:13: Approximation: Step 1 -prompt token 364
04/08/2025, 20:31:14: Predictor time: 0.14s
04/08/2025, 20:31:14: Predict K: 2
04/08/2025, 20:31:15: Approximation: Step 1 - Image Deblurring -time 1.41 -token 10
04/08/2025, 20:31:15: Approximation: Step 2 -prompt token 379
04/08/2025, 20:31:16: Approximation: Step 2 - Image Super-Resolution -time 1.2 -token 10
04/08/2025, 20:31:21: Approximation: Step 3 -prompt token 409
04/08/2025, 20:31:21: Predictor time: 0.09s
04/08/2025, 20:31:21: Predict K: 2
04/08/2025, 20:31:24: Approximation: Step 3 - Image Super-Resolution -time 2.8 -token 10
04/08/2025, 20:31:24: Approximation: Step 4 -prompt token 418
04/08/2025, 20:31:25: Approximation: Step 4 - Image Super-Resolution -time 0.94 -token 10
04/08/2025, 20:31:32: Approximation: Step 5 -prompt token 444
04/08/2025, 20:31:32: Predictor time: 0.09s
04/08/2025, 20:31:32: Predict K: 1
04/08/2025, 20:31:33: Approximation: Step 5 - Image Classification -time 1.44 -token 8
04/08/2025, 20:31:39: Approximation: Step 6 -prompt token 462
04/08/2025, 20:31:39: Predictor time: 0.07s
04/08/2025, 20:31:39: Predict K: 0
04/08/2025, 20:31:42: Approximation: Step 6 - Colorization -time 2.45 -token 8
04/08/2025, 20:31:49: Approximation: Step 7 -prompt token 482
04/08/2025, 20:31:49: Predictor time: 0.07s
04/08/2025, 20:31:49: Predict K: 0
04/08/2025, 20:31:50: Approximation: Step 7 - Visual Question Answering -time 1.6 -token 10
04/08/2025, 20:31:57: Approximation: Step 8 -prompt token 497
04/08/2025, 20:31:57: Predictor time: 0.07s
04/08/2025, 20:31:57: Predict K: 0
04/08/2025, 20:31:59: Approximation: Step 8 - TERMINATE -time 1.45 -token 9
