04/08/2025, 20:34:40: task description: Given low-resolutioned image, how to return the regular image step by step?
04/08/2025, 20:34:40: Approximation: Step 1 -prompt token 366
04/08/2025, 20:34:40: Predictor time: 0.29s
04/08/2025, 20:34:40: Predict K: 3
04/08/2025, 20:34:42: Approximation: Step 1 - Image Super-Resolution -time 1.62 -token 10
04/08/2025, 20:34:42: Approximation: Step 2 -prompt token 381
04/08/2025, 20:34:42: Approximation: Step 2 - TERMINATE -time 0.92 -token 9
04/08/2025, 20:34:50: Approximation: Step 3 -prompt token 409
04/08/2025, 20:34:50: Predictor time: 0.11s
04/08/2025, 20:34:50: Predict K: 3
04/08/2025, 20:34:51: Approximation: Step 3 - Image Deblurring -time 1.25 -token 10
04/08/2025, 20:34:51: Approximation: Step 4 -prompt token 418
04/08/2025, 20:34:52: Approximation: Step 4 - TERMINATE -time 1.13 -token 9
04/08/2025, 20:34:59: Approximation: Step 5 -prompt token 442
04/08/2025, 20:34:59: Predictor time: 0.14s
04/08/2025, 20:34:59: Predict K: 2
04/08/2025, 20:35:00: Approximation: Step 5 - TERMINATE -time 1.72 -token 9
04/08/2025, 20:35:06: Approximation: Step 6 -prompt token 462
04/08/2025, 20:35:06: Predictor time: 0.29s
04/08/2025, 20:35:07: Predict K: 1
04/08/2025, 20:35:07: Approximation: Step 6 - Visual Question Answering -time 1.25 -token 10
04/08/2025, 20:35:18: Approximation: Step 7 -prompt token 477
04/08/2025, 20:35:18: Predictor time: 0.07s
04/08/2025, 20:35:18: Predict K: 1
04/08/2025, 20:35:19: Approximation: Step 7 - Object Detection -time 1.51 -token 8
04/08/2025, 20:35:26: Approximation: Step 8 -prompt token 490
04/08/2025, 20:35:26: Predictor time: 0.07s
04/08/2025, 20:35:26: Predict K: 1
04/08/2025, 20:35:27: Approximation: Step 8 - Colorization -time 1.55 -token 8
04/08/2025, 20:35:35: Approximation: Step 9 -prompt token 503
04/08/2025, 20:35:35: Predictor time: 0.1s
04/08/2025, 20:35:35: Predict K: 1
04/08/2025, 20:35:38: Approximation: Step 9 - Text-to-Image Generation -time 3.02 -token 11
04/08/2025, 20:35:48: Approximation: Step 10 -prompt token 519
04/08/2025, 20:35:48: Predictor time: 0.07s
04/08/2025, 20:35:48: Predict K: 1
04/08/2025, 20:35:50: Approximation: Step 10 - TERMINATE -time 1.52 -token 9
