04/08/2025, 20:35:54: task description: Given low-resolutioned noisy blurry grayscale image, how to return the caption in German step by step?
04/08/2025, 20:35:54: Approximation: Step 1 -prompt token 370
04/08/2025, 20:35:54: Predictor time: 0.08s
04/08/2025, 20:35:54: Predict K: 1
04/08/2025, 20:35:55: Approximation: Step 1 - Image Denoising -time 1.09 -token 10
04/08/2025, 20:36:01: Approximation: Step 2 -prompt token 400
04/08/2025, 20:36:01: Predictor time: 0.16s
04/08/2025, 20:36:01: Predict K: 1
04/08/2025, 20:36:02: Approximation: Step 2 - Image Deblurring -time 1.36 -token 10
04/08/2025, 20:36:05: Approximation: Step 3 -prompt token 424
04/08/2025, 20:36:05: Predictor time: 0.3s
04/08/2025, 20:36:05: Predict K: 2
04/08/2025, 20:36:06: Approximation: Step 3 - Image Deblurring -time 1.26 -token 10
04/08/2025, 20:36:06: Approximation: Step 4 -prompt token 433
04/08/2025, 20:36:08: Approximation: Step 4 - Image Captioning -time 1.95 -token 9
04/08/2025, 20:36:13: Approximation: Step 5 -prompt token 453
04/08/2025, 20:36:13: Approximation: Step 5 -prompt token 453
04/08/2025, 20:36:13: Predictor time: 0.19s
04/08/2025, 20:36:13: Predict K: 1
04/08/2025, 20:36:14: Approximation: Step 5 - Machine Translation -time 1.12 -token 8
04/08/2025, 20:36:20: Approximation: Step 6 -prompt token 466
04/08/2025, 20:36:20: Predictor time: 0.07s
04/08/2025, 20:36:20: Predict K: 1
04/08/2025, 20:36:22: Approximation: Step 6 - TERMINATE -time 1.66 -token 9
04/08/2025, 20:36:30: Approximation: Step 7 -prompt token 484
04/08/2025, 20:36:30: Predictor time: 0.12s
04/08/2025, 20:36:30: Predict K: 1
04/08/2025, 20:36:34: Approximation: Step 7 - Fill Mask -time 3.44 -token 8
