04/08/2025, 20:32:05: task description: Given low-resolutioned noisy image, how to return the regular image step by step?
04/08/2025, 20:32:05: Approximation: Step 1 -prompt token 367
04/08/2025, 20:32:05: Predictor time: 0.09s
04/08/2025, 20:32:05: Predict K: 2
04/08/2025, 20:32:06: Approximation: Step 1 - Image Denoising -time 1.14 -token 10
04/08/2025, 20:32:06: Approximation: Step 2 -prompt token 382
04/08/2025, 20:32:07: Approximation: Step 2 - Image Deblurring -time 1.03 -token 10
04/08/2025, 20:32:11: Approximation: Step 2 -prompt token 397
04/08/2025, 20:32:11: Predictor time: 0.12s
04/08/2025, 20:32:11: Predict K: 3
04/08/2025, 20:32:13: Approximation: Step 2 - Image Denoising -time 2.45 -token 10
04/08/2025, 20:32:13: Approximation: Step 3 -prompt token 406
04/08/2025, 20:32:14: Approximation: Step 3 - Image Deblurring -time 0.88 -token 10
04/08/2025, 20:32:14: Approximation: Step 4 -prompt token 415
04/08/2025, 20:32:16: Approximation: Step 4 - Image Super-Resolution -time 1.32 -token 10
04/08/2025, 20:32:23: Approximation: Step 5 -prompt token 447
04/08/2025, 20:32:23: Predictor time: 0.11s
04/08/2025, 20:32:23: Predict K: 1
04/08/2025, 20:32:24: Approximation: Step 5 - Image Classification -time 1.44 -token 8
04/08/2025, 20:32:30: Approximation: Step 6 -prompt token 467
04/08/2025, 20:32:30: Predictor time: 0.14s
04/08/2025, 20:32:30: Predict K: 1
04/08/2025, 20:32:30: Approximation: Step 6 -prompt token 467
04/08/2025, 20:32:30: Approximation: Step 6 -prompt token 467
04/08/2025, 20:32:30: Approximation: Step 6 -prompt token 467
04/08/2025, 20:32:30: Approximation: Step 6 -prompt token 467
04/08/2025, 20:32:30: Approximation: Step 6 -prompt token 467
04/08/2025, 20:32:30: Approximation: Step 6 -prompt token 467
04/08/2025, 20:32:30: Approximation: Step 6 -prompt token 467
04/08/2025, 20:32:31: Approximation: Step 6 -prompt token 467
04/08/2025, 20:32:41: Approximation: Step 7 -prompt token 487
04/08/2025, 20:32:41: Predictor time: 0.11s
04/08/2025, 20:32:41: Predict K: 2
04/08/2025, 20:32:42: Approximation: Step 7 - Image Super-Resolution -time 1.58 -token 10
04/08/2025, 20:32:42: Approximation: Step 8 -prompt token 496
04/08/2025, 20:32:43: Approximation: Step 8 - Image Denoising -time 1.04 -token 10
