04/08/2025, 20:39:11: task description: Given low-resolutioned noisy blurry grayscale image, how to return the class label in English step by step?
04/08/2025, 20:39:11: Approximation: Step 1 -prompt token 371
04/08/2025, 20:39:12: Predictor time: 0.19s
04/08/2025, 20:39:12: Predict K: 3
04/08/2025, 20:39:14: Approximation: Step 1 - Image Denoising -time 2.59 -token 10
04/08/2025, 20:39:14: Approximation: Step 2 -prompt token 386
04/08/2025, 20:39:16: Approximation: Step 2 -prompt token 386
04/08/2025, 20:39:16: Approximation: Step 2 -prompt token 386
04/08/2025, 20:39:17: Approximation: Step 2 - Image Deblurring -time 3.34 -token 10
04/08/2025, 20:39:17: Approximation: Step 2 -prompt token 401
04/08/2025, 20:39:18: Predictor time: 0.17s
04/08/2025, 20:39:18: Predict K: 3
04/08/2025, 20:39:18: Approximation: Step 2 - Image Deblurring -time 0.88 -token 10
04/08/2025, 20:39:18: Approximation: Step 3 -prompt token 410
04/08/2025, 20:39:22: Approximation: Step 3 - Image Denoising -time 3.7 -token 10
04/08/2025, 20:39:22: Approximation: Step 4 -prompt token 419
04/08/2025, 20:39:24: Approximation: Step 4 - Image Classification -time 2.06 -token 8
04/08/2025, 20:39:27: Approximation: Step 3 -prompt token 425
04/08/2025, 20:39:27: Predictor time: 0.18s
04/08/2025, 20:39:27: Predict K: 2
04/08/2025, 20:39:28: Approximation: Step 3 - Image Deblurring -time 0.86 -token 10
04/08/2025, 20:39:28: Approximation: Step 4 -prompt token 434
04/08/2025, 20:39:29: Approximation: Step 4 - Image Classification -time 1.84 -token 8
04/08/2025, 20:39:35: Approximation: Step 5 -prompt token 453
04/08/2025, 20:39:35: Predictor time: 0.19s
04/08/2025, 20:39:35: Predict K: 1
04/08/2025, 20:39:36: Approximation: Step 5 - TERMINATE -time 1.42 -token 9
