04/08/2025, 20:32:55: task description: Given noisy image, how to return the regular image step by step?
04/08/2025, 20:32:55: Approximation: Step 1 -prompt token 364
04/08/2025, 20:32:55: Predictor time: 0.21s
04/08/2025, 20:32:55: Predict K: 0
04/08/2025, 20:32:57: Approximation: Step 1 - Image Denoising -time 1.77 -token 10
04/08/2025, 20:33:06: Approximation: Step 2 -prompt token 385
04/08/2025, 20:33:06: Predictor time: 0.08s
04/08/2025, 20:33:06: Predict K: 0
04/08/2025, 20:33:08: Approximation: Step 2 - Image Deblurring -time 1.84 -token 10
04/08/2025, 20:33:14: Approximation: Step 3 -prompt token 400
04/08/2025, 20:33:14: Predictor time: 0.09s
04/08/2025, 20:33:14: Predict K: 2
04/08/2025, 20:33:15: Approximation: Step 3 - Image Super-Resolution -time 1.56 -token 10
04/08/2025, 20:33:15: Approximation: Step 4 -prompt token 409
04/08/2025, 20:33:16: Approximation: Step 4 - Image Super-Resolution -time 1.03 -token 10
04/08/2025, 20:33:28: Approximation: Step 5 -prompt token 435
04/08/2025, 20:33:28: Predictor time: 0.12s
04/08/2025, 20:33:28: Predict K: 1
04/08/2025, 20:33:31: Approximation: Step 5 - Image Classification -time 3.37 -token 8
04/08/2025, 20:33:37: Approximation: Step 6 -prompt token 455
04/08/2025, 20:33:37: Predictor time: 0.11s
04/08/2025, 20:33:37: Predict K: 1
04/08/2025, 20:33:38: Approximation: Step 6 - Visual Question Answering -time 1.48 -token 10
04/08/2025, 20:33:46: Approximation: Step 7 -prompt token 470
04/08/2025, 20:33:46: Predictor time: 0.07s
04/08/2025, 20:33:46: Predict K: 0
04/08/2025, 20:33:48: Approximation: Step 7 - TERMINATE -time 1.85 -token 9
04/08/2025, 20:33:56: Approximation: Step 8 -prompt token 494
04/08/2025, 20:33:56: Predictor time: 0.12s
04/08/2025, 20:33:56: Predict K: 0
04/08/2025, 20:33:57: Approximation: Step 8 - TERMINATE -time 1.43 -token 9
04/08/2025, 20:34:15: Approximation: Step 9 -prompt token 512
04/08/2025, 20:34:15: Predictor time: 0.11s
04/08/2025, 20:34:15: Predict K: 1
04/08/2025, 20:34:17: Approximation: Step 9 - Colorization -time 1.91 -token 8
04/08/2025, 20:34:20: Approximation: Step 10 -prompt token 525
04/08/2025, 20:34:21: Predictor time: 0.13s
04/08/2025, 20:34:21: Predict K: 1
04/08/2025, 20:34:21: Approximation: Step 10 - TERMINATE -time 0.88 -token 9
04/08/2025, 20:34:30: Approximation: Step 11 -prompt token 547
04/08/2025, 20:34:30: Predictor time: 0.23s
04/08/2025, 20:34:30: Predict K: 1
04/08/2025, 20:34:31: Approximation: Step 11 - Machine Translation -time 1.87 -token 8
