04/08/2025, 20:34:40: task description: Given low-resolutioned image, how to return the regular image step by step?
04/08/2025, 20:34:42: in breaking, The approximation agent thinks step 1 should be Image Super-Resolution
04/08/2025, 20:34:45: The target agent thinks step 1 should be Image Super-Resolution, which agrees with the approximation agent.
04/08/2025, 20:34:45: The approximation agent thinks step 2 should be TERMINATE
04/08/2025, 20:34:50: The target agent thinks step 2 should be Image Denoising, correcting what the approximation agent thinks which is TERMINATE.
04/08/2025, 20:34:51: in breaking, The approximation agent thinks step 3 should be Image Deblurring
04/08/2025, 20:34:58: The target agent thinks step 3 should be Image Deblurring, which agrees with the approximation agent.
04/08/2025, 20:34:58: The approximation agent thinks step 4 should be TERMINATE
04/08/2025, 20:34:59: The target agent thinks step 4 should be Image Classification, correcting what the approximation agent thinks which is TERMINATE.
04/08/2025, 20:35:00: in breaking, The approximation agent thinks step 5 should be TERMINATE
04/08/2025, 20:35:06: The target agent thinks step 5 should be Image Captioning, correcting what the approximation agent thinks which is TERMINATE.
04/08/2025, 20:35:07: in breaking, The approximation agent thinks step 6 should be Visual Question Answering
04/08/2025, 20:35:18: The target agent thinks step 6 should be Visual Question Answering, which agrees with the approximation agent.
04/08/2025, 20:35:19: in breaking, The approximation agent thinks step 7 should be Object Detection
04/08/2025, 20:35:26: The target agent thinks step 7 should be Object Detection, which agrees with the approximation agent.
04/08/2025, 20:35:27: in breaking, The approximation agent thinks step 8 should be Colorization
04/08/2025, 20:35:35: The target agent thinks step 8 should be Colorization, which agrees with the approximation agent.
04/08/2025, 20:35:38: in breaking, The approximation agent thinks step 9 should be Text-to-Image Generation
04/08/2025, 20:35:48: The target agent thinks step 9 should be Text-to-Image Generation, which agrees with the approximation agent.
04/08/2025, 20:35:50: in breaking, The approximation agent thinks step 10 should be TERMINATE
04/08/2025, 20:35:54: The target agent thinks step 10 should be TERMINATE, which agrees with the approximation agent.
04/08/2025, 20:35:54: 2025-04-08 20:35:54.758813 - 2025-04-08 20:34:40.442268 = 0:01:14.316545
04/08/2025, 20:35:54: final result for the speculative planning ['Image Super-Resolution', 'Image Denoising', 'Image Deblurring', 'Image Classification', 'Image Captioning', 'Visual Question Answering', 'Object Detection', 'Colorization', 'Text-to-Image Generation', 'TERMINATE']
04/08/2025, 20:35:54: max concurrent calls: 4
04/08/2025, 20:35:54: total approximation token generation: 93
04/08/2025, 20:35:54: total target token prompt: 10875
04/08/2025, 20:35:54: total target token generation: 2152
04/08/2025, 20:35:54: total target step time: 84.71000000000001
04/08/2025, 20:35:54: total token prompt: 15342
04/08/2025, 20:35:54: total token generation: 2245
04/08/2025, 20:35:54: accuracy of approximation agent: 0.7
04/08/2025, 20:35:54: sp token/step: 224.5
04/08/2025, 20:35:54: naive token/step: 215.2
04/08/2025, 20:35:54: generation token cost increased: 4.32%.
04/08/2025, 20:35:54: sp prompt/step: 1534.2
04/08/2025, 20:35:54: naive prompt/step: 1087.5
04/08/2025, 20:35:54: prompt token cost increased: 41.08%.
04/08/2025, 20:35:54: sp time/step: 7.43
04/08/2025, 20:35:54: naive time/step: 8.47
04/08/2025, 20:35:54: time decreased by: 12.28%.
04/08/2025, 20:35:54: predictor acc: 0.33
04/08/2025, 20:35:54: step number: 10
04/08/2025, 20:35:54: dynamic k
