04/08/2025, 20:36:42: task description: Given low-resolutioned noisy blurry grayscale image, how to return the class label in German step by step?
04/08/2025, 20:36:43: in breaking, The approximation agent thinks step 1 should be Image Denoising
04/08/2025, 20:36:47: The target agent thinks step 1 should be Image Denoising, which agrees with the approximation agent.
04/08/2025, 20:36:47: The approximation agent thinks step 2 should be Image Deblurring
04/08/2025, 20:36:49: The target agent thinks step 2 should be Image Deblurring, which agrees with the approximation agent.
04/08/2025, 20:36:49: The approximation agent thinks step 3 should be Image Super-Resolution
04/08/2025, 20:36:52: The target agent thinks step 3 should be Image Super-Resolution, which agrees with the approximation agent.
04/08/2025, 20:36:52: The approximation agent thinks step 4 should be Image Classification
04/08/2025, 20:36:57: The target agent thinks step 4 should be Image Classification, which agrees with the approximation agent.
04/08/2025, 20:36:59: in breaking, The approximation agent thinks step 5 should be Machine Translation
04/08/2025, 20:37:05: The target agent thinks step 5 should be Machine Translation, which agrees with the approximation agent.
04/08/2025, 20:37:07: in breaking, The approximation agent thinks step 6 should be TERMINATE
04/08/2025, 20:37:14: The target agent thinks step 6 should be TERMINATE, which agrees with the approximation agent.
04/08/2025, 20:37:14: 2025-04-08 20:37:14.580642 - 2025-04-08 20:36:42.295025 = 0:00:32.285617
04/08/2025, 20:37:14: final result for the speculative planning ['Image Denoising', 'Image Deblurring', 'Image Super-Resolution', 'Image Classification', 'Machine Translation', 'TERMINATE']
04/08/2025, 20:37:14: max concurrent calls: 4
04/08/2025, 20:37:14: total approximation token generation: 55
04/08/2025, 20:37:14: total target token prompt: 6206
04/08/2025, 20:37:14: total target token generation: 1113
04/08/2025, 20:37:14: total target step time: 42.230000000000004
04/08/2025, 20:37:14: total token prompt: 9081
04/08/2025, 20:37:14: total token generation: 1168
04/08/2025, 20:37:14: accuracy of approximation agent: 1.0
04/08/2025, 20:37:14: sp token/step: 194.67
04/08/2025, 20:37:14: naive token/step: 185.5
04/08/2025, 20:37:14: generation token cost increased: 4.94%.
04/08/2025, 20:37:14: sp prompt/step: 1513.5
04/08/2025, 20:37:14: naive prompt/step: 1034.33
04/08/2025, 20:37:14: prompt token cost increased: 46.33%.
04/08/2025, 20:37:14: sp time/step: 5.38
04/08/2025, 20:37:14: naive time/step: 7.04
04/08/2025, 20:37:14: time decreased by: 23.58%.
04/08/2025, 20:37:14: predictor acc: 0.0
04/08/2025, 20:37:14: step number: 6
04/08/2025, 20:37:14: dynamic k
