04/08/2025, 20:32:55: task description: Given noisy image, how to return the regular image step by step?
04/08/2025, 20:32:57: in breaking, The approximation agent thinks step 1 should be Image Denoising
04/08/2025, 20:33:06: The target agent thinks step 1 should be Image Denoising, which agrees with the approximation agent.
04/08/2025, 20:33:08: in breaking, The approximation agent thinks step 2 should be Image Deblurring
04/08/2025, 20:33:14: The target agent thinks step 2 should be Image Deblurring, which agrees with the approximation agent.
04/08/2025, 20:33:15: in breaking, The approximation agent thinks step 3 should be Image Super-Resolution
04/08/2025, 20:33:28: The target agent thinks step 3 should be Image Super-Resolution, which agrees with the approximation agent.
04/08/2025, 20:33:28: The approximation agent thinks step 4 should be Image Super-Resolution
04/08/2025, 20:33:28: The target agent thinks step 4 should be Image Classification, correcting what the approximation agent thinks which is Image Super-Resolution.
04/08/2025, 20:33:31: in breaking, The approximation agent thinks step 5 should be Image Classification
04/08/2025, 20:33:37: The target agent thinks step 5 should be Image Captioning, correcting what the approximation agent thinks which is Image Classification.
04/08/2025, 20:33:38: in breaking, The approximation agent thinks step 6 should be Visual Question Answering
04/08/2025, 20:33:46: The target agent thinks step 6 should be Visual Question Answering, which agrees with the approximation agent.
04/08/2025, 20:33:48: in breaking, The approximation agent thinks step 7 should be TERMINATE
04/08/2025, 20:33:56: The target agent thinks step 7 should be Text-to-Image Generation, correcting what the approximation agent thinks which is TERMINATE.
04/08/2025, 20:33:57: in breaking, The approximation agent thinks step 8 should be TERMINATE
04/08/2025, 20:34:15: The target agent thinks step 8 should be Object Detection, correcting what the approximation agent thinks which is TERMINATE.
04/08/2025, 20:34:17: in breaking, The approximation agent thinks step 9 should be Colorization
04/08/2025, 20:34:20: The target agent thinks step 9 should be Colorization, which agrees with the approximation agent.
04/08/2025, 20:34:21: in breaking, The approximation agent thinks step 10 should be TERMINATE
04/08/2025, 20:34:30: The target agent thinks step 10 should be Text Summarization, correcting what the approximation agent thinks which is TERMINATE.
04/08/2025, 20:34:31: in breaking, The approximation agent thinks step 11 should be Machine Translation
04/08/2025, 20:34:39: The target agent thinks step 11 should be TERMINATE, correcting what the approximation agent thinks which is Machine Translation.
04/08/2025, 20:34:39: 2025-04-08 20:34:39.713852 - 2025-04-08 20:32:55.682538 = 0:01:44.031314
04/08/2025, 20:34:39: final result for the speculative planning ['Image Denoising', 'Image Deblurring', 'Image Super-Resolution', 'Image Classification', 'Image Captioning', 'Visual Question Answering', 'Text-to-Image Generation', 'Object Detection', 'Colorization', 'Text Summarization', 'TERMINATE']
04/08/2025, 20:34:39: max concurrent calls: 4
04/08/2025, 20:34:40: total approximation token generation: 101
04/08/2025, 20:34:40: total target token prompt: 12214
04/08/2025, 20:34:40: total target token generation: 2558
04/08/2025, 20:34:40: total target step time: 113.24
04/08/2025, 20:34:40: total token prompt: 17666
04/08/2025, 20:34:40: total token generation: 2659
04/08/2025, 20:34:40: accuracy of approximation agent: 0.45454545454545453
04/08/2025, 20:34:40: sp token/step: 241.73
04/08/2025, 20:34:40: naive token/step: 232.55
04/08/2025, 20:34:40: generation token cost increased: 3.95%.
04/08/2025, 20:34:40: sp prompt/step: 1606.0
04/08/2025, 20:34:40: naive prompt/step: 1110.36
04/08/2025, 20:34:40: prompt token cost increased: 44.64%.
04/08/2025, 20:34:40: sp time/step: 9.46
04/08/2025, 20:34:40: naive time/step: 10.29
04/08/2025, 20:34:40: time decreased by: 8.07%.
04/08/2025, 20:34:40: predictor acc: 0.29
04/08/2025, 20:34:40: step number: 11
04/08/2025, 20:34:40: dynamic k
