04/08/2025, 20:31:13: task description: Given blurry image, how to return the regular image step by step?
04/08/2025, 20:31:15: in breaking, The approximation agent thinks step 1 should be Image Deblurring
04/08/2025, 20:31:20: The target agent thinks step 1 should be Image Deblurring, which agrees with the approximation agent.
04/08/2025, 20:31:20: The approximation agent thinks step 2 should be Image Super-Resolution
04/08/2025, 20:31:21: The target agent thinks step 2 should be Image Denoising, correcting what the approximation agent thinks which is Image Super-Resolution.
04/08/2025, 20:31:24: in breaking, The approximation agent thinks step 3 should be Image Super-Resolution
04/08/2025, 20:31:30: The target agent thinks step 3 should be Image Super-Resolution, which agrees with the approximation agent.
04/08/2025, 20:31:30: The approximation agent thinks step 4 should be Image Super-Resolution
04/08/2025, 20:31:32: The target agent thinks step 4 should be Image Classification, correcting what the approximation agent thinks which is Image Super-Resolution.
04/08/2025, 20:31:33: in breaking, The approximation agent thinks step 5 should be Image Classification
04/08/2025, 20:31:39: The target agent thinks step 5 should be Object Detection, correcting what the approximation agent thinks which is Image Classification.
04/08/2025, 20:31:42: in breaking, The approximation agent thinks step 6 should be Colorization
04/08/2025, 20:31:49: The target agent thinks step 6 should be Image Captioning, correcting what the approximation agent thinks which is Colorization.
04/08/2025, 20:31:50: in breaking, The approximation agent thinks step 7 should be Visual Question Answering
04/08/2025, 20:31:57: The target agent thinks step 7 should be Visual Question Answering, which agrees with the approximation agent.
04/08/2025, 20:31:59: in breaking, The approximation agent thinks step 8 should be TERMINATE
04/08/2025, 20:32:05: The target agent thinks step 8 should be TERMINATE, which agrees with the approximation agent.
04/08/2025, 20:32:05: 2025-04-08 20:32:05.354047 - 2025-04-08 20:31:13.983692 = 0:00:51.370355
04/08/2025, 20:32:05: final result for the speculative planning ['Image Deblurring', 'Image Denoising', 'Image Super-Resolution', 'Image Classification', 'Object Detection', 'Image Captioning', 'Visual Question Answering', 'TERMINATE']
04/08/2025, 20:32:05: max concurrent calls: 4
04/08/2025, 20:32:05: total approximation token generation: 75
04/08/2025, 20:32:05: total target token prompt: 8680
04/08/2025, 20:32:05: total target token generation: 1870
04/08/2025, 20:32:05: total target step time: 61.730000000000004
04/08/2025, 20:32:05: total token prompt: 12135
04/08/2025, 20:32:05: total token generation: 1945
04/08/2025, 20:32:05: accuracy of approximation agent: 0.5
04/08/2025, 20:32:05: sp token/step: 243.12
04/08/2025, 20:32:05: naive token/step: 233.75
04/08/2025, 20:32:05: generation token cost increased: 4.01%.
04/08/2025, 20:32:05: sp prompt/step: 1516.88
04/08/2025, 20:32:05: naive prompt/step: 1085.0
04/08/2025, 20:32:05: prompt token cost increased: 39.8%.
04/08/2025, 20:32:05: sp time/step: 6.42
04/08/2025, 20:32:05: naive time/step: 7.72
04/08/2025, 20:32:05: time decreased by: 16.84%.
04/08/2025, 20:32:05: predictor acc: 0.6
04/08/2025, 20:32:05: step number: 8
04/08/2025, 20:32:05: dynamic k
