04/08/2025, 20:32:05: task description: Given low-resolutioned noisy image, how to return the regular image step by step?
04/08/2025, 20:32:05: react launch api for thought.
04/08/2025, 20:32:05: Target step 1 thought prompt token: 385
04/08/2025, 20:32:06: react launch api for thought.
04/08/2025, 20:32:06: Target step 2 thought prompt token: 400
04/08/2025, 20:32:08: Target step 1 thought generation token: 108
04/08/2025, 20:32:08: react launch api for response.
04/08/2025, 20:32:08: Target step 1 response prompt token: 520
04/08/2025, 20:32:09: Target step 2 thought generation token: 90
04/08/2025, 20:32:09: react launch api for response.
04/08/2025, 20:32:09: Target step 2 response prompt token: 517
04/08/2025, 20:32:10: Target step 2 response generation token: 10
04/08/2025, 20:32:10: Intermediate Target Step 2 - Image Super-Resolution -gen 100 -prompt 917
04/08/2025, 20:32:10: Target: Step 2 -time 4.13
04/08/2025, 20:32:10: Mismatch at 1. Cancel starts. 
04/08/2025, 20:32:11: Target step 1 response generation token: 10
04/08/2025, 20:32:11: Target: Step 1 - Image Super-Resolution
04/08/2025, 20:32:11: Intermediate Target Step 1 - Image Super-Resolution -gen 118 -prompt 905
04/08/2025, 20:32:11: Target: Step 1 -time 6.07
04/08/2025, 20:32:11: sas tasks: ['Image Denoising', 'Image Deblurring']
04/08/2025, 20:32:11: flatten_tas: [(0, 'Image Super-Resolution'), (1, 'Image Super-Resolution')]
04/08/2025, 20:32:11: step 0 app: Image Denoising, tar: Image Super-Resolution
04/08/2025, 20:32:11: return sas tasks: ['Image Super-Resolution']
04/08/2025, 20:32:11: react launch api for thought.
04/08/2025, 20:32:11: Target step 2 thought prompt token: 400
04/08/2025, 20:32:13: react launch api for thought.
04/08/2025, 20:32:13: Target step 3 thought prompt token: 409
04/08/2025, 20:32:14: react launch api for thought.
04/08/2025, 20:32:14: Target step 4 thought prompt token: 418
04/08/2025, 20:32:15: Target step 2 thought generation token: 108
04/08/2025, 20:32:15: react launch api for response.
04/08/2025, 20:32:15: Target step 2 response prompt token: 535
04/08/2025, 20:32:16: Target step 2 response generation token: 10
04/08/2025, 20:32:16: Target: Step 2 - Image Denoising
04/08/2025, 20:32:16: Intermediate Target Step 2 - Image Denoising -gen 118 -prompt 935
04/08/2025, 20:32:16: Target: Step 2 -time 4.82
04/08/2025, 20:32:20: Target step 3 thought generation token: 215
04/08/2025, 20:32:20: react launch api for response.
04/08/2025, 20:32:20: Target step 3 response prompt token: 651
04/08/2025, 20:32:21: Target step 3 response generation token: 10
04/08/2025, 20:32:21: Target: Step 3 - Image Deblurring
04/08/2025, 20:32:21: Intermediate Target Step 3 - Image Deblurring -gen 225 -prompt 1060
04/08/2025, 20:32:21: Target: Step 3 -time 7.4
04/08/2025, 20:32:22: Target step 4 thought generation token: 163
04/08/2025, 20:32:22: react launch api for response.
04/08/2025, 20:32:22: Target step 4 response prompt token: 608
04/08/2025, 20:32:23: Target step 4 response generation token: 8
04/08/2025, 20:32:23: Target: Step 4 - Image Classification
04/08/2025, 20:32:23: Intermediate Target Step 4 - Image Classification -gen 171 -prompt 1026
04/08/2025, 20:32:23: Target: Step 4 -time 8.55
04/08/2025, 20:32:23: Mismatch at 2. Cancel starts. 
04/08/2025, 20:32:23: sas tasks: ['Image Denoising', 'Image Deblurring', 'Image Super-Resolution']
04/08/2025, 20:32:23: flatten_tas: [(0, 'Image Denoising'), (1, 'Image Deblurring'), (2, 'Image Classification')]
04/08/2025, 20:32:23: step 2 app: Image Super-Resolution, tar: Image Classification
04/08/2025, 20:32:23: return sas tasks: ['Image Denoising', 'Image Deblurring', 'Image Classification']
04/08/2025, 20:32:23: react launch api for thought.
04/08/2025, 20:32:23: Target step 5 thought prompt token: 425
04/08/2025, 20:32:29: Target step 5 thought generation token: 254
04/08/2025, 20:32:29: react launch api for response.
04/08/2025, 20:32:29: Target step 5 response prompt token: 706
04/08/2025, 20:32:30: Target step 5 response generation token: 9
04/08/2025, 20:32:30: Target: Step 5 - Image Captioning
04/08/2025, 20:32:30: Intermediate Target Step 5 - Image Captioning -gen 263 -prompt 1131
04/08/2025, 20:32:30: Target: Step 5 -time 6.92
04/08/2025, 20:32:30: Mismatch at 0. Cancel starts. 
04/08/2025, 20:32:30: sas tasks: ['Image Classification']
04/08/2025, 20:32:30: flatten_tas: [(0, 'Image Captioning')]
04/08/2025, 20:32:30: step 0 app: Image Classification, tar: Image Captioning
04/08/2025, 20:32:30: return sas tasks: ['Image Captioning']
04/08/2025, 20:32:30: react launch api for thought.
04/08/2025, 20:32:30: Target step 6 thought prompt token: 433
04/08/2025, 20:32:40: Target step 6 thought generation token: 250
04/08/2025, 20:32:40: react launch api for response.
04/08/2025, 20:32:40: Target step 6 response prompt token: 710
04/08/2025, 20:32:41: Target step 6 response generation token: 10
04/08/2025, 20:32:41: Target: Step 6 - Visual Question Answering
04/08/2025, 20:32:41: Intermediate Target Step 6 - Visual Question Answering -gen 260 -prompt 1143
04/08/2025, 20:32:41: Target: Step 6 -time 10.91
04/08/2025, 20:32:41: Mismatch at 0. Cancel starts. 
04/08/2025, 20:32:41: sas tasks: ['']
04/08/2025, 20:32:41: flatten_tas: [(0, 'Visual Question Answering')]
04/08/2025, 20:32:41: step 0 app: , tar: Visual Question Answering
04/08/2025, 20:32:41: return sas tasks: ['Visual Question Answering']
04/08/2025, 20:32:41: react launch api for thought.
04/08/2025, 20:32:41: Target step 7 thought prompt token: 442
04/08/2025, 20:32:42: react launch api for thought.
04/08/2025, 20:32:42: Target step 8 thought prompt token: 451
04/08/2025, 20:32:53: Target step 7 thought generation token: 285
04/08/2025, 20:32:53: react launch api for response.
04/08/2025, 20:32:53: Target step 7 response prompt token: 754
04/08/2025, 20:32:53: Target step 8 thought generation token: 239
04/08/2025, 20:32:53: react launch api for response.
04/08/2025, 20:32:53: Target step 8 response prompt token: 717
04/08/2025, 20:32:54: Target step 7 response generation token: 9
04/08/2025, 20:32:54: Target: Step 7 - TERMINATE
04/08/2025, 20:32:54: Intermediate Target Step 7 - TERMINATE -gen 294 -prompt 1196
04/08/2025, 20:32:54: Target: Step 7 -time 13.66
04/08/2025, 20:32:54: Mismatch at 0. Cancel starts. 
04/08/2025, 20:32:54: Cancel task 8
04/08/2025, 20:32:54: Intermediate Target Step 8 - None -gen 239 -prompt 1168
04/08/2025, 20:32:54: Target: Step 8 -time 12.1
04/08/2025, 20:32:54: sas tasks: ['Image Super-Resolution', 'Image Denoising']
04/08/2025, 20:32:54: flatten_tas: [(0, 'TERMINATE')]
04/08/2025, 20:32:54: step 0 app: Image Super-Resolution, tar: TERMINATE
04/08/2025, 20:32:54: return sas tasks: ['TERMINATE']
