04/08/2025, 20:31:13: task description: Given blurry image, how to return the regular image step by step?
04/08/2025, 20:31:13: react launch api for thought.
04/08/2025, 20:31:13: Target step 1 thought prompt token: 382
04/08/2025, 20:31:15: react launch api for thought.
04/08/2025, 20:31:15: Target step 2 thought prompt token: 397
04/08/2025, 20:31:18: Target step 1 thought generation token: 105
04/08/2025, 20:31:18: react launch api for response.
04/08/2025, 20:31:18: Target step 1 response prompt token: 514
04/08/2025, 20:31:19: Target step 2 thought generation token: 120
04/08/2025, 20:31:19: react launch api for response.
04/08/2025, 20:31:19: Target step 2 response prompt token: 544
04/08/2025, 20:31:20: Target step 1 response generation token: 10
04/08/2025, 20:31:20: Target: Step 1 - Image Deblurring
04/08/2025, 20:31:20: Intermediate Target Step 1 - Image Deblurring -gen 115 -prompt 896
04/08/2025, 20:31:20: Target: Step 1 -time 6.21
04/08/2025, 20:31:21: Target step 2 response generation token: 10
04/08/2025, 20:31:21: Target: Step 2 - Image Denoising
04/08/2025, 20:31:21: Intermediate Target Step 2 - Image Denoising -gen 130 -prompt 941
04/08/2025, 20:31:21: Target: Step 2 -time 6.2
04/08/2025, 20:31:21: Mismatch at 1. Cancel starts. 
04/08/2025, 20:31:21: sas tasks: ['Image Deblurring', 'Image Super-Resolution']
04/08/2025, 20:31:21: flatten_tas: [(0, 'Image Deblurring'), (1, 'Image Denoising')]
04/08/2025, 20:31:21: step 1 app: Image Super-Resolution, tar: Image Denoising
04/08/2025, 20:31:21: return sas tasks: ['Image Deblurring', 'Image Denoising']
04/08/2025, 20:31:21: react launch api for thought.
04/08/2025, 20:31:21: Target step 3 thought prompt token: 406
04/08/2025, 20:31:24: react launch api for thought.
04/08/2025, 20:31:24: Target step 4 thought prompt token: 415
04/08/2025, 20:31:29: Target step 3 thought generation token: 238
04/08/2025, 20:31:29: react launch api for response.
04/08/2025, 20:31:29: Target step 3 response prompt token: 671
04/08/2025, 20:31:30: Target step 3 response generation token: 10
04/08/2025, 20:31:30: Target: Step 3 - Image Super-Resolution
04/08/2025, 20:31:30: Intermediate Target Step 3 - Image Super-Resolution -gen 248 -prompt 1077
04/08/2025, 20:31:30: Target: Step 3 -time 8.41
04/08/2025, 20:31:31: Target step 4 thought generation token: 275
04/08/2025, 20:31:31: react launch api for response.
04/08/2025, 20:31:31: Target step 4 response prompt token: 717
04/08/2025, 20:31:32: Target step 4 response generation token: 8
04/08/2025, 20:31:32: Target: Step 4 - Image Classification
04/08/2025, 20:31:32: Intermediate Target Step 4 - Image Classification -gen 283 -prompt 1132
04/08/2025, 20:31:32: Target: Step 4 -time 8.09
04/08/2025, 20:31:32: Mismatch at 1. Cancel starts. 
04/08/2025, 20:31:32: sas tasks: ['Image Super-Resolution', 'Image Super-Resolution']
04/08/2025, 20:31:32: flatten_tas: [(0, 'Image Super-Resolution'), (1, 'Image Classification')]
04/08/2025, 20:31:32: step 1 app: Image Super-Resolution, tar: Image Classification
04/08/2025, 20:31:32: return sas tasks: ['Image Super-Resolution', 'Image Classification']
04/08/2025, 20:31:32: react launch api for thought.
04/08/2025, 20:31:32: Target step 5 thought prompt token: 422
04/08/2025, 20:31:38: Target step 5 thought generation token: 240
04/08/2025, 20:31:38: react launch api for response.
04/08/2025, 20:31:38: Target step 5 response prompt token: 689
04/08/2025, 20:31:39: Target step 5 response generation token: 8
04/08/2025, 20:31:39: Target: Step 5 - Object Detection
04/08/2025, 20:31:39: Intermediate Target Step 5 - Object Detection -gen 248 -prompt 1111
04/08/2025, 20:31:39: Target: Step 5 -time 7.1
04/08/2025, 20:31:39: Mismatch at 0. Cancel starts. 
04/08/2025, 20:31:39: sas tasks: ['Image Classification']
04/08/2025, 20:31:39: flatten_tas: [(0, 'Object Detection')]
04/08/2025, 20:31:39: step 0 app: Image Classification, tar: Object Detection
04/08/2025, 20:31:39: return sas tasks: ['Object Detection']
04/08/2025, 20:31:39: react launch api for thought.
04/08/2025, 20:31:39: Target step 6 thought prompt token: 429
04/08/2025, 20:31:47: Target step 6 thought generation token: 295
04/08/2025, 20:31:47: react launch api for response.
04/08/2025, 20:31:47: Target step 6 response prompt token: 751
04/08/2025, 20:31:49: Target step 6 response generation token: 9
04/08/2025, 20:31:49: Target: Step 6 - Image Captioning
04/08/2025, 20:31:49: Intermediate Target Step 6 - Image Captioning -gen 304 -prompt 1180
04/08/2025, 20:31:49: Target: Step 6 -time 9.55
04/08/2025, 20:31:49: Mismatch at 0. Cancel starts. 
04/08/2025, 20:31:49: sas tasks: ['Colorization']
04/08/2025, 20:31:49: flatten_tas: [(0, 'Image Captioning')]
04/08/2025, 20:31:49: step 0 app: Colorization, tar: Image Captioning
04/08/2025, 20:31:49: return sas tasks: ['Image Captioning']
04/08/2025, 20:31:49: react launch api for thought.
04/08/2025, 20:31:49: Target step 7 thought prompt token: 437
04/08/2025, 20:31:56: Target step 7 thought generation token: 279
04/08/2025, 20:31:56: react launch api for response.
04/08/2025, 20:31:56: Target step 7 response prompt token: 743
04/08/2025, 20:31:57: Target step 7 response generation token: 10
04/08/2025, 20:31:57: Target: Step 7 - Visual Question Answering
04/08/2025, 20:31:57: Intermediate Target Step 7 - Visual Question Answering -gen 289 -prompt 1180
04/08/2025, 20:31:57: Target: Step 7 -time 8.43
04/08/2025, 20:31:57: Mismatch at 0. Cancel starts. 
04/08/2025, 20:31:57: sas tasks: ['Visual Question Answering']
04/08/2025, 20:31:57: flatten_tas: [(0, 'Visual Question Answering')]
04/08/2025, 20:31:57: return sas tasks: ['Visual Question Answering']
04/08/2025, 20:31:57: react launch api for thought.
04/08/2025, 20:31:57: Target step 8 thought prompt token: 446
04/08/2025, 20:32:03: Target step 8 thought generation token: 244
04/08/2025, 20:32:03: react launch api for response.
04/08/2025, 20:32:03: Target step 8 response prompt token: 717
04/08/2025, 20:32:05: Target step 8 response generation token: 9
04/08/2025, 20:32:05: Target: Step 8 - TERMINATE
04/08/2025, 20:32:05: Intermediate Target Step 8 - TERMINATE -gen 253 -prompt 1163
04/08/2025, 20:32:05: Target: Step 8 -time 7.74
04/08/2025, 20:32:05: Mismatch at 0. Cancel starts. 
04/08/2025, 20:32:05: sas tasks: ['TERMINATE']
04/08/2025, 20:32:05: flatten_tas: [(0, 'TERMINATE')]
04/08/2025, 20:32:05: return sas tasks: ['TERMINATE']
