04/08/2025, 20:36:42: task description: Given low-resolutioned noisy blurry grayscale image, how to return the class label in German step by step?
04/08/2025, 20:36:42: react launch api for thought.
04/08/2025, 20:36:42: Target step 1 thought prompt token: 389
04/08/2025, 20:36:43: react launch api for thought.
04/08/2025, 20:36:43: Target step 2 thought prompt token: 404
04/08/2025, 20:36:46: Target step 1 thought generation token: 119
04/08/2025, 20:36:46: react launch api for response.
04/08/2025, 20:36:46: Target step 1 response prompt token: 535
04/08/2025, 20:36:47: react launch api for thought.
04/08/2025, 20:36:47: Target step 3 thought prompt token: 413
04/08/2025, 20:36:47: Target step 1 response generation token: 10
04/08/2025, 20:36:47: Target: Step 1 - Image Denoising
04/08/2025, 20:36:47: Intermediate Target Step 1 - Image Denoising -gen 129 -prompt 924
04/08/2025, 20:36:47: Target: Step 1 -time 4.91
04/08/2025, 20:36:47: react launch api for thought.
04/08/2025, 20:36:48: Target step 4 thought prompt token: 422
04/08/2025, 20:36:48: Target step 2 thought generation token: 83
04/08/2025, 20:36:48: react launch api for response.
04/08/2025, 20:36:48: Target step 2 response prompt token: 514
04/08/2025, 20:36:49: Target step 2 response generation token: 10
04/08/2025, 20:36:49: Target: Step 2 - Image Deblurring
04/08/2025, 20:36:49: Intermediate Target Step 2 - Image Deblurring -gen 93 -prompt 918
04/08/2025, 20:36:49: Target: Step 2 -time 5.39
04/08/2025, 20:36:51: Target step 3 thought generation token: 114
04/08/2025, 20:36:51: react launch api for response.
04/08/2025, 20:36:51: Target step 3 response prompt token: 554
04/08/2025, 20:36:52: Target step 3 response generation token: 10
04/08/2025, 20:36:52: Target: Step 3 - Image Super-Resolution
04/08/2025, 20:36:52: Intermediate Target Step 3 - Image Super-Resolution -gen 124 -prompt 967
04/08/2025, 20:36:52: Target: Step 3 -time 5.36
04/08/2025, 20:36:55: Target step 4 thought generation token: 222
04/08/2025, 20:36:55: react launch api for response.
04/08/2025, 20:36:55: Target step 4 response prompt token: 671
04/08/2025, 20:36:57: Target step 4 response generation token: 8
04/08/2025, 20:36:57: Target: Step 4 - Image Classification
04/08/2025, 20:36:57: Intermediate Target Step 4 - Image Classification -gen 230 -prompt 1093
04/08/2025, 20:36:57: Target: Step 4 -time 9.37
04/08/2025, 20:36:57: Mismatch at 3. Cancel starts. 
04/08/2025, 20:36:57: sas tasks: ['Image Denoising', 'Image Deblurring', 'Image Super-Resolution', 'Image Classification']
04/08/2025, 20:36:57: flatten_tas: [(0, 'Image Denoising'), (1, 'Image Deblurring'), (2, 'Image Super-Resolution'), (3, 'Image Classification')]
04/08/2025, 20:36:57: return sas tasks: ['Image Denoising', 'Image Deblurring', 'Image Super-Resolution', 'Image Classification']
04/08/2025, 20:36:57: react launch api for thought.
04/08/2025, 20:36:57: Target step 5 thought prompt token: 429
04/08/2025, 20:37:04: Target step 5 thought generation token: 274
04/08/2025, 20:37:04: react launch api for response.
04/08/2025, 20:37:04: Target step 5 response prompt token: 730
04/08/2025, 20:37:05: Target step 5 response generation token: 8
04/08/2025, 20:37:05: Target: Step 5 - Machine Translation
04/08/2025, 20:37:05: Intermediate Target Step 5 - Machine Translation -gen 282 -prompt 1159
04/08/2025, 20:37:05: Target: Step 5 -time 8.46
04/08/2025, 20:37:05: Mismatch at 0. Cancel starts. 
04/08/2025, 20:37:05: sas tasks: ['Machine Translation']
04/08/2025, 20:37:05: flatten_tas: [(0, 'Machine Translation')]
04/08/2025, 20:37:05: return sas tasks: ['Machine Translation']
04/08/2025, 20:37:05: react launch api for thought.
04/08/2025, 20:37:05: Target step 6 thought prompt token: 436
04/08/2025, 20:37:05: react launch api for thought.
04/08/2025, 20:37:05: Target step 6 thought prompt token: 436
04/08/2025, 20:37:13: Target step 6 thought generation token: 246
04/08/2025, 20:37:13: react launch api for response.
04/08/2025, 20:37:13: Target step 6 response prompt token: 709
04/08/2025, 20:37:14: Target step 6 response generation token: 9
04/08/2025, 20:37:14: Target: Step 6 - TERMINATE
04/08/2025, 20:37:14: Intermediate Target Step 6 - TERMINATE -gen 255 -prompt 1145
04/08/2025, 20:37:14: Target: Step 6 -time 8.74
04/08/2025, 20:37:14: Mismatch at 0. Cancel starts. 
04/08/2025, 20:37:14: sas tasks: ['TERMINATE']
04/08/2025, 20:37:14: flatten_tas: [(0, 'TERMINATE')]
04/08/2025, 20:37:14: return sas tasks: ['TERMINATE']
