04/08/2025, 20:38:46: task description: Given low-resolutioned noisy blurry grayscale image, how to return the caption in English step by step?
04/08/2025, 20:38:46: react launch api for thought.
04/08/2025, 20:38:46: Target step 1 thought prompt token: 388
04/08/2025, 20:38:48: react launch api for thought.
04/08/2025, 20:38:48: Target step 2 thought prompt token: 403
04/08/2025, 20:38:49: Target step 1 thought generation token: 125
04/08/2025, 20:38:49: react launch api for response.
04/08/2025, 20:38:49: Target step 1 response prompt token: 540
04/08/2025, 20:38:50: Target step 1 response generation token: 10
04/08/2025, 20:38:50: Target: Step 1 - Image Deblurring
04/08/2025, 20:38:50: Intermediate Target Step 1 - Image Deblurring -gen 135 -prompt 928
04/08/2025, 20:38:50: Target: Step 1 -time 4.42
04/08/2025, 20:38:50: Mismatch at 0. Cancel starts. 
04/08/2025, 20:38:50: Cancel task 2
04/08/2025, 20:38:50: sas tasks: ['Image Denoising', 'Image Deblurring']
04/08/2025, 20:38:50: flatten_tas: [(0, 'Image Deblurring')]
04/08/2025, 20:38:50: step 0 app: Image Denoising, tar: Image Deblurring
04/08/2025, 20:38:50: return sas tasks: ['Image Deblurring']
04/08/2025, 20:38:50: react launch api for thought.
04/08/2025, 20:38:50: Target step 2 thought prompt token: 403
04/08/2025, 20:38:51: react launch api for thought.
04/08/2025, 20:38:51: Target step 3 thought prompt token: 412
04/08/2025, 20:38:53: Target step 2 thought generation token: 85
04/08/2025, 20:38:53: react launch api for response.
04/08/2025, 20:38:53: Target step 2 response prompt token: 515
04/08/2025, 20:38:56: Target step 3 thought generation token: 143
04/08/2025, 20:38:56: react launch api for response.
04/08/2025, 20:38:56: Target step 3 response prompt token: 582
04/08/2025, 20:38:57: Target step 3 response generation token: 10
04/08/2025, 20:38:57: Intermediate Target Step 3 - Image Super-Resolution -gen 153 -prompt 994
04/08/2025, 20:38:57: Target: Step 3 -time 5.27
04/08/2025, 20:38:57: Mismatch at 1. Cancel starts. 
04/08/2025, 20:38:57: Target step 2 response generation token: 10
04/08/2025, 20:38:57: Target: Step 2 - Image Denoising
04/08/2025, 20:38:57: Target: Step 3 - Image Super-Resolution
04/08/2025, 20:38:57: Intermediate Target Step 2 - Image Denoising -gen 95 -prompt 918
04/08/2025, 20:38:57: Target: Step 2 -time 6.82
04/08/2025, 20:38:57: sas tasks: ['Image Denoising', 'Image Super-Resolution']
04/08/2025, 20:38:57: flatten_tas: [(0, 'Image Denoising'), (1, 'Image Super-Resolution')]
04/08/2025, 20:38:57: return sas tasks: ['Image Denoising', 'Image Super-Resolution']
04/08/2025, 20:38:57: react launch api for thought.
04/08/2025, 20:38:57: Target step 4 thought prompt token: 421
04/08/2025, 20:38:58: react launch api for thought.
04/08/2025, 20:38:58: Target step 5 thought prompt token: 429
04/08/2025, 20:39:03: Target step 4 thought generation token: 151
04/08/2025, 20:39:03: react launch api for response.
04/08/2025, 20:39:03: Target step 4 response prompt token: 599
04/08/2025, 20:39:04: Target step 4 response generation token: 9
04/08/2025, 20:39:04: Target: Step 4 - Image Captioning
04/08/2025, 20:39:04: Intermediate Target Step 4 - Image Captioning -gen 160 -prompt 1020
04/08/2025, 20:39:04: Target: Step 4 -time 6.71
04/08/2025, 20:39:10: Target step 5 thought generation token: 318
04/08/2025, 20:39:10: react launch api for response.
04/08/2025, 20:39:10: Target step 5 response prompt token: 774
04/08/2025, 20:39:11: Target step 5 response generation token: 9
04/08/2025, 20:39:11: Target: Step 5 - TERMINATE
04/08/2025, 20:39:11: Intermediate Target Step 5 - TERMINATE -gen 327 -prompt 1203
04/08/2025, 20:39:11: Target: Step 5 -time 13.01
04/08/2025, 20:39:11: Mismatch at 1. Cancel starts. 
04/08/2025, 20:39:11: sas tasks: ['Image Captioning', 'Image Captioning']
04/08/2025, 20:39:11: flatten_tas: [(0, 'Image Captioning'), (1, 'TERMINATE')]
04/08/2025, 20:39:11: step 1 app: Image Captioning, tar: TERMINATE
04/08/2025, 20:39:11: return sas tasks: ['Image Captioning', 'TERMINATE']
