04/08/2025, 20:39:11: task description: Given low-resolutioned noisy blurry grayscale image, how to return the class label in English step by step?
04/08/2025, 20:39:11: react launch api for thought.
04/08/2025, 20:39:11: Target step 1 thought prompt token: 389
04/08/2025, 20:39:14: react launch api for thought.
04/08/2025, 20:39:14: Target step 2 thought prompt token: 404
04/08/2025, 20:39:15: Target step 1 thought generation token: 103
04/08/2025, 20:39:15: react launch api for response.
04/08/2025, 20:39:15: Target step 1 response prompt token: 519
04/08/2025, 20:39:16: Target step 1 response generation token: 10
04/08/2025, 20:39:16: Target: Step 1 - Image Super-Resolution
04/08/2025, 20:39:17: Cancel Task 2
04/08/2025, 20:39:17: Intermediate Target Step 1 - Image Super-Resolution -gen 113 -prompt 908
04/08/2025, 20:39:17: Target: Step 1 -time 5.92
04/08/2025, 20:39:17: Mismatch at 0. Cancel starts. 
04/08/2025, 20:39:17: sas tasks: ['Image Denoising', 'Image Deblurring']
04/08/2025, 20:39:17: flatten_tas: [(0, 'Image Super-Resolution')]
04/08/2025, 20:39:17: step 0 app: Image Denoising, tar: Image Super-Resolution
04/08/2025, 20:39:17: return sas tasks: ['Image Super-Resolution']
04/08/2025, 20:39:17: react launch api for thought.
04/08/2025, 20:39:17: Target step 2 thought prompt token: 404
04/08/2025, 20:39:18: react launch api for thought.
04/08/2025, 20:39:18: Target step 3 thought prompt token: 413
04/08/2025, 20:39:22: react launch api for thought.
04/08/2025, 20:39:22: Target step 4 thought prompt token: 422
04/08/2025, 20:39:25: Target step 3 thought generation token: 197
04/08/2025, 20:39:25: react launch api for response.
04/08/2025, 20:39:25: Target step 3 response prompt token: 637
04/08/2025, 20:39:26: Target step 2 thought generation token: 106
04/08/2025, 20:39:26: react launch api for response.
04/08/2025, 20:39:26: Target step 2 response prompt token: 537
04/08/2025, 20:39:26: Target step 3 response generation token: 10
04/08/2025, 20:39:26: Intermediate Target Step 3 - Image Denoising -gen 207 -prompt 1050
04/08/2025, 20:39:26: Target: Step 3 -time 7.78
04/08/2025, 20:39:27: Target step 2 response generation token: 10
04/08/2025, 20:39:27: Target: Step 2 - Image Denoising
04/08/2025, 20:39:27: Intermediate Target Step 2 - Image Denoising -gen 116 -prompt 941
04/08/2025, 20:39:27: Target: Step 2 -time 9.28
04/08/2025, 20:39:27: Mismatch at 0. Cancel starts. 
04/08/2025, 20:39:27: Cancel task 4
04/08/2025, 20:39:27: sas tasks: ['Image Deblurring', 'Image Denoising', 'Image Classification']
04/08/2025, 20:39:27: flatten_tas: [(0, 'Image Denoising'), (1, 'Image Denoising')]
04/08/2025, 20:39:27: step 0 app: Image Deblurring, tar: Image Denoising
04/08/2025, 20:39:27: return sas tasks: ['Image Denoising']
04/08/2025, 20:39:27: react launch api for thought.
04/08/2025, 20:39:27: Target step 3 thought prompt token: 413
04/08/2025, 20:39:28: react launch api for thought.
04/08/2025, 20:39:28: Target step 4 thought prompt token: 422
04/08/2025, 20:39:29: Target step 3 thought generation token: 89
04/08/2025, 20:39:29: react launch api for response.
04/08/2025, 20:39:29: Target step 3 response prompt token: 529
04/08/2025, 20:39:30: Target step 3 response generation token: 10
04/08/2025, 20:39:30: Target: Step 3 - Image Deblurring
04/08/2025, 20:39:30: Intermediate Target Step 3 - Image Deblurring -gen 99 -prompt 942
04/08/2025, 20:39:30: Target: Step 3 -time 3.5
04/08/2025, 20:39:34: Target step 4 thought generation token: 154
04/08/2025, 20:39:34: react launch api for response.
04/08/2025, 20:39:34: Target step 4 response prompt token: 603
04/08/2025, 20:39:35: Target step 4 response generation token: 8
04/08/2025, 20:39:35: Target: Step 4 - Image Classification
04/08/2025, 20:39:35: Intermediate Target Step 4 - Image Classification -gen 162 -prompt 1025
04/08/2025, 20:39:35: Target: Step 4 -time 7.02
04/08/2025, 20:39:35: Mismatch at 1. Cancel starts. 
04/08/2025, 20:39:35: sas tasks: ['Image Deblurring', 'Image Classification']
04/08/2025, 20:39:35: flatten_tas: [(0, 'Image Deblurring'), (1, 'Image Classification')]
04/08/2025, 20:39:35: return sas tasks: ['Image Deblurring', 'Image Classification']
04/08/2025, 20:39:35: react launch api for thought.
04/08/2025, 20:39:35: Target step 5 thought prompt token: 429
04/08/2025, 20:39:46: Target step 5 thought generation token: 312
04/08/2025, 20:39:46: react launch api for response.
04/08/2025, 20:39:46: Target step 5 response prompt token: 768
04/08/2025, 20:39:47: Target step 5 response generation token: 9
04/08/2025, 20:39:47: Target: Step 5 - TERMINATE
04/08/2025, 20:39:47: Intermediate Target Step 5 - TERMINATE -gen 321 -prompt 1197
04/08/2025, 20:39:47: Target: Step 5 -time 12.14
04/08/2025, 20:39:47: Mismatch at 1. Cancel starts. 
04/08/2025, 20:39:47: sas tasks: ['TERMINATE']
04/08/2025, 20:39:47: flatten_tas: [(0, 'TERMINATE')]
04/08/2025, 20:39:47: return sas tasks: ['TERMINATE']
