04/08/2025, 20:35:54: task description: Given low-resolutioned noisy blurry grayscale image, how to return the caption in German step by step?
04/08/2025, 20:35:54: react launch api for thought.
04/08/2025, 20:35:54: Target step 1 thought prompt token: 388
04/08/2025, 20:36:00: Target step 1 thought generation token: 173
04/08/2025, 20:36:00: react launch api for response.
04/08/2025, 20:36:00: Target step 1 response prompt token: 588
04/08/2025, 20:36:01: Target step 1 response generation token: 10
04/08/2025, 20:36:01: Target: Step 1 - Image Super-Resolution
04/08/2025, 20:36:01: Intermediate Target Step 1 - Image Super-Resolution -gen 183 -prompt 976
04/08/2025, 20:36:01: Target: Step 1 -time 6.65
04/08/2025, 20:36:01: Mismatch at 0. Cancel starts. 
04/08/2025, 20:36:01: sas tasks: ['Image Denoising']
04/08/2025, 20:36:01: flatten_tas: [(0, 'Image Super-Resolution')]
04/08/2025, 20:36:01: step 0 app: Image Denoising, tar: Image Super-Resolution
04/08/2025, 20:36:01: return sas tasks: ['Image Super-Resolution']
04/08/2025, 20:36:01: react launch api for thought.
04/08/2025, 20:36:01: Target step 2 thought prompt token: 403
04/08/2025, 20:36:04: Target step 2 thought generation token: 82
04/08/2025, 20:36:04: react launch api for response.
04/08/2025, 20:36:04: Target step 2 response prompt token: 512
04/08/2025, 20:36:05: Target step 2 response generation token: 10
04/08/2025, 20:36:05: Target: Step 2 - Image Denoising
04/08/2025, 20:36:05: Intermediate Target Step 2 - Image Denoising -gen 92 -prompt 915
04/08/2025, 20:36:05: Target: Step 2 -time 4.21
04/08/2025, 20:36:05: Mismatch at 0. Cancel starts. 
04/08/2025, 20:36:05: sas tasks: ['Image Deblurring']
04/08/2025, 20:36:05: flatten_tas: [(0, 'Image Denoising')]
04/08/2025, 20:36:05: step 0 app: Image Deblurring, tar: Image Denoising
04/08/2025, 20:36:05: return sas tasks: ['Image Denoising']
04/08/2025, 20:36:05: react launch api for thought.
04/08/2025, 20:36:05: Target step 3 thought prompt token: 412
04/08/2025, 20:36:06: react launch api for thought.
04/08/2025, 20:36:06: Target step 4 thought prompt token: 421
04/08/2025, 20:36:11: Target step 3 thought generation token: 130
04/08/2025, 20:36:11: react launch api for response.
04/08/2025, 20:36:11: Target step 3 response prompt token: 569
04/08/2025, 20:36:12: Target step 3 response generation token: 10
04/08/2025, 20:36:12: Target: Step 3 - Image Deblurring
04/08/2025, 20:36:12: Intermediate Target Step 3 - Image Deblurring -gen 140 -prompt 981
04/08/2025, 20:36:12: Target: Step 3 -time 6.59
04/08/2025, 20:36:12: Target step 4 thought generation token: 143
04/08/2025, 20:36:12: react launch api for response.
04/08/2025, 20:36:12: Target step 4 response prompt token: 591
04/08/2025, 20:36:13: Target step 4 response generation token: 9
04/08/2025, 20:36:13: Target: Step 4 - Image Captioning
04/08/2025, 20:36:13: Intermediate Target Step 4 - Image Captioning -gen 152 -prompt 1012
04/08/2025, 20:36:13: Target: Step 4 -time 6.43
04/08/2025, 20:36:13: Mismatch at 1. Cancel starts. 
04/08/2025, 20:36:13: sas tasks: ['Image Deblurring', 'Image Captioning']
04/08/2025, 20:36:13: flatten_tas: [(0, 'Image Deblurring'), (1, 'Image Captioning')]
04/08/2025, 20:36:13: return sas tasks: ['Image Deblurring', 'Image Captioning']
04/08/2025, 20:36:13: react launch api for thought.
04/08/2025, 20:36:13: Target step 5 thought prompt token: 429
04/08/2025, 20:36:19: Target step 5 thought generation token: 210
04/08/2025, 20:36:19: react launch api for response.
04/08/2025, 20:36:19: Target step 5 response prompt token: 666
04/08/2025, 20:36:20: Target step 5 response generation token: 8
04/08/2025, 20:36:20: Target: Step 5 - Machine Translation
04/08/2025, 20:36:20: Intermediate Target Step 5 - Machine Translation -gen 218 -prompt 1095
04/08/2025, 20:36:20: Target: Step 5 -time 7.02
04/08/2025, 20:36:20: Mismatch at 0. Cancel starts. 
04/08/2025, 20:36:20: sas tasks: ['Machine Translation']
04/08/2025, 20:36:20: flatten_tas: [(0, 'Machine Translation')]
04/08/2025, 20:36:20: return sas tasks: ['Machine Translation']
04/08/2025, 20:36:20: react launch api for thought.
04/08/2025, 20:36:20: Target step 6 thought prompt token: 436
04/08/2025, 20:36:29: Target step 6 thought generation token: 259
04/08/2025, 20:36:29: react launch api for response.
04/08/2025, 20:36:29: Target step 6 response prompt token: 722
04/08/2025, 20:36:30: Target step 6 response generation token: 8
04/08/2025, 20:36:30: Target: Step 6 - Fill Mask
04/08/2025, 20:36:30: Intermediate Target Step 6 - Fill Mask -gen 267 -prompt 1158
04/08/2025, 20:36:30: Target: Step 6 -time 10.16
04/08/2025, 20:36:30: Mismatch at 0. Cancel starts. 
04/08/2025, 20:36:30: sas tasks: ['TERMINATE']
04/08/2025, 20:36:30: flatten_tas: [(0, 'Fill Mask')]
04/08/2025, 20:36:30: step 0 app: TERMINATE, tar: Fill Mask
04/08/2025, 20:36:30: return sas tasks: ['Fill Mask']
04/08/2025, 20:36:30: react launch api for thought.
04/08/2025, 20:36:30: Target step 7 thought prompt token: 443
04/08/2025, 20:36:41: Target step 7 thought generation token: 275
04/08/2025, 20:36:41: react launch api for response.
04/08/2025, 20:36:41: Target step 7 response prompt token: 745
04/08/2025, 20:36:42: Target step 7 response generation token: 9
04/08/2025, 20:36:42: Target: Step 7 - TERMINATE
04/08/2025, 20:36:42: Intermediate Target Step 7 - TERMINATE -gen 284 -prompt 1188
04/08/2025, 20:36:42: Target: Step 7 -time 11.68
04/08/2025, 20:36:42: Mismatch at 0. Cancel starts. 
04/08/2025, 20:36:42: sas tasks: ['Fill Mask']
04/08/2025, 20:36:42: flatten_tas: [(0, 'TERMINATE')]
04/08/2025, 20:36:42: step 0 app: Fill Mask, tar: TERMINATE
04/08/2025, 20:36:42: return sas tasks: ['TERMINATE']
