04/08/2025, 22:36:52: task description: Given low-resolutioned image, how to return the regular image step by step?
04/08/2025, 22:36:52: Approximation: Step 1 -prompt token 366
04/08/2025, 22:36:53: Predictor time: 0.63s
04/08/2025, 22:36:53: Predict K: 1
04/08/2025, 22:36:54: Approximation: Step 1 - Image Super-Resolution -time 1.84 -token 10
04/08/2025, 22:36:58: Approximation: Step 2 -prompt token 387
04/08/2025, 22:36:59: Predictor time: 0.89s
04/08/2025, 22:36:59: Predict K: 2
04/08/2025, 22:36:59: Approximation: Step 2 - TERMINATE -time 1.49 -token 9
04/08/2025, 22:37:03: Approximation: Step 3 -prompt token 409
04/08/2025, 22:37:04: Predictor time: 0.69s
04/08/2025, 22:37:04: Predict K: 1
04/08/2025, 22:37:04: Approximation: Step 3 - Image Deblurring -time 0.99 -token 10
04/08/2025, 22:37:11: Approximation: Step 4 -prompt token 424
04/08/2025, 22:37:12: Predictor time: 1.08s
04/08/2025, 22:37:12: Predict K: 1
04/08/2025, 22:37:12: Approximation: Step 4 - TERMINATE -time 1.5 -token 9
04/08/2025, 22:37:32: Approximation: Step 5 -prompt token 442
04/08/2025, 22:37:32: Predictor time: 0.33s
04/08/2025, 22:37:32: Predict K: 1
04/08/2025, 22:37:34: Approximation: Step 5 - TERMINATE -time 1.54 -token 9
04/08/2025, 22:37:41: Approximation: Step 6 -prompt token 460
04/08/2025, 22:37:42: Predictor time: 0.73s
04/08/2025, 22:37:42: Predict K: 1
04/08/2025, 22:37:43: Approximation: Step 6 - Visual Question Answering -time 1.68 -token 10
04/08/2025, 22:37:51: Approximation: Step 7 -prompt token 482
04/08/2025, 22:37:52: Predictor time: 0.87s
04/08/2025, 22:37:52: Predict K: 2
04/08/2025, 22:37:54: Approximation: Step 7 - Visual Question Answering -time 2.66 -token 10
04/08/2025, 22:37:54: Approximation: Step 8 -prompt token 491
04/08/2025, 22:37:55: Approximation: Step 8 - TERMINATE -time 0.89 -token 9
04/08/2025, 22:38:06: Approximation: Step 9 -prompt token 515
04/08/2025, 22:38:07: Predictor time: 0.4s
04/08/2025, 22:38:07: Predict K: 1
04/08/2025, 22:38:08: Approximation: Step 9 - Object Detection -time 1.61 -token 8
04/08/2025, 22:38:17: Approximation: Step 10 -prompt token 539
04/08/2025, 22:38:18: Predictor time: 0.5s
04/08/2025, 22:38:18: Predict K: 1
04/08/2025, 22:38:19: Approximation: Step 10 - TERMINATE -time 2.08 -token 9
04/08/2025, 22:38:32: Approximation: Step 11 -prompt token 557
04/08/2025, 22:38:33: Predictor time: 0.55s
04/08/2025, 22:38:33: Predict K: 1
04/08/2025, 22:38:34: Approximation: Step 11 - TERMINATE -time 1.84 -token 9
