04/08/2025, 22:43:12: task description: Given low-resolutioned noisy blurry grayscale image, how to return the object names in English step by step?
04/08/2025, 22:43:12: Approximation: Step 1 -prompt token 371
04/08/2025, 22:43:12: Predictor time: 0.4s
04/08/2025, 22:43:12: Predict K: 1
04/08/2025, 22:43:13: Approximation: Step 1 - Image Denoising -time 1.51 -token 10
04/08/2025, 22:43:16: Approximation: Step 2 -prompt token 401
04/08/2025, 22:43:17: Predictor time: 0.8s
04/08/2025, 22:43:17: Predict K: 0
04/08/2025, 22:43:18: Approximation: Step 2 - Image Denoising -time 1.45 -token 10
04/08/2025, 22:43:21: Approximation: Step 3 -prompt token 416
04/08/2025, 22:43:22: Predictor time: 0.46s
04/08/2025, 22:43:22: Predict K: 0
04/08/2025, 22:43:22: Approximation: Step 3 - Image Super-Resolution -time 1.36 -token 10
04/08/2025, 22:43:27: Approximation: Step 4 -prompt token 431
04/08/2025, 22:43:27: Predictor time: 0.36s
04/08/2025, 22:43:27: Predict K: 1
04/08/2025, 22:43:28: Approximation: Step 4 - Object Detection -time 1.03 -token 8
04/08/2025, 22:43:37: Approximation: Step 5 -prompt token 444
04/08/2025, 22:43:37: Predictor time: 0.5s
04/08/2025, 22:43:37: Predict K: 0
04/08/2025, 22:43:38: Approximation: Step 5 - Image Classification -time 1.53 -token 8
04/08/2025, 22:43:47: Approximation: Step 6 -prompt token 464
04/08/2025, 22:43:47: Predictor time: 0.45s
04/08/2025, 22:43:47: Predict K: 1
04/08/2025, 22:43:49: Approximation: Step 6 - TERMINATE -time 2.23 -token 9
04/08/2025, 22:44:02: Approximation: Step 7 -prompt token 486
04/08/2025, 22:44:02: Predictor time: 0.54s
04/08/2025, 22:44:02: Predict K: 1
04/08/2025, 22:44:06: Approximation: Step 7 - TERMINATE -time 4.1 -token 9
