04/08/2025, 22:35:48: task description: Given noisy image, how to return the regular image step by step?
04/08/2025, 22:35:48: Approximation: Step 1 -prompt token 364
04/08/2025, 22:35:49: Predictor time: 0.74s
04/08/2025, 22:35:49: Predict K: 1
04/08/2025, 22:35:50: Approximation: Step 1 - Image Denoising -time 1.46 -token 10
04/08/2025, 22:35:53: Approximation: Step 2 -prompt token 385
04/08/2025, 22:35:53: Predictor time: 0.31s
04/08/2025, 22:35:53: Predict K: 1
04/08/2025, 22:35:54: Approximation: Step 2 - Image Deblurring -time 1.08 -token 10
04/08/2025, 22:36:00: Approximation: Step 3 -prompt token 400
04/08/2025, 22:36:01: Predictor time: 0.73s
04/08/2025, 22:36:01: Predict K: 1
04/08/2025, 22:36:02: Approximation: Step 3 - Image Super-Resolution -time 1.67 -token 10
04/08/2025, 22:36:06: Approximation: Step 4 -prompt token 415
04/08/2025, 22:36:07: Predictor time: 0.86s
04/08/2025, 22:36:07: Predict K: 1
04/08/2025, 22:36:07: Approximation: Step 4 - Colorization -time 0.94 -token 8
04/08/2025, 22:36:20: Approximation: Step 5 -prompt token 433
04/08/2025, 22:36:20: Predictor time: 0.56s
04/08/2025, 22:36:20: Predict K: 1
04/08/2025, 22:36:28: Approximation: Step 5 - Colorization -time 8.15 -token 8
04/08/2025, 22:36:41: Approximation: Step 6 -prompt token 453
04/08/2025, 22:36:41: Predictor time: 0.29s
04/08/2025, 22:36:41: Predict K: 2
04/08/2025, 22:36:43: Approximation: Step 6 - Visual Question Answering -time 1.64 -token 10
04/08/2025, 22:36:43: Approximation: Step 7 -prompt token 462
04/08/2025, 22:36:43: Approximation: Step 7 - Colorization -time 0.94 -token 8
