04/08/2025, 22:42:08: task description: Given low-resolutioned noisy blurry grayscale image, how to return the caption in English step by step?
04/08/2025, 22:42:08: Approximation: Step 1 -prompt token 370
04/08/2025, 22:42:09: Predictor time: 0.42s
04/08/2025, 22:42:09: Predict K: 1
04/08/2025, 22:42:10: Approximation: Step 1 - Image Denoising -time 1.54 -token 10
04/08/2025, 22:42:15: Approximation: Step 2 -prompt token 391
04/08/2025, 22:42:15: Predictor time: 0.86s
04/08/2025, 22:42:15: Predict K: 1
04/08/2025, 22:42:16: Approximation: Step 2 - Image Deblurring -time 0.96 -token 10
04/08/2025, 22:42:19: Approximation: Step 3 -prompt token 406
04/08/2025, 22:42:20: Predictor time: 0.5s
04/08/2025, 22:42:20: Predict K: 1
04/08/2025, 22:42:20: Approximation: Step 3 - Image Super-Resolution -time 1.2 -token 10
04/08/2025, 22:42:24: Approximation: Step 4 -prompt token 421
04/08/2025, 22:42:25: Predictor time: 0.84s
04/08/2025, 22:42:25: Predict K: 1
04/08/2025, 22:42:25: Approximation: Step 4 - Image Captioning -time 0.98 -token 9
04/08/2025, 22:42:31: Approximation: Step 5 -prompt token 435
04/08/2025, 22:42:32: Predictor time: 0.3s
04/08/2025, 22:42:32: Predict K: 1
04/08/2025, 22:42:33: Approximation: Step 5 - TERMINATE -time 1.52 -token 9
