04/08/2025, 22:38:44: task description: Given low-resolutioned noisy blurry grayscale image, how to return the caption in German step by step?
04/08/2025, 22:38:44: Approximation: Step 1 -prompt token 370
04/08/2025, 22:38:44: Predictor time: 0.35s
04/08/2025, 22:38:44: Predict K: 1
04/08/2025, 22:38:45: Approximation: Step 1 - Image Denoising -time 1.63 -token 10
04/08/2025, 22:38:51: Approximation: Step 2 -prompt token 400
04/08/2025, 22:38:51: Predictor time: 0.64s
04/08/2025, 22:38:51: Predict K: 1
04/08/2025, 22:38:52: Approximation: Step 2 - Image Deblurring -time 1.45 -token 10
04/08/2025, 22:38:57: Approximation: Step 3 -prompt token 424
04/08/2025, 22:38:58: Approximation: Step 3 - Image Deblurring -time 0.94 -token 10
04/08/2025, 22:38:58: Predictor time: 1.13s
04/08/2025, 22:38:58: Predict K: 1
04/08/2025, 22:39:02: Approximation: Step 4 -prompt token 439
04/08/2025, 22:39:02: Predictor time: 0.47s
04/08/2025, 22:39:02: Predict K: 1
04/08/2025, 22:39:03: Approximation: Step 4 - Image Captioning -time 0.86 -token 9
04/08/2025, 22:39:09: Approximation: Step 5 -prompt token 453
04/08/2025, 22:39:10: Predictor time: 0.67s
04/08/2025, 22:39:10: Predict K: 2
04/08/2025, 22:39:11: Approximation: Step 5 - Machine Translation -time 1.48 -token 8
04/08/2025, 22:39:11: Approximation: Step 6 -prompt token 460
04/08/2025, 22:39:12: Approximation: Step 6 - Machine Translation -time 1.55 -token 8
