04/08/2025, 22:34:02: task description: Given low-resolutioned noisy image, how to return the regular image step by step?
04/08/2025, 22:34:03: in breaking, The approximation agent thinks step 1 should be Image Denoising
04/08/2025, 22:34:06: The target agent thinks step 1 should be Image Denoising, which agrees with the approximation agent.
04/08/2025, 22:34:06: The approximation agent thinks step 2 should be Image Deblurring
04/08/2025, 22:34:11: The target agent thinks step 2 should be Image Super-Resolution, correcting what the approximation agent thinks which is Image Deblurring.
04/08/2025, 22:34:12: in breaking, The approximation agent thinks step 3 should be Image Deblurring
04/08/2025, 22:34:19: The target agent thinks step 3 should be Image Deblurring, which agrees with the approximation agent.
04/08/2025, 22:34:21: in breaking, The approximation agent thinks step 4 should be Colorization
04/08/2025, 22:34:31: The target agent thinks step 4 should be Image Classification, correcting what the approximation agent thinks which is Colorization.
04/08/2025, 22:34:32: in breaking, The approximation agent thinks step 5 should be Colorization
04/08/2025, 22:34:50: The target agent thinks step 5 should be Object Detection, correcting what the approximation agent thinks which is Colorization.
04/08/2025, 22:34:53: in breaking, The approximation agent thinks step 6 should be Colorization
04/08/2025, 22:35:06: The target agent thinks step 6 should be Image Captioning, correcting what the approximation agent thinks which is Colorization.
04/08/2025, 22:35:07: in breaking, The approximation agent thinks step 7 should be Visual Question Answering
04/08/2025, 22:35:15: The target agent thinks step 7 should be Visual Question Answering, which agrees with the approximation agent.
04/08/2025, 22:35:17: in breaking, The approximation agent thinks step 8 should be Colorization
04/08/2025, 22:35:25: The target agent thinks step 8 should be Colorization, which agrees with the approximation agent.
04/08/2025, 22:35:28: in breaking, The approximation agent thinks step 9 should be TERMINATE
04/08/2025, 22:35:36: The target agent thinks step 9 should be Image Super-Resolution, correcting what the approximation agent thinks which is TERMINATE.
04/08/2025, 22:35:37: in breaking, The approximation agent thinks step 10 should be TERMINATE
04/08/2025, 22:35:48: The target agent thinks step 10 should be TERMINATE, which agrees with the approximation agent.
04/08/2025, 22:35:48: 2025-04-08 22:35:48.523895 - 2025-04-08 22:34:02.102828 = 0:01:46.421067
04/08/2025, 22:35:48: final result for the speculative planning ['Image Denoising', 'Image Super-Resolution', 'Image Deblurring', 'Image Classification', 'Object Detection', 'Image Captioning', 'Visual Question Answering', 'Colorization', 'Image Super-Resolution', 'TERMINATE']
04/08/2025, 22:35:48: max concurrent calls: 4
04/08/2025, 22:35:48: total approximation token generation: 100
04/08/2025, 22:35:48: total target token prompt: 11222
04/08/2025, 22:35:48: total target token generation: 2486
04/08/2025, 22:35:48: total target step time: 107.89000000000001
04/08/2025, 22:35:48: total token prompt: 16543
04/08/2025, 22:35:48: total token generation: 2586
04/08/2025, 22:35:48: accuracy of approximation agent: 0.5
04/08/2025, 22:35:48: sp token/step: 258.6
04/08/2025, 22:35:48: naive token/step: 248.6
04/08/2025, 22:35:48: generation token cost increased: 4.02%.
04/08/2025, 22:35:48: sp prompt/step: 1654.3
04/08/2025, 22:35:48: naive prompt/step: 1122.2
04/08/2025, 22:35:48: prompt token cost increased: 47.42%.
04/08/2025, 22:35:48: sp time/step: 10.64
04/08/2025, 22:35:48: naive time/step: 10.79
04/08/2025, 22:35:48: time decreased by: 1.39%.
04/08/2025, 22:35:48: predictor acc: 0.0
04/08/2025, 22:35:48: step number: 10
04/08/2025, 22:35:48: dynamic k
