04/08/2025, 22:43:12: task description: Given low-resolutioned noisy blurry grayscale image, how to return the object names in English step by step?
04/08/2025, 22:43:13: in breaking, The approximation agent thinks step 1 should be Image Denoising
04/08/2025, 22:43:16: The target agent thinks step 1 should be Image Deblurring, correcting what the approximation agent thinks which is Image Denoising.
04/08/2025, 22:43:18: in breaking, The approximation agent thinks step 2 should be Image Denoising
04/08/2025, 22:43:21: The target agent thinks step 2 should be Image Denoising, which agrees with the approximation agent.
04/08/2025, 22:43:22: in breaking, The approximation agent thinks step 3 should be Image Super-Resolution
04/08/2025, 22:43:27: The target agent thinks step 3 should be Image Super-Resolution, which agrees with the approximation agent.
04/08/2025, 22:43:28: in breaking, The approximation agent thinks step 4 should be Object Detection
04/08/2025, 22:43:37: The target agent thinks step 4 should be Object Detection, which agrees with the approximation agent.
04/08/2025, 22:43:38: in breaking, The approximation agent thinks step 5 should be Image Classification
04/08/2025, 22:43:47: The target agent thinks step 5 should be Image Captioning, correcting what the approximation agent thinks which is Image Classification.
04/08/2025, 22:43:49: in breaking, The approximation agent thinks step 6 should be TERMINATE
04/08/2025, 22:44:02: The target agent thinks step 6 should be Visual Question Answering, correcting what the approximation agent thinks which is TERMINATE.
04/08/2025, 22:44:06: in breaking, The approximation agent thinks step 7 should be TERMINATE
04/08/2025, 22:44:18: The target agent thinks step 7 should be TERMINATE, which agrees with the approximation agent.
04/08/2025, 22:44:18: 2025-04-08 22:44:18.602737 - 2025-04-08 22:43:12.392797 = 0:01:06.209940
04/08/2025, 22:44:18: final result for the speculative planning ['Image Deblurring', 'Image Denoising', 'Image Super-Resolution', 'Object Detection', 'Image Captioning', 'Visual Question Answering', 'TERMINATE']
04/08/2025, 22:44:18: max concurrent calls: 4
04/08/2025, 22:44:18: total approximation token generation: 64
04/08/2025, 22:44:18: total target token prompt: 7624
04/08/2025, 22:44:18: total target token generation: 1621
04/08/2025, 22:44:18: total target step time: 66.03999999999999
04/08/2025, 22:44:18: total token prompt: 10637
04/08/2025, 22:44:18: total token generation: 1685
04/08/2025, 22:44:18: accuracy of approximation agent: 0.5714285714285714
04/08/2025, 22:44:18: sp token/step: 240.71
04/08/2025, 22:44:18: naive token/step: 231.57
04/08/2025, 22:44:18: generation token cost increased: 3.95%.
04/08/2025, 22:44:18: sp prompt/step: 1519.57
04/08/2025, 22:44:18: naive prompt/step: 1089.14
04/08/2025, 22:44:18: prompt token cost increased: 39.52%.
04/08/2025, 22:44:18: sp time/step: 9.46
04/08/2025, 22:44:18: naive time/step: 9.43
04/08/2025, 22:44:18: time decreased by: -0.32%.
04/08/2025, 22:44:18: predictor acc: 0.2
04/08/2025, 22:44:18: step number: 7
04/08/2025, 22:44:18: dynamic k
