04/08/2025, 22:42:08: task description: Given low-resolutioned noisy blurry grayscale image, how to return the caption in English step by step?
04/08/2025, 22:42:10: in breaking, The approximation agent thinks step 1 should be Image Denoising
04/08/2025, 22:42:15: The target agent thinks step 1 should be Image Denoising, which agrees with the approximation agent.
04/08/2025, 22:42:16: in breaking, The approximation agent thinks step 2 should be Image Deblurring
04/08/2025, 22:42:19: The target agent thinks step 2 should be Image Deblurring, which agrees with the approximation agent.
04/08/2025, 22:42:20: in breaking, The approximation agent thinks step 3 should be Image Super-Resolution
04/08/2025, 22:42:24: The target agent thinks step 3 should be Image Super-Resolution, which agrees with the approximation agent.
04/08/2025, 22:42:25: in breaking, The approximation agent thinks step 4 should be Image Captioning
04/08/2025, 22:42:31: The target agent thinks step 4 should be Image Captioning, which agrees with the approximation agent.
04/08/2025, 22:42:33: in breaking, The approximation agent thinks step 5 should be TERMINATE
04/08/2025, 22:42:39: The target agent thinks step 5 should be TERMINATE, which agrees with the approximation agent.
04/08/2025, 22:42:39: 2025-04-08 22:42:39.929762 - 2025-04-08 22:42:08.734181 = 0:00:31.195581
04/08/2025, 22:42:39: final result for the speculative planning ['Image Denoising', 'Image Deblurring', 'Image Super-Resolution', 'Image Captioning', 'TERMINATE']
04/08/2025, 22:42:39: max concurrent calls: 3
04/08/2025, 22:42:39: total approximation token generation: 48
04/08/2025, 22:42:39: total target token prompt: 4947
04/08/2025, 22:42:39: total target token generation: 754
04/08/2025, 22:42:39: total target step time: 31.009999999999998
04/08/2025, 22:42:39: total token prompt: 6970
04/08/2025, 22:42:39: total token generation: 802
04/08/2025, 22:42:39: accuracy of approximation agent: 1.0
04/08/2025, 22:42:39: sp token/step: 160.4
04/08/2025, 22:42:39: naive token/step: 150.8
04/08/2025, 22:42:39: generation token cost increased: 6.37%.
04/08/2025, 22:42:39: sp prompt/step: 1394.0
04/08/2025, 22:42:39: naive prompt/step: 989.4
04/08/2025, 22:42:39: prompt token cost increased: 40.89%.
04/08/2025, 22:42:39: sp time/step: 6.24
04/08/2025, 22:42:39: naive time/step: 6.2
04/08/2025, 22:42:39: time decreased by: -0.65%.
04/08/2025, 22:42:39: predictor acc: 0.0
04/08/2025, 22:42:39: step number: 5
04/08/2025, 22:42:39: dynamic k
