04/08/2025, 22:42:40: task description: Given low-resolutioned noisy blurry grayscale image, how to return the class label in English step by step?
04/08/2025, 22:42:41: in breaking, The approximation agent thinks step 1 should be Image Denoising
04/08/2025, 22:42:44: The target agent thinks step 1 should be Image Denoising, which agrees with the approximation agent.
04/08/2025, 22:42:45: in breaking, The approximation agent thinks step 2 should be Image Deblurring
04/08/2025, 22:42:48: The target agent thinks step 2 should be Image Deblurring, which agrees with the approximation agent.
04/08/2025, 22:42:50: in breaking, The approximation agent thinks step 3 should be Image Super-Resolution
04/08/2025, 22:42:56: The target agent thinks step 3 should be Image Super-Resolution, which agrees with the approximation agent.
04/08/2025, 22:42:59: in breaking, The approximation agent thinks step 4 should be Image Classification
04/08/2025, 22:43:02: The target agent thinks step 4 should be Image Classification, which agrees with the approximation agent.
04/08/2025, 22:43:05: in breaking, The approximation agent thinks step 5 should be TERMINATE
04/08/2025, 22:43:12: The target agent thinks step 5 should be TERMINATE, which agrees with the approximation agent.
04/08/2025, 22:43:12: 2025-04-08 22:43:12.370953 - 2025-04-08 22:42:40.033309 = 0:00:32.337644
04/08/2025, 22:43:12: final result for the speculative planning ['Image Denoising', 'Image Deblurring', 'Image Super-Resolution', 'Image Classification', 'TERMINATE']
04/08/2025, 22:43:12: max concurrent calls: 3
04/08/2025, 22:43:12: total approximation token generation: 47
04/08/2025, 22:43:12: total target token prompt: 5007
04/08/2025, 22:43:12: total target token generation: 805
04/08/2025, 22:43:12: total target step time: 32.24
04/08/2025, 22:43:12: total token prompt: 7463
04/08/2025, 22:43:12: total token generation: 852
04/08/2025, 22:43:12: accuracy of approximation agent: 1.0
04/08/2025, 22:43:12: sp token/step: 170.4
04/08/2025, 22:43:12: naive token/step: 161.0
04/08/2025, 22:43:12: generation token cost increased: 5.84%.
04/08/2025, 22:43:12: sp prompt/step: 1492.6
04/08/2025, 22:43:12: naive prompt/step: 1001.4
04/08/2025, 22:43:12: prompt token cost increased: 49.05%.
04/08/2025, 22:43:12: sp time/step: 6.47
04/08/2025, 22:43:12: naive time/step: 6.45
04/08/2025, 22:43:12: time decreased by: -0.31%.
04/08/2025, 22:43:12: predictor acc: 0.0
04/08/2025, 22:43:12: step number: 5
04/08/2025, 22:43:12: dynamic k
