04/08/2025, 22:40:12: task description: Given low-resolutioned noisy blurry grayscale image, how to return the object names in German step by step?
04/08/2025, 22:40:18: in breaking, The approximation agent thinks step 1 should be Image Denoising
04/08/2025, 22:40:18: The target agent thinks step 1 should be Image Denoising, which agrees with the approximation agent.
04/08/2025, 22:40:19: in breaking, The approximation agent thinks step 2 should be Image Deblurring
04/08/2025, 22:40:23: The target agent thinks step 2 should be Image Deblurring, which agrees with the approximation agent.
04/08/2025, 22:40:24: in breaking, The approximation agent thinks step 3 should be Image Super-Resolution
04/08/2025, 22:40:28: The target agent thinks step 3 should be Image Super-Resolution, which agrees with the approximation agent.
04/08/2025, 22:40:29: in breaking, The approximation agent thinks step 4 should be Object Detection
04/08/2025, 22:40:39: The target agent thinks step 4 should be Object Detection, which agrees with the approximation agent.
04/08/2025, 22:40:39: The approximation agent thinks step 5 should be Machine Translation
04/08/2025, 22:40:42: The target agent thinks step 5 should be Machine Translation, which agrees with the approximation agent.
04/08/2025, 22:40:43: in breaking, The approximation agent thinks step 6 should be TERMINATE
04/08/2025, 22:40:54: The target agent thinks step 6 should be Text Summarization, correcting what the approximation agent thinks which is TERMINATE.
04/08/2025, 22:40:57: in breaking, The approximation agent thinks step 7 should be TERMINATE
04/08/2025, 22:41:06: The target agent thinks step 7 should be Image Captioning, correcting what the approximation agent thinks which is TERMINATE.
04/08/2025, 22:41:08: in breaking, The approximation agent thinks step 8 should be TERMINATE
04/08/2025, 22:41:25: The target agent thinks step 8 should be Machine Translation, correcting what the approximation agent thinks which is TERMINATE.
04/08/2025, 22:41:34: in breaking, The approximation agent thinks step 9 should be TERMINATE
04/08/2025, 22:41:40: The target agent thinks step 9 should be Object Detection, correcting what the approximation agent thinks which is TERMINATE.
04/08/2025, 22:41:42: in breaking, The approximation agent thinks step 10 should be Machine Translation
04/08/2025, 22:41:59: The target agent thinks step 10 should be Machine Translation, which agrees with the approximation agent.
04/08/2025, 22:42:02: in breaking, The approximation agent thinks step 11 should be TERMINATE
04/08/2025, 22:42:08: The target agent thinks step 11 should be TERMINATE, which agrees with the approximation agent.
04/08/2025, 22:42:08: 2025-04-08 22:42:08.703319 - 2025-04-08 22:40:12.141575 = 0:01:56.561744
04/08/2025, 22:42:08: final result for the speculative planning ['Image Denoising', 'Image Deblurring', 'Image Super-Resolution', 'Object Detection', 'Machine Translation', 'Text Summarization', 'Image Captioning', 'Machine Translation', 'Object Detection', 'Machine Translation', 'TERMINATE']
04/08/2025, 22:42:08: max concurrent calls: 4
04/08/2025, 22:42:08: total approximation token generation: 99
04/08/2025, 22:42:08: total target token prompt: 12647
04/08/2025, 22:42:08: total target token generation: 2864
04/08/2025, 22:42:08: total target step time: 126.83000000000001
04/08/2025, 22:42:08: total token prompt: 17649
04/08/2025, 22:42:08: total token generation: 2963
04/08/2025, 22:42:08: accuracy of approximation agent: 0.6363636363636364
04/08/2025, 22:42:08: sp token/step: 269.36
04/08/2025, 22:42:08: naive token/step: 260.36
04/08/2025, 22:42:08: generation token cost increased: 3.46%.
04/08/2025, 22:42:08: sp prompt/step: 1604.45
04/08/2025, 22:42:08: naive prompt/step: 1149.73
04/08/2025, 22:42:08: prompt token cost increased: 39.55%.
04/08/2025, 22:42:08: sp time/step: 10.6
04/08/2025, 22:42:08: naive time/step: 11.53
04/08/2025, 22:42:08: time decreased by: 8.07%.
04/08/2025, 22:42:08: predictor acc: 0.0
04/08/2025, 22:42:08: step number: 11
04/08/2025, 22:42:08: dynamic k
