04/08/2025, 22:36:52: task description: Given low-resolutioned image, how to return the regular image step by step?
04/08/2025, 22:36:54: in breaking, The approximation agent thinks step 1 should be Image Super-Resolution
04/08/2025, 22:36:58: The target agent thinks step 1 should be Image Super-Resolution, which agrees with the approximation agent.
04/08/2025, 22:36:59: in breaking, The approximation agent thinks step 2 should be TERMINATE
04/08/2025, 22:37:03: The target agent thinks step 2 should be Image Denoising, correcting what the approximation agent thinks which is TERMINATE.
04/08/2025, 22:37:04: in breaking, The approximation agent thinks step 3 should be Image Deblurring
04/08/2025, 22:37:11: The target agent thinks step 3 should be Image Deblurring, which agrees with the approximation agent.
04/08/2025, 22:37:12: in breaking, The approximation agent thinks step 4 should be TERMINATE
04/08/2025, 22:37:32: The target agent thinks step 4 should be Colorization, correcting what the approximation agent thinks which is TERMINATE.
04/08/2025, 22:37:34: in breaking, The approximation agent thinks step 5 should be TERMINATE
04/08/2025, 22:37:41: The target agent thinks step 5 should be Image Classification, correcting what the approximation agent thinks which is TERMINATE.
04/08/2025, 22:37:43: in breaking, The approximation agent thinks step 6 should be Visual Question Answering
04/08/2025, 22:37:51: The target agent thinks step 6 should be Image Captioning, correcting what the approximation agent thinks which is Visual Question Answering.
04/08/2025, 22:37:54: in breaking, The approximation agent thinks step 7 should be Visual Question Answering
04/08/2025, 22:38:05: The target agent thinks step 7 should be Visual Question Answering, which agrees with the approximation agent.
04/08/2025, 22:38:05: The approximation agent thinks step 8 should be TERMINATE
04/08/2025, 22:38:06: The target agent thinks step 8 should be Object Detection, correcting what the approximation agent thinks which is TERMINATE.
04/08/2025, 22:38:08: in breaking, The approximation agent thinks step 9 should be Object Detection
04/08/2025, 22:38:17: The target agent thinks step 9 should be Text-to-Image Generation, correcting what the approximation agent thinks which is Object Detection.
04/08/2025, 22:38:19: in breaking, The approximation agent thinks step 10 should be TERMINATE
04/08/2025, 22:38:32: The target agent thinks step 10 should be Machine Translation, correcting what the approximation agent thinks which is TERMINATE.
04/08/2025, 22:38:34: in breaking, The approximation agent thinks step 11 should be TERMINATE
04/08/2025, 22:38:44: The target agent thinks step 11 should be TERMINATE, which agrees with the approximation agent.
04/08/2025, 22:38:44: 2025-04-08 22:38:44.018012 - 2025-04-08 22:36:52.579730 = 0:01:51.438282
04/08/2025, 22:38:44: final result for the speculative planning ['Image Super-Resolution', 'Image Denoising', 'Image Deblurring', 'Colorization', 'Image Classification', 'Image Captioning', 'Visual Question Answering', 'Object Detection', 'Text-to-Image Generation', 'Machine Translation', 'TERMINATE']
04/08/2025, 22:38:44: max concurrent calls: 4
04/08/2025, 22:38:44: total approximation token generation: 102
04/08/2025, 22:38:44: total target token prompt: 12564
04/08/2025, 22:38:44: total target token generation: 2884
04/08/2025, 22:38:44: total target step time: 122.30999999999999
04/08/2025, 22:38:44: total token prompt: 17636
04/08/2025, 22:38:44: total token generation: 2986
04/08/2025, 22:38:44: accuracy of approximation agent: 0.36363636363636365
04/08/2025, 22:38:44: sp token/step: 271.45
04/08/2025, 22:38:44: naive token/step: 262.18
04/08/2025, 22:38:44: generation token cost increased: 3.54%.
04/08/2025, 22:38:44: sp prompt/step: 1603.27
04/08/2025, 22:38:44: naive prompt/step: 1142.18
04/08/2025, 22:38:44: prompt token cost increased: 40.37%.
04/08/2025, 22:38:44: sp time/step: 10.13
04/08/2025, 22:38:44: naive time/step: 11.12
04/08/2025, 22:38:44: time decreased by: 8.9%.
04/08/2025, 22:38:44: predictor acc: 0.6
04/08/2025, 22:38:44: step number: 11
04/08/2025, 22:38:44: dynamic k
