04/08/2025, 22:38:44: task description: Given low-resolutioned noisy blurry grayscale image, how to return the caption in German step by step?
04/08/2025, 22:38:45: in breaking, The approximation agent thinks step 1 should be Image Denoising
04/08/2025, 22:38:51: The target agent thinks step 1 should be Image Super-Resolution, correcting what the approximation agent thinks which is Image Denoising.
04/08/2025, 22:38:52: in breaking, The approximation agent thinks step 2 should be Image Deblurring
04/08/2025, 22:38:57: The target agent thinks step 2 should be Image Denoising, correcting what the approximation agent thinks which is Image Deblurring.
04/08/2025, 22:38:58: in breaking, The approximation agent thinks step 3 should be Image Deblurring
04/08/2025, 22:39:02: The target agent thinks step 3 should be Image Deblurring, which agrees with the approximation agent.
04/08/2025, 22:39:03: in breaking, The approximation agent thinks step 4 should be Image Captioning
04/08/2025, 22:39:09: The target agent thinks step 4 should be Image Captioning, which agrees with the approximation agent.
04/08/2025, 22:39:11: in breaking, The approximation agent thinks step 5 should be Machine Translation
04/08/2025, 22:39:19: The target agent thinks step 5 should be Machine Translation, which agrees with the approximation agent.
04/08/2025, 22:39:19: The approximation agent thinks step 6 should be Machine Translation
04/08/2025, 22:39:22: The target agent thinks step 6 should be TERMINATE, correcting what the approximation agent thinks which is Machine Translation.
04/08/2025, 22:39:22: 2025-04-08 22:39:22.496041 - 2025-04-08 22:38:44.068750 = 0:00:38.427291
04/08/2025, 22:39:22: final result for the speculative planning ['Image Super-Resolution', 'Image Denoising', 'Image Deblurring', 'Image Captioning', 'Machine Translation', 'TERMINATE']
04/08/2025, 22:39:22: max concurrent calls: 4
04/08/2025, 22:39:22: total approximation token generation: 55
04/08/2025, 22:39:22: total target token prompt: 6077
04/08/2025, 22:39:22: total target token generation: 993
04/08/2025, 22:39:22: total target step time: 46.6
04/08/2025, 22:39:22: total token prompt: 8623
04/08/2025, 22:39:22: total token generation: 1048
04/08/2025, 22:39:22: accuracy of approximation agent: 0.5
04/08/2025, 22:39:22: sp token/step: 174.67
04/08/2025, 22:39:22: naive token/step: 165.5
04/08/2025, 22:39:22: generation token cost increased: 5.54%.
04/08/2025, 22:39:22: sp prompt/step: 1437.17
04/08/2025, 22:39:22: naive prompt/step: 1012.83
04/08/2025, 22:39:22: prompt token cost increased: 41.9%.
04/08/2025, 22:39:22: sp time/step: 6.41
04/08/2025, 22:39:22: naive time/step: 7.77
04/08/2025, 22:39:22: time decreased by: 17.5%.
04/08/2025, 22:39:22: predictor acc: 0.4
04/08/2025, 22:39:22: step number: 6
04/08/2025, 22:39:22: dynamic k
