04/08/2025, 22:32:28: task description: Given blurry image, how to return the regular image step by step?
04/08/2025, 22:32:30: in breaking, The approximation agent thinks step 1 should be Image Deblurring
04/08/2025, 22:32:37: The target agent thinks step 1 should be Image Deblurring, which agrees with the approximation agent.
04/08/2025, 22:32:37: The approximation agent thinks step 2 should be Image Super-Resolution
04/08/2025, 22:32:37: The target agent thinks step 2 should be Image Denoising, correcting what the approximation agent thinks which is Image Super-Resolution.
04/08/2025, 22:32:38: in breaking, The approximation agent thinks step 3 should be Image Super-Resolution
04/08/2025, 22:32:45: The target agent thinks step 3 should be Image Super-Resolution, which agrees with the approximation agent.
04/08/2025, 22:32:45: The approximation agent thinks step 4 should be Image Super-Resolution
04/08/2025, 22:32:50: The target agent thinks step 4 should be Image Classification, correcting what the approximation agent thinks which is Image Super-Resolution.
04/08/2025, 22:32:52: in breaking, The approximation agent thinks step 5 should be Image Classification
04/08/2025, 22:33:01: The target agent thinks step 5 should be Object Detection, correcting what the approximation agent thinks which is Image Classification.
04/08/2025, 22:33:05: in breaking, The approximation agent thinks step 6 should be Colorization
04/08/2025, 22:33:17: The target agent thinks step 6 should be Image Captioning, correcting what the approximation agent thinks which is Colorization.
04/08/2025, 22:33:21: in breaking, The approximation agent thinks step 7 should be Visual Question Answering
04/08/2025, 22:33:36: The target agent thinks step 7 should be Visual Question Answering, which agrees with the approximation agent.
04/08/2025, 22:33:38: in breaking, The approximation agent thinks step 8 should be TERMINATE
04/08/2025, 22:33:46: The target agent thinks step 8 should be Colorization, correcting what the approximation agent thinks which is TERMINATE.
04/08/2025, 22:33:49: in breaking, The approximation agent thinks step 9 should be TERMINATE
04/08/2025, 22:33:53: The target agent thinks step 9 should be Text-to-Image Generation, correcting what the approximation agent thinks which is TERMINATE.
04/08/2025, 22:33:54: in breaking, The approximation agent thinks step 10 should be TERMINATE
04/08/2025, 22:34:02: The target agent thinks step 10 should be TERMINATE, which agrees with the approximation agent.
04/08/2025, 22:34:02: 2025-04-08 22:34:02.063879 - 2025-04-08 22:32:28.432720 = 0:01:33.631159
04/08/2025, 22:34:02: final result for the speculative planning ['Image Deblurring', 'Image Denoising', 'Image Super-Resolution', 'Image Classification', 'Object Detection', 'Image Captioning', 'Visual Question Answering', 'Colorization', 'Text-to-Image Generation', 'TERMINATE']
04/08/2025, 22:34:02: max concurrent calls: 4
04/08/2025, 22:34:02: total approximation token generation: 93
04/08/2025, 22:34:02: total target token prompt: 11153
04/08/2025, 22:34:02: total target token generation: 2476
04/08/2025, 22:34:02: total target step time: 102.22999999999999
04/08/2025, 22:34:02: total token prompt: 15662
04/08/2025, 22:34:02: total token generation: 2569
04/08/2025, 22:34:02: accuracy of approximation agent: 0.4
04/08/2025, 22:34:02: sp token/step: 256.9
04/08/2025, 22:34:02: naive token/step: 247.6
04/08/2025, 22:34:02: generation token cost increased: 3.76%.
04/08/2025, 22:34:02: sp prompt/step: 1566.2
04/08/2025, 22:34:02: naive prompt/step: 1115.3
04/08/2025, 22:34:02: prompt token cost increased: 40.43%.
04/08/2025, 22:34:02: sp time/step: 9.36
04/08/2025, 22:34:02: naive time/step: 10.22
04/08/2025, 22:34:02: time decreased by: 8.41%.
04/08/2025, 22:34:02: predictor acc: 0.6
04/08/2025, 22:34:02: step number: 10
04/08/2025, 22:34:02: dynamic k
