04/08/2025, 22:43:12: task description: Given low-resolutioned noisy blurry grayscale image, how to return the object names in English step by step?
04/08/2025, 22:43:12: react launch api for thought.
04/08/2025, 22:43:12: Target step 1 thought prompt token: 389
04/08/2025, 22:43:15: Target step 1 thought generation token: 80
04/08/2025, 22:43:15: react launch api for response.
04/08/2025, 22:43:15: Target step 1 response prompt token: 496
04/08/2025, 22:43:16: Target step 1 response generation token: 10
04/08/2025, 22:43:16: Target: Step 1 - Image Deblurring
04/08/2025, 22:43:16: Intermediate Target Step 1 - Image Deblurring -gen 90 -prompt 885
04/08/2025, 22:43:16: Target: Step 1 -time 4.46
04/08/2025, 22:43:16: Mismatch at 0. Cancel starts. 
04/08/2025, 22:43:16: sas tasks: ['Image Denoising']
04/08/2025, 22:43:16: flatten_tas: [(0, 'Image Deblurring')]
04/08/2025, 22:43:16: step 0 app: Image Denoising, tar: Image Deblurring
04/08/2025, 22:43:16: return sas tasks: ['Image Deblurring']
04/08/2025, 22:43:16: react launch api for thought.
04/08/2025, 22:43:16: Target step 2 thought prompt token: 404
04/08/2025, 22:43:20: Target step 2 thought generation token: 87
04/08/2025, 22:43:20: react launch api for response.
04/08/2025, 22:43:20: Target step 2 response prompt token: 518
04/08/2025, 22:43:21: Target step 2 response generation token: 10
04/08/2025, 22:43:21: Target: Step 2 - Image Denoising
04/08/2025, 22:43:21: Intermediate Target Step 2 - Image Denoising -gen 97 -prompt 922
04/08/2025, 22:43:21: Target: Step 2 -time 4.61
04/08/2025, 22:43:21: Mismatch at 0. Cancel starts. 
04/08/2025, 22:43:21: sas tasks: ['Image Denoising']
04/08/2025, 22:43:21: flatten_tas: [(0, 'Image Denoising')]
04/08/2025, 22:43:21: return sas tasks: ['Image Denoising']
04/08/2025, 22:43:21: react launch api for thought.
04/08/2025, 22:43:21: Target step 3 thought prompt token: 413
04/08/2025, 22:43:25: Target step 3 thought generation token: 119
04/08/2025, 22:43:25: react launch api for response.
04/08/2025, 22:43:25: Target step 3 response prompt token: 559
04/08/2025, 22:43:27: Target step 3 response generation token: 10
04/08/2025, 22:43:27: Target: Step 3 - Image Super-Resolution
04/08/2025, 22:43:27: Intermediate Target Step 3 - Image Super-Resolution -gen 129 -prompt 972
04/08/2025, 22:43:27: Target: Step 3 -time 5.93
04/08/2025, 22:43:27: Mismatch at 0. Cancel starts. 
04/08/2025, 22:43:27: sas tasks: ['Image Super-Resolution']
04/08/2025, 22:43:27: flatten_tas: [(0, 'Image Super-Resolution')]
04/08/2025, 22:43:27: return sas tasks: ['Image Super-Resolution']
04/08/2025, 22:43:27: react launch api for thought.
04/08/2025, 22:43:27: Target step 4 thought prompt token: 422
04/08/2025, 22:43:36: Target step 4 thought generation token: 232
04/08/2025, 22:43:36: react launch api for response.
04/08/2025, 22:43:36: Target step 4 response prompt token: 681
04/08/2025, 22:43:37: Target step 4 response generation token: 8
04/08/2025, 22:43:37: Target: Step 4 - Object Detection
04/08/2025, 22:43:37: Intermediate Target Step 4 - Object Detection -gen 240 -prompt 1103
04/08/2025, 22:43:37: Target: Step 4 -time 9.87
04/08/2025, 22:43:37: Mismatch at 0. Cancel starts. 
04/08/2025, 22:43:37: sas tasks: ['Object Detection']
04/08/2025, 22:43:37: flatten_tas: [(0, 'Object Detection')]
04/08/2025, 22:43:37: return sas tasks: ['Object Detection']
04/08/2025, 22:43:37: react launch api for thought.
04/08/2025, 22:43:37: Target step 5 thought prompt token: 429
04/08/2025, 22:43:45: Target step 5 thought generation token: 293
04/08/2025, 22:43:45: react launch api for response.
04/08/2025, 22:43:45: Target step 5 response prompt token: 749
04/08/2025, 22:43:47: Target step 5 response generation token: 9
04/08/2025, 22:43:47: Target: Step 5 - Image Captioning
04/08/2025, 22:43:47: Intermediate Target Step 5 - Image Captioning -gen 302 -prompt 1178
04/08/2025, 22:43:47: Target: Step 5 -time 9.75
04/08/2025, 22:43:47: Mismatch at 0. Cancel starts. 
04/08/2025, 22:43:47: sas tasks: ['Image Classification']
04/08/2025, 22:43:47: flatten_tas: [(0, 'Image Captioning')]
04/08/2025, 22:43:47: step 0 app: Image Classification, tar: Image Captioning
04/08/2025, 22:43:47: return sas tasks: ['Image Captioning']
04/08/2025, 22:43:47: react launch api for thought.
04/08/2025, 22:43:47: Target step 6 thought prompt token: 437
04/08/2025, 22:43:59: Target step 6 thought generation token: 380
04/08/2025, 22:43:59: react launch api for response.
04/08/2025, 22:43:59: Target step 6 response prompt token: 844
04/08/2025, 22:44:02: Target step 6 response generation token: 10
04/08/2025, 22:44:02: Target: Step 6 - Visual Question Answering
04/08/2025, 22:44:02: Intermediate Target Step 6 - Visual Question Answering -gen 390 -prompt 1281
04/08/2025, 22:44:02: Target: Step 6 -time 14.88
04/08/2025, 22:44:02: Mismatch at 0. Cancel starts. 
04/08/2025, 22:44:02: sas tasks: ['TERMINATE']
04/08/2025, 22:44:02: flatten_tas: [(0, 'Visual Question Answering')]
04/08/2025, 22:44:02: step 0 app: TERMINATE, tar: Visual Question Answering
04/08/2025, 22:44:02: return sas tasks: ['Visual Question Answering']
04/08/2025, 22:44:02: react launch api for thought.
04/08/2025, 22:44:02: Target step 7 thought prompt token: 446
04/08/2025, 22:44:17: Target step 7 thought generation token: 364
04/08/2025, 22:44:17: react launch api for response.
04/08/2025, 22:44:17: Target step 7 response prompt token: 837
04/08/2025, 22:44:18: Target step 7 response generation token: 9
04/08/2025, 22:44:18: Target: Step 7 - TERMINATE
04/08/2025, 22:44:18: Intermediate Target Step 7 - TERMINATE -gen 373 -prompt 1283
04/08/2025, 22:44:18: Target: Step 7 -time 16.54
04/08/2025, 22:44:18: Mismatch at 0. Cancel starts. 
04/08/2025, 22:44:18: sas tasks: ['TERMINATE']
04/08/2025, 22:44:18: flatten_tas: [(0, 'TERMINATE')]
04/08/2025, 22:44:18: return sas tasks: ['TERMINATE']
