04/08/2025, 22:40:12: task description: Given low-resolutioned noisy blurry grayscale image, how to return the object names in German step by step?
04/08/2025, 22:40:12: react launch api for thought.
04/08/2025, 22:40:12: Target step 1 thought prompt token: 389
04/08/2025, 22:40:17: Target step 1 thought generation token: 87
04/08/2025, 22:40:17: react launch api for response.
04/08/2025, 22:40:17: Target step 1 response prompt token: 503
04/08/2025, 22:40:18: Target step 1 response generation token: 10
04/08/2025, 22:40:18: Target: Step 1 - Image Denoising
04/08/2025, 22:40:18: Intermediate Target Step 1 - Image Denoising -gen 97 -prompt 892
04/08/2025, 22:40:18: Target: Step 1 -time 6.34
04/08/2025, 22:40:18: Mismatch at 0. Cancel starts. 
04/08/2025, 22:40:18: sas tasks: ['Image Denoising']
04/08/2025, 22:40:18: flatten_tas: [(0, 'Image Denoising')]
04/08/2025, 22:40:18: return sas tasks: ['Image Denoising']
04/08/2025, 22:40:18: react launch api for thought.
04/08/2025, 22:40:18: Target step 2 thought prompt token: 404
04/08/2025, 22:40:22: Target step 2 thought generation token: 73
04/08/2025, 22:40:22: react launch api for response.
04/08/2025, 22:40:22: Target step 2 response prompt token: 504
04/08/2025, 22:40:23: Target step 2 response generation token: 10
04/08/2025, 22:40:23: Target: Step 2 - Image Deblurring
04/08/2025, 22:40:23: Intermediate Target Step 2 - Image Deblurring -gen 83 -prompt 908
04/08/2025, 22:40:23: Target: Step 2 -time 4.71
04/08/2025, 22:40:23: Mismatch at 0. Cancel starts. 
04/08/2025, 22:40:23: sas tasks: ['Image Deblurring']
04/08/2025, 22:40:23: flatten_tas: [(0, 'Image Deblurring')]
04/08/2025, 22:40:23: return sas tasks: ['Image Deblurring']
04/08/2025, 22:40:23: react launch api for thought.
04/08/2025, 22:40:23: Target step 3 thought prompt token: 413
04/08/2025, 22:40:27: Target step 3 thought generation token: 105
04/08/2025, 22:40:27: react launch api for response.
04/08/2025, 22:40:27: Target step 3 response prompt token: 545
04/08/2025, 22:40:28: Target step 3 response generation token: 10
04/08/2025, 22:40:28: Target: Step 3 - Image Super-Resolution
04/08/2025, 22:40:28: Intermediate Target Step 3 - Image Super-Resolution -gen 115 -prompt 958
04/08/2025, 22:40:28: Target: Step 3 -time 5.4
04/08/2025, 22:40:28: Mismatch at 0. Cancel starts. 
04/08/2025, 22:40:28: sas tasks: ['Image Super-Resolution']
04/08/2025, 22:40:28: flatten_tas: [(0, 'Image Super-Resolution')]
04/08/2025, 22:40:28: return sas tasks: ['Image Super-Resolution']
04/08/2025, 22:40:28: react launch api for thought.
04/08/2025, 22:40:28: Target step 4 thought prompt token: 422
04/08/2025, 22:40:29: react launch api for thought.
04/08/2025, 22:40:29: Target step 5 thought prompt token: 429
04/08/2025, 22:40:38: Target step 4 thought generation token: 246
04/08/2025, 22:40:38: react launch api for response.
04/08/2025, 22:40:38: Target step 4 response prompt token: 695
04/08/2025, 22:40:39: Target step 4 response generation token: 8
04/08/2025, 22:40:39: Target: Step 4 - Object Detection
04/08/2025, 22:40:39: Intermediate Target Step 4 - Object Detection -gen 254 -prompt 1117
04/08/2025, 22:40:39: Target: Step 4 -time 11.33
04/08/2025, 22:40:40: Target step 5 thought generation token: 196
04/08/2025, 22:40:40: react launch api for response.
04/08/2025, 22:40:40: Target step 5 response prompt token: 652
04/08/2025, 22:40:42: Target step 5 response generation token: 8
04/08/2025, 22:40:42: Target: Step 5 - Machine Translation
04/08/2025, 22:40:42: Intermediate Target Step 5 - Machine Translation -gen 204 -prompt 1081
04/08/2025, 22:40:42: Target: Step 5 -time 12.45
04/08/2025, 22:40:42: Mismatch at 1. Cancel starts. 
04/08/2025, 22:40:42: sas tasks: ['Object Detection', 'Machine Translation']
04/08/2025, 22:40:42: flatten_tas: [(0, 'Object Detection'), (1, 'Machine Translation')]
04/08/2025, 22:40:42: return sas tasks: ['Object Detection', 'Machine Translation']
04/08/2025, 22:40:42: react launch api for thought.
04/08/2025, 22:40:42: Target step 6 thought prompt token: 436
04/08/2025, 22:40:53: Target step 6 thought generation token: 285
04/08/2025, 22:40:53: react launch api for response.
04/08/2025, 22:40:53: Target step 6 response prompt token: 748
04/08/2025, 22:40:54: Target step 6 response generation token: 10
04/08/2025, 22:40:54: Target: Step 6 - Text Summarization
04/08/2025, 22:40:54: Intermediate Target Step 6 - Text Summarization -gen 295 -prompt 1184
04/08/2025, 22:40:54: Target: Step 6 -time 12.46
04/08/2025, 22:40:54: Mismatch at 0. Cancel starts. 
04/08/2025, 22:40:54: sas tasks: ['TERMINATE']
04/08/2025, 22:40:54: flatten_tas: [(0, 'Text Summarization')]
04/08/2025, 22:40:54: step 0 app: TERMINATE, tar: Text Summarization
04/08/2025, 22:40:54: return sas tasks: ['Text Summarization']
04/08/2025, 22:40:54: react launch api for thought.
04/08/2025, 22:40:54: Target step 7 thought prompt token: 445
04/08/2025, 22:41:05: Target step 7 thought generation token: 355
04/08/2025, 22:41:05: react launch api for response.
04/08/2025, 22:41:05: Target step 7 response prompt token: 827
04/08/2025, 22:41:06: Target step 7 response generation token: 9
04/08/2025, 22:41:06: Target: Step 7 - Image Captioning
04/08/2025, 22:41:06: Intermediate Target Step 7 - Image Captioning -gen 364 -prompt 1272
04/08/2025, 22:41:06: Target: Step 7 -time 12.36
04/08/2025, 22:41:06: Mismatch at 0. Cancel starts. 
04/08/2025, 22:41:06: sas tasks: ['TERMINATE']
04/08/2025, 22:41:06: flatten_tas: [(0, 'Image Captioning')]
04/08/2025, 22:41:06: step 0 app: TERMINATE, tar: Image Captioning
04/08/2025, 22:41:06: return sas tasks: ['Image Captioning']
04/08/2025, 22:41:06: react launch api for thought.
04/08/2025, 22:41:06: Target step 8 thought prompt token: 453
04/08/2025, 22:41:24: Target step 8 thought generation token: 396
04/08/2025, 22:41:24: react launch api for response.
04/08/2025, 22:41:24: Target step 8 response prompt token: 876
04/08/2025, 22:41:25: Target step 8 response generation token: 8
04/08/2025, 22:41:25: Target: Step 8 - Machine Translation
04/08/2025, 22:41:25: Intermediate Target Step 8 - Machine Translation -gen 404 -prompt 1329
04/08/2025, 22:41:25: Target: Step 8 -time 19.01
04/08/2025, 22:41:25: Mismatch at 0. Cancel starts. 
04/08/2025, 22:41:25: sas tasks: ['TERMINATE']
04/08/2025, 22:41:25: flatten_tas: [(0, 'Machine Translation')]
04/08/2025, 22:41:25: step 0 app: TERMINATE, tar: Machine Translation
04/08/2025, 22:41:25: return sas tasks: ['Machine Translation']
04/08/2025, 22:41:25: react launch api for thought.
04/08/2025, 22:41:25: Target step 9 thought prompt token: 460
04/08/2025, 22:41:39: Target step 9 thought generation token: 394
04/08/2025, 22:41:39: react launch api for response.
04/08/2025, 22:41:39: Target step 9 response prompt token: 881
04/08/2025, 22:41:40: Target step 9 response generation token: 8
04/08/2025, 22:41:40: Target: Step 9 - Object Detection
04/08/2025, 22:41:40: Intermediate Target Step 9 - Object Detection -gen 402 -prompt 1341
04/08/2025, 22:41:40: Target: Step 9 -time 14.88
04/08/2025, 22:41:40: Mismatch at 0. Cancel starts. 
04/08/2025, 22:41:40: sas tasks: ['TERMINATE']
04/08/2025, 22:41:40: flatten_tas: [(0, 'Object Detection')]
04/08/2025, 22:41:40: step 0 app: TERMINATE, tar: Object Detection
04/08/2025, 22:41:40: return sas tasks: ['Object Detection']
04/08/2025, 22:41:40: react launch api for thought.
04/08/2025, 22:41:40: Target step 10 thought prompt token: 467
04/08/2025, 22:41:56: Target step 10 thought generation token: 418
04/08/2025, 22:41:56: react launch api for response.
04/08/2025, 22:41:56: Target step 10 response prompt token: 912
04/08/2025, 22:41:59: Target step 10 response generation token: 8
04/08/2025, 22:41:59: Target: Step 10 - Machine Translation
04/08/2025, 22:41:59: Intermediate Target Step 10 - Machine Translation -gen 426 -prompt 1379
04/08/2025, 22:41:59: Target: Step 10 -time 18.29
04/08/2025, 22:41:59: Mismatch at 0. Cancel starts. 
04/08/2025, 22:41:59: sas tasks: ['Machine Translation']
04/08/2025, 22:41:59: flatten_tas: [(0, 'Machine Translation')]
04/08/2025, 22:41:59: return sas tasks: ['Machine Translation']
04/08/2025, 22:41:59: react launch api for thought.
04/08/2025, 22:41:59: Target step 11 thought prompt token: 474
04/08/2025, 22:42:07: Target step 11 thought generation token: 211
04/08/2025, 22:42:07: react launch api for response.
04/08/2025, 22:42:07: Target step 11 response prompt token: 712
04/08/2025, 22:42:08: Target step 11 response generation token: 9
04/08/2025, 22:42:08: Target: Step 11 - TERMINATE
04/08/2025, 22:42:08: Intermediate Target Step 11 - TERMINATE -gen 220 -prompt 1186
04/08/2025, 22:42:08: Target: Step 11 -time 9.6
04/08/2025, 22:42:08: Mismatch at 0. Cancel starts. 
04/08/2025, 22:42:08: sas tasks: ['TERMINATE']
04/08/2025, 22:42:08: flatten_tas: [(0, 'TERMINATE')]
04/08/2025, 22:42:08: return sas tasks: ['TERMINATE']
