04/08/2025, 22:36:52: task description: Given low-resolutioned image, how to return the regular image step by step?
04/08/2025, 22:36:52: react launch api for thought.
04/08/2025, 22:36:52: Target step 1 thought prompt token: 384
04/08/2025, 22:36:56: Target step 1 thought generation token: 111
04/08/2025, 22:36:56: react launch api for response.
04/08/2025, 22:36:56: Target step 1 response prompt token: 522
04/08/2025, 22:36:58: Target step 1 response generation token: 10
04/08/2025, 22:36:58: Target: Step 1 - Image Super-Resolution
04/08/2025, 22:36:58: Intermediate Target Step 1 - Image Super-Resolution -gen 121 -prompt 906
04/08/2025, 22:36:58: Target: Step 1 -time 5.65
04/08/2025, 22:36:58: Mismatch at 0. Cancel starts. 
04/08/2025, 22:36:58: sas tasks: ['Image Super-Resolution']
04/08/2025, 22:36:58: flatten_tas: [(0, 'Image Super-Resolution')]
04/08/2025, 22:36:58: return sas tasks: ['Image Super-Resolution']
04/08/2025, 22:36:58: react launch api for thought.
04/08/2025, 22:36:58: Target step 2 thought prompt token: 399
04/08/2025, 22:37:02: Target step 2 thought generation token: 112
04/08/2025, 22:37:02: react launch api for response.
04/08/2025, 22:37:02: Target step 2 response prompt token: 538
04/08/2025, 22:37:03: Target step 2 response generation token: 10
04/08/2025, 22:37:03: Target: Step 2 - Image Denoising
04/08/2025, 22:37:03: Intermediate Target Step 2 - Image Denoising -gen 122 -prompt 937
04/08/2025, 22:37:03: Target: Step 2 -time 5.14
04/08/2025, 22:37:03: Mismatch at 0. Cancel starts. 
04/08/2025, 22:37:03: sas tasks: ['TERMINATE']
04/08/2025, 22:37:03: flatten_tas: [(0, 'Image Denoising')]
04/08/2025, 22:37:03: step 0 app: TERMINATE, tar: Image Denoising
04/08/2025, 22:37:03: return sas tasks: ['Image Denoising']
04/08/2025, 22:37:03: react launch api for thought.
04/08/2025, 22:37:03: Target step 3 thought prompt token: 408
04/08/2025, 22:37:09: Target step 3 thought generation token: 195
04/08/2025, 22:37:09: react launch api for response.
04/08/2025, 22:37:09: Target step 3 response prompt token: 630
04/08/2025, 22:37:11: Target step 3 response generation token: 10
04/08/2025, 22:37:11: Target: Step 3 - Image Deblurring
04/08/2025, 22:37:11: Intermediate Target Step 3 - Image Deblurring -gen 205 -prompt 1038
04/08/2025, 22:37:11: Target: Step 3 -time 7.78
04/08/2025, 22:37:11: Mismatch at 0. Cancel starts. 
04/08/2025, 22:37:11: sas tasks: ['Image Deblurring']
04/08/2025, 22:37:11: flatten_tas: [(0, 'Image Deblurring')]
04/08/2025, 22:37:11: return sas tasks: ['Image Deblurring']
04/08/2025, 22:37:11: react launch api for thought.
04/08/2025, 22:37:11: Target step 4 thought prompt token: 417
04/08/2025, 22:37:31: Target step 4 thought generation token: 340
04/08/2025, 22:37:31: react launch api for response.
04/08/2025, 22:37:31: Target step 4 response prompt token: 784
04/08/2025, 22:37:32: Target step 4 response generation token: 8
04/08/2025, 22:37:32: Target: Step 4 - Colorization
04/08/2025, 22:37:32: Intermediate Target Step 4 - Colorization -gen 348 -prompt 1201
04/08/2025, 22:37:32: Target: Step 4 -time 21.31
04/08/2025, 22:37:32: Mismatch at 0. Cancel starts. 
04/08/2025, 22:37:32: sas tasks: ['TERMINATE']
04/08/2025, 22:37:32: flatten_tas: [(0, 'Colorization')]
04/08/2025, 22:37:32: step 0 app: TERMINATE, tar: Colorization
04/08/2025, 22:37:32: return sas tasks: ['Colorization']
04/08/2025, 22:37:32: react launch api for thought.
04/08/2025, 22:37:32: Target step 5 thought prompt token: 424
04/08/2025, 22:37:40: Target step 5 thought generation token: 250
04/08/2025, 22:37:40: react launch api for response.
04/08/2025, 22:37:40: Target step 5 response prompt token: 701
04/08/2025, 22:37:41: Target step 5 response generation token: 8
04/08/2025, 22:37:41: Target: Step 5 - Image Classification
04/08/2025, 22:37:41: Intermediate Target Step 5 - Image Classification -gen 258 -prompt 1125
04/08/2025, 22:37:41: Target: Step 5 -time 9.4
04/08/2025, 22:37:41: Mismatch at 0. Cancel starts. 
04/08/2025, 22:37:41: sas tasks: ['TERMINATE']
04/08/2025, 22:37:41: flatten_tas: [(0, 'Image Classification')]
04/08/2025, 22:37:41: step 0 app: TERMINATE, tar: Image Classification
04/08/2025, 22:37:41: return sas tasks: ['Image Classification']
04/08/2025, 22:37:41: react launch api for thought.
04/08/2025, 22:37:41: Target step 6 thought prompt token: 431
04/08/2025, 22:37:50: Target step 6 thought generation token: 239
04/08/2025, 22:37:50: react launch api for response.
04/08/2025, 22:37:50: Target step 6 response prompt token: 697
04/08/2025, 22:37:51: Target step 6 response generation token: 9
04/08/2025, 22:37:51: Target: Step 6 - Image Captioning
04/08/2025, 22:37:51: Intermediate Target Step 6 - Image Captioning -gen 248 -prompt 1128
04/08/2025, 22:37:51: Target: Step 6 -time 9.95
04/08/2025, 22:37:51: Mismatch at 0. Cancel starts. 
04/08/2025, 22:37:51: sas tasks: ['Visual Question Answering']
04/08/2025, 22:37:51: flatten_tas: [(0, 'Image Captioning')]
04/08/2025, 22:37:51: step 0 app: Visual Question Answering, tar: Image Captioning
04/08/2025, 22:37:51: return sas tasks: ['Image Captioning']
04/08/2025, 22:37:51: react launch api for thought.
04/08/2025, 22:37:51: Target step 7 thought prompt token: 439
04/08/2025, 22:37:54: react launch api for thought.
04/08/2025, 22:37:54: Target step 8 thought prompt token: 448
04/08/2025, 22:38:03: Target step 7 thought generation token: 291
04/08/2025, 22:38:03: react launch api for response.
04/08/2025, 22:38:03: Target step 7 response prompt token: 757
04/08/2025, 22:38:05: Target step 7 response generation token: 10
04/08/2025, 22:38:05: Target: Step 7 - Visual Question Answering
04/08/2025, 22:38:05: Intermediate Target Step 7 - Visual Question Answering -gen 301 -prompt 1196
04/08/2025, 22:38:05: Target: Step 7 -time 13.65
04/08/2025, 22:38:05: Target step 8 thought generation token: 301
04/08/2025, 22:38:05: react launch api for response.
04/08/2025, 22:38:05: Target step 8 response prompt token: 776
04/08/2025, 22:38:06: Target step 8 response generation token: 8
04/08/2025, 22:38:06: Target: Step 8 - Object Detection
04/08/2025, 22:38:06: Intermediate Target Step 8 - Object Detection -gen 309 -prompt 1224
04/08/2025, 22:38:06: Target: Step 8 -time 12.41
04/08/2025, 22:38:06: Mismatch at 1. Cancel starts. 
04/08/2025, 22:38:06: sas tasks: ['Visual Question Answering', 'TERMINATE']
04/08/2025, 22:38:06: flatten_tas: [(0, 'Visual Question Answering'), (1, 'Object Detection')]
04/08/2025, 22:38:06: step 1 app: TERMINATE, tar: Object Detection
04/08/2025, 22:38:06: return sas tasks: ['Visual Question Answering', 'Object Detection']
04/08/2025, 22:38:06: react launch api for thought.
04/08/2025, 22:38:06: Target step 9 thought prompt token: 455
04/08/2025, 22:38:16: Target step 9 thought generation token: 278
04/08/2025, 22:38:16: react launch api for response.
04/08/2025, 22:38:16: Target step 9 response prompt token: 760
04/08/2025, 22:38:17: Target step 9 response generation token: 11
04/08/2025, 22:38:17: Target: Step 9 - Text-to-Image Generation
04/08/2025, 22:38:17: Intermediate Target Step 9 - Text-to-Image Generation -gen 289 -prompt 1215
04/08/2025, 22:38:17: Target: Step 9 -time 10.58
04/08/2025, 22:38:17: Mismatch at 0. Cancel starts. 
04/08/2025, 22:38:17: sas tasks: ['Object Detection']
04/08/2025, 22:38:17: flatten_tas: [(0, 'Text-to-Image Generation')]
04/08/2025, 22:38:17: step 0 app: Object Detection, tar: Text-to-Image Generation
04/08/2025, 22:38:17: return sas tasks: ['Text-to-Image Generation']
04/08/2025, 22:38:17: react launch api for thought.
04/08/2025, 22:38:17: Target step 10 thought prompt token: 465
04/08/2025, 22:38:31: Target step 10 thought generation token: 367
04/08/2025, 22:38:31: react launch api for response.
04/08/2025, 22:38:31: Target step 10 response prompt token: 859
04/08/2025, 22:38:32: Target step 10 response generation token: 8
04/08/2025, 22:38:32: Target: Step 10 - Machine Translation
04/08/2025, 22:38:32: Intermediate Target Step 10 - Machine Translation -gen 375 -prompt 1324
04/08/2025, 22:38:32: Target: Step 10 -time 14.95
04/08/2025, 22:38:32: Mismatch at 0. Cancel starts. 
04/08/2025, 22:38:32: sas tasks: ['TERMINATE']
04/08/2025, 22:38:32: flatten_tas: [(0, 'Machine Translation')]
04/08/2025, 22:38:32: step 0 app: TERMINATE, tar: Machine Translation
04/08/2025, 22:38:32: return sas tasks: ['Machine Translation']
04/08/2025, 22:38:32: react launch api for thought.
04/08/2025, 22:38:32: Target step 11 thought prompt token: 472
04/08/2025, 22:38:42: Target step 11 thought generation token: 299
04/08/2025, 22:38:42: react launch api for response.
04/08/2025, 22:38:42: Target step 11 response prompt token: 798
04/08/2025, 22:38:44: Target step 11 response generation token: 9
04/08/2025, 22:38:44: Target: Step 11 - TERMINATE
04/08/2025, 22:38:44: Intermediate Target Step 11 - TERMINATE -gen 308 -prompt 1270
04/08/2025, 22:38:44: Target: Step 11 -time 11.49
04/08/2025, 22:38:44: Mismatch at 0. Cancel starts. 
04/08/2025, 22:38:44: sas tasks: ['TERMINATE']
04/08/2025, 22:38:44: flatten_tas: [(0, 'TERMINATE')]
04/08/2025, 22:38:44: return sas tasks: ['TERMINATE']
