04/08/2025, 22:42:08: task description: Given low-resolutioned noisy blurry grayscale image, how to return the caption in English step by step?
04/08/2025, 22:42:08: react launch api for thought.
04/08/2025, 22:42:08: Target step 1 thought prompt token: 388
04/08/2025, 22:42:12: Target step 1 thought generation token: 99
04/08/2025, 22:42:12: react launch api for response.
04/08/2025, 22:42:13: Target step 1 response prompt token: 514
04/08/2025, 22:42:15: Target step 1 response generation token: 10
04/08/2025, 22:42:15: Target: Step 1 - Image Denoising
04/08/2025, 22:42:15: Intermediate Target Step 1 - Image Denoising -gen 109 -prompt 902
04/08/2025, 22:42:15: Target: Step 1 -time 6.26
04/08/2025, 22:42:15: Mismatch at 0. Cancel starts. 
04/08/2025, 22:42:15: sas tasks: ['Image Denoising']
04/08/2025, 22:42:15: flatten_tas: [(0, 'Image Denoising')]
04/08/2025, 22:42:15: return sas tasks: ['Image Denoising']
04/08/2025, 22:42:15: react launch api for thought.
04/08/2025, 22:42:15: Target step 2 thought prompt token: 403
04/08/2025, 22:42:18: Target step 2 thought generation token: 68
04/08/2025, 22:42:18: react launch api for response.
04/08/2025, 22:42:18: Target step 2 response prompt token: 498
04/08/2025, 22:42:19: Target step 2 response generation token: 10
04/08/2025, 22:42:19: Target: Step 2 - Image Deblurring
04/08/2025, 22:42:19: Intermediate Target Step 2 - Image Deblurring -gen 78 -prompt 901
04/08/2025, 22:42:19: Target: Step 2 -time 4.51
04/08/2025, 22:42:19: Mismatch at 0. Cancel starts. 
04/08/2025, 22:42:19: sas tasks: ['Image Deblurring']
04/08/2025, 22:42:19: flatten_tas: [(0, 'Image Deblurring')]
04/08/2025, 22:42:19: return sas tasks: ['Image Deblurring']
04/08/2025, 22:42:19: react launch api for thought.
04/08/2025, 22:42:19: Target step 3 thought prompt token: 412
04/08/2025, 22:42:23: Target step 3 thought generation token: 111
04/08/2025, 22:42:23: react launch api for response.
04/08/2025, 22:42:23: Target step 3 response prompt token: 550
04/08/2025, 22:42:24: Target step 3 response generation token: 10
04/08/2025, 22:42:24: Target: Step 3 - Image Super-Resolution
04/08/2025, 22:42:24: Intermediate Target Step 3 - Image Super-Resolution -gen 121 -prompt 962
04/08/2025, 22:42:24: Target: Step 3 -time 4.79
04/08/2025, 22:42:24: Mismatch at 0. Cancel starts. 
04/08/2025, 22:42:24: sas tasks: ['Image Super-Resolution']
04/08/2025, 22:42:24: flatten_tas: [(0, 'Image Super-Resolution')]
04/08/2025, 22:42:24: return sas tasks: ['Image Super-Resolution']
04/08/2025, 22:42:24: react launch api for thought.
04/08/2025, 22:42:24: Target step 4 thought prompt token: 421
04/08/2025, 22:42:30: Target step 4 thought generation token: 143
04/08/2025, 22:42:30: react launch api for response.
04/08/2025, 22:42:30: Target step 4 response prompt token: 591
04/08/2025, 22:42:31: Target step 4 response generation token: 9
04/08/2025, 22:42:31: Target: Step 4 - Image Captioning
04/08/2025, 22:42:31: Intermediate Target Step 4 - Image Captioning -gen 152 -prompt 1012
04/08/2025, 22:42:31: Target: Step 4 -time 7.43
04/08/2025, 22:42:31: Mismatch at 0. Cancel starts. 
04/08/2025, 22:42:31: sas tasks: ['Image Captioning']
04/08/2025, 22:42:31: flatten_tas: [(0, 'Image Captioning')]
04/08/2025, 22:42:31: return sas tasks: ['Image Captioning']
04/08/2025, 22:42:31: react launch api for thought.
04/08/2025, 22:42:31: Target step 5 thought prompt token: 429
04/08/2025, 22:42:38: Target step 5 thought generation token: 285
04/08/2025, 22:42:38: react launch api for response.
04/08/2025, 22:42:38: Target step 5 response prompt token: 741
04/08/2025, 22:42:39: Target step 5 response generation token: 9
04/08/2025, 22:42:39: Target: Step 5 - TERMINATE
04/08/2025, 22:42:39: Intermediate Target Step 5 - TERMINATE -gen 294 -prompt 1170
04/08/2025, 22:42:39: Target: Step 5 -time 8.02
04/08/2025, 22:42:39: Mismatch at 0. Cancel starts. 
04/08/2025, 22:42:39: sas tasks: ['TERMINATE']
04/08/2025, 22:42:39: flatten_tas: [(0, 'TERMINATE')]
04/08/2025, 22:42:39: return sas tasks: ['TERMINATE']
