04/08/2025, 22:34:02: task description: Given low-resolutioned noisy image, how to return the regular image step by step?
04/08/2025, 22:34:02: react launch api for thought.
04/08/2025, 22:34:02: Target step 1 thought prompt token: 385
04/08/2025, 22:34:05: react launch api for thought.
04/08/2025, 22:34:05: Target step 2 thought prompt token: 400
04/08/2025, 22:34:05: Target step 1 thought generation token: 86
04/08/2025, 22:34:05: react launch api for response.
04/08/2025, 22:34:05: Target step 1 response prompt token: 498
04/08/2025, 22:34:06: react launch api for thought.
04/08/2025, 22:34:06: Target step 3 thought prompt token: 409
04/08/2025, 22:34:06: Target step 1 response generation token: 10
04/08/2025, 22:34:06: Target: Step 1 - Image Denoising
04/08/2025, 22:34:06: Intermediate Target Step 1 - Image Denoising -gen 96 -prompt 883
04/08/2025, 22:34:06: Target: Step 1 -time 4.62
04/08/2025, 22:34:10: Target step 2 thought generation token: 92
04/08/2025, 22:34:10: react launch api for response.
04/08/2025, 22:34:10: Target step 2 response prompt token: 519
04/08/2025, 22:34:11: Target step 2 response generation token: 10
04/08/2025, 22:34:11: Target: Step 2 - Image Super-Resolution
04/08/2025, 22:34:11: Intermediate Target Step 2 - Image Super-Resolution -gen 102 -prompt 919
04/08/2025, 22:34:11: Target: Step 2 -time 6.72
04/08/2025, 22:34:11: Mismatch at 1. Cancel starts. 
04/08/2025, 22:34:11: Cancel task 3
04/08/2025, 22:34:11: sas tasks: ['Image Denoising', 'Image Deblurring', 'Image Super-Resolution']
04/08/2025, 22:34:11: flatten_tas: [(0, 'Image Denoising'), (1, 'Image Super-Resolution')]
04/08/2025, 22:34:11: step 1 app: Image Deblurring, tar: Image Super-Resolution
04/08/2025, 22:34:11: return sas tasks: ['Image Denoising', 'Image Super-Resolution']
04/08/2025, 22:34:11: react launch api for thought.
04/08/2025, 22:34:11: Target step 3 thought prompt token: 409
04/08/2025, 22:34:16: Target step 3 thought generation token: 156
04/08/2025, 22:34:16: react launch api for response.
04/08/2025, 22:34:16: Target step 3 response prompt token: 592
04/08/2025, 22:34:19: Target step 3 response generation token: 10
04/08/2025, 22:34:19: Target: Step 3 - Image Deblurring
04/08/2025, 22:34:19: Intermediate Target Step 3 - Image Deblurring -gen 166 -prompt 1001
04/08/2025, 22:34:19: Target: Step 3 -time 7.91
04/08/2025, 22:34:19: Mismatch at 0. Cancel starts. 
04/08/2025, 22:34:19: sas tasks: ['Image Deblurring']
04/08/2025, 22:34:19: flatten_tas: [(0, 'Image Deblurring')]
04/08/2025, 22:34:19: return sas tasks: ['Image Deblurring']
04/08/2025, 22:34:19: react launch api for thought.
04/08/2025, 22:34:19: Target step 4 thought prompt token: 418
04/08/2025, 22:34:30: Target step 4 thought generation token: 263
04/08/2025, 22:34:30: react launch api for response.
04/08/2025, 22:34:30: Target step 4 response prompt token: 708
04/08/2025, 22:34:31: Target step 4 response generation token: 8
04/08/2025, 22:34:31: Target: Step 4 - Image Classification
04/08/2025, 22:34:31: Intermediate Target Step 4 - Image Classification -gen 271 -prompt 1126
04/08/2025, 22:34:31: Target: Step 4 -time 11.86
04/08/2025, 22:34:31: Mismatch at 0. Cancel starts. 
04/08/2025, 22:34:31: sas tasks: ['Colorization']
04/08/2025, 22:34:31: flatten_tas: [(0, 'Image Classification')]
04/08/2025, 22:34:31: step 0 app: Colorization, tar: Image Classification
04/08/2025, 22:34:31: return sas tasks: ['Image Classification']
04/08/2025, 22:34:31: react launch api for thought.
04/08/2025, 22:34:31: Target step 5 thought prompt token: 425
04/08/2025, 22:34:48: Target step 5 thought generation token: 302
04/08/2025, 22:34:48: react launch api for response.
04/08/2025, 22:34:48: Target step 5 response prompt token: 754
04/08/2025, 22:34:50: Target step 5 response generation token: 8
04/08/2025, 22:34:50: Target: Step 5 - Object Detection
04/08/2025, 22:34:50: Intermediate Target Step 5 - Object Detection -gen 310 -prompt 1179
04/08/2025, 22:34:50: Target: Step 5 -time 18.37
04/08/2025, 22:34:50: Mismatch at 0. Cancel starts. 
04/08/2025, 22:34:50: sas tasks: ['Colorization']
04/08/2025, 22:34:50: flatten_tas: [(0, 'Object Detection')]
04/08/2025, 22:34:50: step 0 app: Colorization, tar: Object Detection
04/08/2025, 22:34:50: return sas tasks: ['Object Detection']
04/08/2025, 22:34:50: react launch api for thought.
04/08/2025, 22:34:50: Target step 6 thought prompt token: 432
04/08/2025, 22:35:05: Target step 6 thought generation token: 319
04/08/2025, 22:35:05: react launch api for response.
04/08/2025, 22:35:05: Target step 6 response prompt token: 778
04/08/2025, 22:35:06: Target step 6 response generation token: 9
04/08/2025, 22:35:06: Target: Step 6 - Image Captioning
04/08/2025, 22:35:06: Intermediate Target Step 6 - Image Captioning -gen 328 -prompt 1210
04/08/2025, 22:35:06: Target: Step 6 -time 16.22
04/08/2025, 22:35:06: Mismatch at 0. Cancel starts. 
04/08/2025, 22:35:06: sas tasks: ['Colorization']
04/08/2025, 22:35:06: flatten_tas: [(0, 'Image Captioning')]
04/08/2025, 22:35:06: step 0 app: Colorization, tar: Image Captioning
04/08/2025, 22:35:06: return sas tasks: ['Image Captioning']
04/08/2025, 22:35:06: react launch api for thought.
04/08/2025, 22:35:06: Target step 7 thought prompt token: 440
04/08/2025, 22:35:14: Target step 7 thought generation token: 295
04/08/2025, 22:35:14: react launch api for response.
04/08/2025, 22:35:14: Target step 7 response prompt token: 762
04/08/2025, 22:35:15: Target step 7 response generation token: 10
04/08/2025, 22:35:15: Target: Step 7 - Visual Question Answering
04/08/2025, 22:35:15: Intermediate Target Step 7 - Visual Question Answering -gen 305 -prompt 1202
04/08/2025, 22:35:15: Target: Step 7 -time 9.59
04/08/2025, 22:35:15: Mismatch at 0. Cancel starts. 
04/08/2025, 22:35:15: sas tasks: ['Visual Question Answering']
04/08/2025, 22:35:15: flatten_tas: [(0, 'Visual Question Answering')]
04/08/2025, 22:35:15: return sas tasks: ['Visual Question Answering']
04/08/2025, 22:35:15: react launch api for thought.
04/08/2025, 22:35:15: Target step 8 thought prompt token: 449
04/08/2025, 22:35:24: Target step 8 thought generation token: 358
04/08/2025, 22:35:24: react launch api for response.
04/08/2025, 22:35:24: Target step 8 response prompt token: 834
04/08/2025, 22:35:25: Target step 8 response generation token: 8
04/08/2025, 22:35:25: Target: Step 8 - Colorization
04/08/2025, 22:35:25: Intermediate Target Step 8 - Colorization -gen 366 -prompt 1283
04/08/2025, 22:35:25: Target: Step 8 -time 9.72
04/08/2025, 22:35:25: Mismatch at 0. Cancel starts. 
04/08/2025, 22:35:25: sas tasks: ['Colorization']
04/08/2025, 22:35:25: flatten_tas: [(0, 'Colorization')]
04/08/2025, 22:35:25: return sas tasks: ['Colorization']
04/08/2025, 22:35:25: react launch api for thought.
04/08/2025, 22:35:25: Target step 9 thought prompt token: 456
04/08/2025, 22:35:35: Target step 9 thought generation token: 198
04/08/2025, 22:35:35: react launch api for response.
04/08/2025, 22:35:35: Target step 9 response prompt token: 681
04/08/2025, 22:35:36: Target step 9 response generation token: 10
04/08/2025, 22:35:36: Target: Step 9 - Image Super-Resolution
04/08/2025, 22:35:36: Intermediate Target Step 9 - Image Super-Resolution -gen 208 -prompt 1137
04/08/2025, 22:35:36: Target: Step 9 -time 10.9
04/08/2025, 22:35:36: Mismatch at 0. Cancel starts. 
04/08/2025, 22:35:36: sas tasks: ['TERMINATE']
04/08/2025, 22:35:36: flatten_tas: [(0, 'Image Super-Resolution')]
04/08/2025, 22:35:36: step 0 app: TERMINATE, tar: Image Super-Resolution
04/08/2025, 22:35:36: return sas tasks: ['Image Super-Resolution']
04/08/2025, 22:35:36: react launch api for thought.
04/08/2025, 22:35:36: Target step 10 thought prompt token: 465
04/08/2025, 22:35:47: Target step 10 thought generation token: 325
04/08/2025, 22:35:47: react launch api for response.
04/08/2025, 22:35:47: Target step 10 response prompt token: 817
04/08/2025, 22:35:48: Target step 10 response generation token: 9
04/08/2025, 22:35:48: Target: Step 10 - TERMINATE
04/08/2025, 22:35:48: Intermediate Target Step 10 - TERMINATE -gen 334 -prompt 1282
04/08/2025, 22:35:48: Target: Step 10 -time 11.98
04/08/2025, 22:35:48: Mismatch at 0. Cancel starts. 
04/08/2025, 22:35:48: sas tasks: ['TERMINATE']
04/08/2025, 22:35:48: flatten_tas: [(0, 'TERMINATE')]
04/08/2025, 22:35:48: return sas tasks: ['TERMINATE']
