04/08/2025, 22:42:40: task description: Given low-resolutioned noisy blurry grayscale image, how to return the class label in English step by step?
04/08/2025, 22:42:40: react launch api for thought.
04/08/2025, 22:42:40: Target step 1 thought prompt token: 389
04/08/2025, 22:42:42: Target step 1 thought generation token: 78
04/08/2025, 22:42:42: react launch api for response.
04/08/2025, 22:42:42: Target step 1 response prompt token: 494
04/08/2025, 22:42:44: Target step 1 response generation token: 10
04/08/2025, 22:42:44: Target: Step 1 - Image Denoising
04/08/2025, 22:42:44: Intermediate Target Step 1 - Image Denoising -gen 88 -prompt 883
04/08/2025, 22:42:44: Target: Step 1 -time 4.13
04/08/2025, 22:42:44: Mismatch at 0. Cancel starts. 
04/08/2025, 22:42:44: sas tasks: ['Image Denoising']
04/08/2025, 22:42:44: flatten_tas: [(0, 'Image Denoising')]
04/08/2025, 22:42:44: return sas tasks: ['Image Denoising']
04/08/2025, 22:42:44: react launch api for thought.
04/08/2025, 22:42:44: Target step 2 thought prompt token: 404
04/08/2025, 22:42:47: Target step 2 thought generation token: 80
04/08/2025, 22:42:47: react launch api for response.
04/08/2025, 22:42:47: Target step 2 response prompt token: 511
04/08/2025, 22:42:48: Target step 2 response generation token: 10
04/08/2025, 22:42:48: Target: Step 2 - Image Deblurring
04/08/2025, 22:42:48: Intermediate Target Step 2 - Image Deblurring -gen 90 -prompt 915
04/08/2025, 22:42:48: Target: Step 2 -time 4.7
04/08/2025, 22:42:48: Mismatch at 0. Cancel starts. 
04/08/2025, 22:42:48: sas tasks: ['Image Deblurring']
04/08/2025, 22:42:48: flatten_tas: [(0, 'Image Deblurring')]
04/08/2025, 22:42:48: return sas tasks: ['Image Deblurring']
04/08/2025, 22:42:48: react launch api for thought.
04/08/2025, 22:42:48: Target step 3 thought prompt token: 413
04/08/2025, 22:42:54: Target step 3 thought generation token: 180
04/08/2025, 22:42:54: react launch api for response.
04/08/2025, 22:42:54: Target step 3 response prompt token: 620
04/08/2025, 22:42:56: Target step 3 response generation token: 10
04/08/2025, 22:42:56: Target: Step 3 - Image Super-Resolution
04/08/2025, 22:42:56: Intermediate Target Step 3 - Image Super-Resolution -gen 190 -prompt 1033
04/08/2025, 22:42:56: Target: Step 3 -time 7.11
04/08/2025, 22:42:56: Mismatch at 0. Cancel starts. 
04/08/2025, 22:42:56: sas tasks: ['Image Super-Resolution']
04/08/2025, 22:42:56: flatten_tas: [(0, 'Image Super-Resolution')]
04/08/2025, 22:42:56: return sas tasks: ['Image Super-Resolution']
04/08/2025, 22:42:56: react launch api for thought.
04/08/2025, 22:42:56: Target step 4 thought prompt token: 422
04/08/2025, 22:43:01: Target step 4 thought generation token: 152
04/08/2025, 22:43:01: react launch api for response.
04/08/2025, 22:43:01: Target step 4 response prompt token: 601
04/08/2025, 22:43:01: Target step 4 response generation token: 8
04/08/2025, 22:43:02: Target: Step 4 - Image Classification
04/08/2025, 22:43:02: Intermediate Target Step 4 - Image Classification -gen 160 -prompt 1023
04/08/2025, 22:43:02: Target: Step 4 -time 5.97
04/08/2025, 22:43:02: Mismatch at 0. Cancel starts. 
04/08/2025, 22:43:02: sas tasks: ['Image Classification']
04/08/2025, 22:43:02: flatten_tas: [(0, 'Image Classification')]
04/08/2025, 22:43:02: return sas tasks: ['Image Classification']
04/08/2025, 22:43:02: react launch api for thought.
04/08/2025, 22:43:02: Target step 5 thought prompt token: 429
04/08/2025, 22:43:02: react launch api for thought.
04/08/2025, 22:43:02: Target step 5 thought prompt token: 429
04/08/2025, 22:43:11: Target step 5 thought generation token: 268
04/08/2025, 22:43:11: react launch api for response.
04/08/2025, 22:43:11: Target step 5 response prompt token: 724
04/08/2025, 22:43:12: Target step 5 response generation token: 9
04/08/2025, 22:43:12: Target: Step 5 - TERMINATE
04/08/2025, 22:43:12: Intermediate Target Step 5 - TERMINATE -gen 277 -prompt 1153
04/08/2025, 22:43:12: Target: Step 5 -time 10.33
04/08/2025, 22:43:12: Mismatch at 0. Cancel starts. 
04/08/2025, 22:43:12: sas tasks: ['TERMINATE']
04/08/2025, 22:43:12: flatten_tas: [(0, 'TERMINATE')]
04/08/2025, 22:43:12: return sas tasks: ['TERMINATE']
