04/08/2025, 22:38:44: task description: Given low-resolutioned noisy blurry grayscale image, how to return the caption in German step by step?
04/08/2025, 22:38:44: react launch api for thought.
04/08/2025, 22:38:44: Target step 1 thought prompt token: 388
04/08/2025, 22:38:48: Target step 1 thought generation token: 107
04/08/2025, 22:38:48: react launch api for response.
04/08/2025, 22:38:48: Target step 1 response prompt token: 522
04/08/2025, 22:38:51: Target step 1 response generation token: 10
04/08/2025, 22:38:51: Target: Step 1 - Image Super-Resolution
04/08/2025, 22:38:51: Intermediate Target Step 1 - Image Super-Resolution -gen 117 -prompt 910
04/08/2025, 22:38:51: Target: Step 1 -time 7.19
04/08/2025, 22:38:51: Mismatch at 0. Cancel starts. 
04/08/2025, 22:38:51: sas tasks: ['Image Denoising']
04/08/2025, 22:38:51: flatten_tas: [(0, 'Image Super-Resolution')]
04/08/2025, 22:38:51: step 0 app: Image Denoising, tar: Image Super-Resolution
04/08/2025, 22:38:51: return sas tasks: ['Image Super-Resolution']
04/08/2025, 22:38:51: react launch api for thought.
04/08/2025, 22:38:51: Target step 2 thought prompt token: 403
04/08/2025, 22:38:55: Target step 2 thought generation token: 91
04/08/2025, 22:38:55: react launch api for response.
04/08/2025, 22:38:55: Target step 2 response prompt token: 521
04/08/2025, 22:38:57: Target step 2 response generation token: 10
04/08/2025, 22:38:57: Target: Step 2 - Image Denoising
04/08/2025, 22:38:57: Intermediate Target Step 2 - Image Denoising -gen 101 -prompt 924
04/08/2025, 22:38:57: Target: Step 2 -time 5.96
04/08/2025, 22:38:57: Mismatch at 0. Cancel starts. 
04/08/2025, 22:38:57: sas tasks: ['Image Deblurring']
04/08/2025, 22:38:57: flatten_tas: [(0, 'Image Denoising')]
04/08/2025, 22:38:57: step 0 app: Image Deblurring, tar: Image Denoising
04/08/2025, 22:38:57: return sas tasks: ['Image Denoising']
04/08/2025, 22:38:57: react launch api for thought.
04/08/2025, 22:38:57: Target step 3 thought prompt token: 412
04/08/2025, 22:39:01: Target step 3 thought generation token: 91
04/08/2025, 22:39:01: react launch api for response.
04/08/2025, 22:39:01: Target step 3 response prompt token: 530
04/08/2025, 22:39:02: Target step 3 response generation token: 10
04/08/2025, 22:39:02: Target: Step 3 - Image Deblurring
04/08/2025, 22:39:02: Intermediate Target Step 3 - Image Deblurring -gen 101 -prompt 942
04/08/2025, 22:39:02: Target: Step 3 -time 5.17
04/08/2025, 22:39:02: Mismatch at 0. Cancel starts. 
04/08/2025, 22:39:02: sas tasks: ['Image Deblurring']
04/08/2025, 22:39:02: flatten_tas: [(0, 'Image Deblurring')]
04/08/2025, 22:39:02: return sas tasks: ['Image Deblurring']
04/08/2025, 22:39:02: react launch api for thought.
04/08/2025, 22:39:02: Target step 4 thought prompt token: 421
04/08/2025, 22:39:08: Target step 4 thought generation token: 182
04/08/2025, 22:39:08: react launch api for response.
04/08/2025, 22:39:08: Target step 4 response prompt token: 630
04/08/2025, 22:39:09: Target step 4 response generation token: 9
04/08/2025, 22:39:09: Target: Step 4 - Image Captioning
04/08/2025, 22:39:09: Intermediate Target Step 4 - Image Captioning -gen 191 -prompt 1051
04/08/2025, 22:39:09: Target: Step 4 -time 7.44
04/08/2025, 22:39:09: Mismatch at 0. Cancel starts. 
04/08/2025, 22:39:09: sas tasks: ['Image Captioning']
04/08/2025, 22:39:09: flatten_tas: [(0, 'Image Captioning')]
04/08/2025, 22:39:09: return sas tasks: ['Image Captioning']
04/08/2025, 22:39:09: react launch api for thought.
04/08/2025, 22:39:09: Target step 5 thought prompt token: 429
04/08/2025, 22:39:11: react launch api for thought.
04/08/2025, 22:39:11: Target step 6 thought prompt token: 436
04/08/2025, 22:39:18: Target step 5 thought generation token: 201
04/08/2025, 22:39:18: react launch api for response.
04/08/2025, 22:39:18: Target step 5 response prompt token: 657
04/08/2025, 22:39:19: Target step 5 response generation token: 8
04/08/2025, 22:39:19: Target: Step 5 - Machine Translation
04/08/2025, 22:39:19: Intermediate Target Step 5 - Machine Translation -gen 209 -prompt 1086
04/08/2025, 22:39:19: Target: Step 5 -time 9.73
04/08/2025, 22:39:21: Target step 6 thought generation token: 265
04/08/2025, 22:39:21: react launch api for response.
04/08/2025, 22:39:21: Target step 6 response prompt token: 728
04/08/2025, 22:39:22: Target step 6 response generation token: 9
04/08/2025, 22:39:22: Target: Step 6 - TERMINATE
04/08/2025, 22:39:22: Intermediate Target Step 6 - TERMINATE -gen 274 -prompt 1164
04/08/2025, 22:39:22: Target: Step 6 -time 11.11
04/08/2025, 22:39:22: Mismatch at 0. Cancel starts. 
04/08/2025, 22:39:22: sas tasks: ['Machine Translation', 'Machine Translation']
04/08/2025, 22:39:22: flatten_tas: [(0, 'Machine Translation'), (1, 'TERMINATE')]
04/08/2025, 22:39:22: step 1 app: Machine Translation, tar: TERMINATE
04/08/2025, 22:39:22: return sas tasks: ['Machine Translation', 'TERMINATE']
