04/08/2025, 22:32:28: task description: Given blurry image, how to return the regular image step by step?
04/08/2025, 22:32:28: react launch api for thought.
04/08/2025, 22:32:28: Target step 1 thought prompt token: 382
04/08/2025, 22:32:32: react launch api for thought.
04/08/2025, 22:32:32: Target step 2 thought prompt token: 397
04/08/2025, 22:32:35: Target step 1 thought generation token: 109
04/08/2025, 22:32:35: react launch api for response.
04/08/2025, 22:32:35: Target step 1 response prompt token: 518
04/08/2025, 22:32:36: Target step 2 thought generation token: 98
04/08/2025, 22:32:36: react launch api for response.
04/08/2025, 22:32:36: Target step 2 response prompt token: 522
04/08/2025, 22:32:37: Target step 1 response generation token: 10
04/08/2025, 22:32:37: Target: Step 1 - Image Deblurring
04/08/2025, 22:32:37: Intermediate Target Step 1 - Image Deblurring -gen 119 -prompt 900
04/08/2025, 22:32:37: Target: Step 1 -time 8.95
04/08/2025, 22:32:37: Target step 2 response generation token: 10
04/08/2025, 22:32:37: Target: Step 2 - Image Denoising
04/08/2025, 22:32:37: Intermediate Target Step 2 - Image Denoising -gen 108 -prompt 919
04/08/2025, 22:32:37: Target: Step 2 -time 4.91
04/08/2025, 22:32:37: Mismatch at 1. Cancel starts. 
04/08/2025, 22:32:37: sas tasks: ['Image Deblurring', 'Image Super-Resolution']
04/08/2025, 22:32:37: flatten_tas: [(0, 'Image Deblurring'), (1, 'Image Denoising')]
04/08/2025, 22:32:37: step 1 app: Image Super-Resolution, tar: Image Denoising
04/08/2025, 22:32:37: return sas tasks: ['Image Deblurring', 'Image Denoising']
04/08/2025, 22:32:37: react launch api for thought.
04/08/2025, 22:32:37: Target step 3 thought prompt token: 406
04/08/2025, 22:32:41: react launch api for thought.
04/08/2025, 22:32:41: Target step 4 thought prompt token: 415
04/08/2025, 22:32:44: Target step 3 thought generation token: 229
04/08/2025, 22:32:44: react launch api for response.
04/08/2025, 22:32:44: Target step 3 response prompt token: 662
04/08/2025, 22:32:45: Target step 3 response generation token: 10
04/08/2025, 22:32:45: Target: Step 3 - Image Super-Resolution
04/08/2025, 22:32:45: Intermediate Target Step 3 - Image Super-Resolution -gen 239 -prompt 1068
04/08/2025, 22:32:45: Target: Step 3 -time 8.26
04/08/2025, 22:32:50: Target step 4 thought generation token: 244
04/08/2025, 22:32:50: react launch api for response.
04/08/2025, 22:32:50: Target step 4 response prompt token: 686
04/08/2025, 22:32:50: Target step 4 response generation token: 8
04/08/2025, 22:32:50: Target: Step 4 - Image Classification
04/08/2025, 22:32:50: Intermediate Target Step 4 - Image Classification -gen 252 -prompt 1101
04/08/2025, 22:32:50: Target: Step 4 -time 9.07
04/08/2025, 22:32:50: Mismatch at 1. Cancel starts. 
04/08/2025, 22:32:50: sas tasks: ['Image Super-Resolution', 'Image Super-Resolution']
04/08/2025, 22:32:50: flatten_tas: [(0, 'Image Super-Resolution'), (1, 'Image Classification')]
04/08/2025, 22:32:50: step 1 app: Image Super-Resolution, tar: Image Classification
04/08/2025, 22:32:50: return sas tasks: ['Image Super-Resolution', 'Image Classification']
04/08/2025, 22:32:50: react launch api for thought.
04/08/2025, 22:32:50: Target step 5 thought prompt token: 422
04/08/2025, 22:33:00: Target step 5 thought generation token: 279
04/08/2025, 22:33:00: react launch api for response.
04/08/2025, 22:33:00: Target step 5 response prompt token: 728
04/08/2025, 22:33:01: Target step 5 response generation token: 8
04/08/2025, 22:33:01: Target: Step 5 - Object Detection
04/08/2025, 22:33:01: Intermediate Target Step 5 - Object Detection -gen 287 -prompt 1150
04/08/2025, 22:33:01: Target: Step 5 -time 10.48
04/08/2025, 22:33:01: Mismatch at 0. Cancel starts. 
04/08/2025, 22:33:01: sas tasks: ['Image Classification']
04/08/2025, 22:33:01: flatten_tas: [(0, 'Object Detection')]
04/08/2025, 22:33:01: step 0 app: Image Classification, tar: Object Detection
04/08/2025, 22:33:01: return sas tasks: ['Object Detection']
04/08/2025, 22:33:01: react launch api for thought.
04/08/2025, 22:33:01: Target step 6 thought prompt token: 429
04/08/2025, 22:33:14: Target step 6 thought generation token: 354
04/08/2025, 22:33:14: react launch api for response.
04/08/2025, 22:33:14: Target step 6 response prompt token: 810
04/08/2025, 22:33:17: Target step 6 response generation token: 9
04/08/2025, 22:33:17: Target: Step 6 - Image Captioning
04/08/2025, 22:33:17: Intermediate Target Step 6 - Image Captioning -gen 363 -prompt 1239
04/08/2025, 22:33:17: Target: Step 6 -time 15.99
04/08/2025, 22:33:17: Mismatch at 0. Cancel starts. 
04/08/2025, 22:33:17: sas tasks: ['Colorization']
04/08/2025, 22:33:17: flatten_tas: [(0, 'Image Captioning')]
04/08/2025, 22:33:17: step 0 app: Colorization, tar: Image Captioning
04/08/2025, 22:33:17: return sas tasks: ['Image Captioning']
04/08/2025, 22:33:17: react launch api for thought.
04/08/2025, 22:33:17: Target step 7 thought prompt token: 437
04/08/2025, 22:33:34: Target step 7 thought generation token: 354
04/08/2025, 22:33:34: react launch api for response.
04/08/2025, 22:33:34: Target step 7 response prompt token: 818
04/08/2025, 22:33:36: Target step 7 response generation token: 10
04/08/2025, 22:33:36: Target: Step 7 - Visual Question Answering
04/08/2025, 22:33:36: Intermediate Target Step 7 - Visual Question Answering -gen 364 -prompt 1255
04/08/2025, 22:33:36: Target: Step 7 -time 19.31
04/08/2025, 22:33:36: Mismatch at 0. Cancel starts. 
04/08/2025, 22:33:36: sas tasks: ['Visual Question Answering']
04/08/2025, 22:33:36: flatten_tas: [(0, 'Visual Question Answering')]
04/08/2025, 22:33:36: return sas tasks: ['Visual Question Answering']
04/08/2025, 22:33:36: react launch api for thought.
04/08/2025, 22:33:36: Target step 8 thought prompt token: 446
04/08/2025, 22:33:45: Target step 8 thought generation token: 314
04/08/2025, 22:33:45: react launch api for response.
04/08/2025, 22:33:45: Target step 8 response prompt token: 787
04/08/2025, 22:33:46: Target step 8 response generation token: 8
04/08/2025, 22:33:46: Target: Step 8 - Colorization
04/08/2025, 22:33:46: Intermediate Target Step 8 - Colorization -gen 322 -prompt 1233
04/08/2025, 22:33:46: Target: Step 8 -time 9.47
04/08/2025, 22:33:46: Mismatch at 0. Cancel starts. 
04/08/2025, 22:33:46: sas tasks: ['TERMINATE']
04/08/2025, 22:33:46: flatten_tas: [(0, 'Colorization')]
04/08/2025, 22:33:46: step 0 app: TERMINATE, tar: Colorization
04/08/2025, 22:33:46: return sas tasks: ['Colorization']
04/08/2025, 22:33:46: react launch api for thought.
04/08/2025, 22:33:46: Target step 9 thought prompt token: 453
04/08/2025, 22:33:51: Target step 9 thought generation token: 189
04/08/2025, 22:33:51: react launch api for response.
04/08/2025, 22:33:51: Target step 9 response prompt token: 669
04/08/2025, 22:33:53: Target step 9 response generation token: 11
04/08/2025, 22:33:53: Target: Step 9 - Text-to-Image Generation
04/08/2025, 22:33:53: Intermediate Target Step 9 - Text-to-Image Generation -gen 200 -prompt 1122
04/08/2025, 22:33:53: Target: Step 9 -time 6.88
04/08/2025, 22:33:53: Mismatch at 0. Cancel starts. 
04/08/2025, 22:33:53: sas tasks: ['TERMINATE']
04/08/2025, 22:33:53: flatten_tas: [(0, 'Text-to-Image Generation')]
04/08/2025, 22:33:53: step 0 app: TERMINATE, tar: Text-to-Image Generation
04/08/2025, 22:33:53: return sas tasks: ['Text-to-Image Generation']
04/08/2025, 22:33:53: react launch api for thought.
04/08/2025, 22:33:53: Target step 10 thought prompt token: 463
04/08/2025, 22:34:00: Target step 10 thought generation token: 213
04/08/2025, 22:34:00: react launch api for response.
04/08/2025, 22:34:00: Target step 10 response prompt token: 703
04/08/2025, 22:34:02: Target step 10 response generation token: 9
04/08/2025, 22:34:02: Target: Step 10 - TERMINATE
04/08/2025, 22:34:02: Intermediate Target Step 10 - TERMINATE -gen 222 -prompt 1166
04/08/2025, 22:34:02: Target: Step 10 -time 8.91
04/08/2025, 22:34:02: Mismatch at 0. Cancel starts. 
04/08/2025, 22:34:02: sas tasks: ['TERMINATE']
04/08/2025, 22:34:02: flatten_tas: [(0, 'TERMINATE')]
04/08/2025, 22:34:02: return sas tasks: ['TERMINATE']
