04/08/2025, 22:39:22: task description: Given low-resolutioned noisy blurry grayscale image, how to return the class label in German step by step?
04/08/2025, 22:39:22: react launch api for thought.
04/08/2025, 22:39:22: Target step 1 thought prompt token: 389
04/08/2025, 22:39:24: react launch api for thought.
04/08/2025, 22:39:24: Target step 2 thought prompt token: 404
04/08/2025, 22:39:25: react launch api for thought.
04/08/2025, 22:39:25: Target step 3 thought prompt token: 413
04/08/2025, 22:39:27: Target step 2 thought generation token: 65
04/08/2025, 22:39:27: react launch api for response.
04/08/2025, 22:39:27: Target step 2 response prompt token: 496
04/08/2025, 22:39:27: react launch api for thought.
04/08/2025, 22:39:27: Target step 4 thought prompt token: 422
04/08/2025, 22:39:28: Target step 2 response generation token: 10
04/08/2025, 22:39:28: Intermediate Target Step 2 - Image Deblurring -gen 75 -prompt 900
04/08/2025, 22:39:28: Target: Step 2 -time 4.1
04/08/2025, 22:39:30: Target step 3 thought generation token: 109
04/08/2025, 22:39:30: react launch api for response.
04/08/2025, 22:39:30: Target step 3 response prompt token: 549
04/08/2025, 22:39:31: Target step 3 response generation token: 10
04/08/2025, 22:39:31: Intermediate Target Step 3 - Image Super-Resolution -gen 119 -prompt 962
04/08/2025, 22:39:31: Target: Step 3 -time 6.0
04/08/2025, 22:39:34: Target step 1 thought generation token: 245
04/08/2025, 22:39:34: react launch api for response.
04/08/2025, 22:39:34: Target step 1 response prompt token: 661
04/08/2025, 22:39:34: Target step 4 thought generation token: 150
04/08/2025, 22:39:34: react launch api for response.
04/08/2025, 22:39:34: Target step 4 response prompt token: 599
04/08/2025, 22:39:35: Target step 1 response generation token: 10
04/08/2025, 22:39:35: Target: Step 1 - Image Super-Resolution
04/08/2025, 22:39:35: Intermediate Target Step 1 - Image Super-Resolution -gen 255 -prompt 1050
04/08/2025, 22:39:35: Target: Step 1 -time 12.49
04/08/2025, 22:39:35: Mismatch at 0. Cancel starts. 
04/08/2025, 22:39:35: Cancel task 4
04/08/2025, 22:39:35: Intermediate Target Step 4 - None -gen 150 -prompt 1021
04/08/2025, 22:39:35: Target: Step 4 -time 7.15
04/08/2025, 22:39:35: sas tasks: ['Image Denoising', 'Image Deblurring', 'Image Super-Resolution', 'Image Classification']
04/08/2025, 22:39:35: flatten_tas: [(0, 'Image Super-Resolution'), (1, 'Image Deblurring'), (2, 'Image Super-Resolution')]
04/08/2025, 22:39:35: step 0 app: Image Denoising, tar: Image Super-Resolution
04/08/2025, 22:39:35: return sas tasks: ['Image Super-Resolution']
04/08/2025, 22:39:35: react launch api for thought.
04/08/2025, 22:39:35: Target step 2 thought prompt token: 404
04/08/2025, 22:39:37: react launch api for thought.
04/08/2025, 22:39:37: Target step 3 thought prompt token: 413
04/08/2025, 22:39:38: react launch api for thought.
04/08/2025, 22:39:38: Target step 4 thought prompt token: 420
04/08/2025, 22:39:38: react launch api for thought.
04/08/2025, 22:39:38: Target step 4 thought prompt token: 420
04/08/2025, 22:39:40: Target step 2 thought generation token: 113
04/08/2025, 22:39:40: react launch api for response.
04/08/2025, 22:39:40: Target step 2 response prompt token: 544
04/08/2025, 22:39:41: Target step 2 response generation token: 10
04/08/2025, 22:39:41: Target: Step 2 - Image Denoising
04/08/2025, 22:39:41: Intermediate Target Step 2 - Image Denoising -gen 123 -prompt 948
04/08/2025, 22:39:41: Target: Step 2 -time 5.99
04/08/2025, 22:39:41: Mismatch at 0. Cancel starts. 
04/08/2025, 22:39:41: Cancel task 3
04/08/2025, 22:39:41: Intermediate Target Step 3 - None -gen 119 -prompt 413
04/08/2025, 22:39:41: Target: Step 3 -time 3.4
04/08/2025, 22:39:41: Cancel task 4
04/08/2025, 22:39:41: Intermediate Target Step 4 - None -gen 150 -prompt 420
04/08/2025, 22:39:41: Target: Step 4 -time 2.34
04/08/2025, 22:39:41: sas tasks: ['Image Deblurring', 'Image Classification', 'Machine Translation']
04/08/2025, 22:39:41: flatten_tas: [(0, 'Image Denoising')]
04/08/2025, 22:39:41: step 0 app: Image Deblurring, tar: Image Denoising
04/08/2025, 22:39:41: return sas tasks: ['Image Denoising']
04/08/2025, 22:39:41: react launch api for thought.
04/08/2025, 22:39:41: Target step 3 thought prompt token: 413
04/08/2025, 22:39:45: Target step 3 thought generation token: 89
04/08/2025, 22:39:45: react launch api for response.
04/08/2025, 22:39:45: Target step 3 response prompt token: 529
04/08/2025, 22:39:46: Target step 3 response generation token: 10
04/08/2025, 22:39:46: Target: Step 3 - Image Deblurring
04/08/2025, 22:39:46: Intermediate Target Step 3 - Image Deblurring -gen 99 -prompt 942
04/08/2025, 22:39:46: Target: Step 3 -time 5.6
04/08/2025, 22:39:46: Mismatch at 0. Cancel starts. 
04/08/2025, 22:39:46: sas tasks: ['Image Deblurring']
04/08/2025, 22:39:46: flatten_tas: [(0, 'Image Deblurring')]
04/08/2025, 22:39:46: return sas tasks: ['Image Deblurring']
04/08/2025, 22:39:46: react launch api for thought.
04/08/2025, 22:39:46: Target step 4 thought prompt token: 422
04/08/2025, 22:39:50: Target step 4 thought generation token: 136
04/08/2025, 22:39:50: react launch api for response.
04/08/2025, 22:39:50: Target step 4 response prompt token: 585
04/08/2025, 22:39:51: Target step 4 response generation token: 8
04/08/2025, 22:39:51: Target: Step 4 - Image Classification
04/08/2025, 22:39:51: Intermediate Target Step 4 - Image Classification -gen 144 -prompt 1007
04/08/2025, 22:39:51: Target: Step 4 -time 5.14
04/08/2025, 22:39:51: Mismatch at 0. Cancel starts. 
04/08/2025, 22:39:51: sas tasks: ['Image Classification']
04/08/2025, 22:39:51: flatten_tas: [(0, 'Image Classification')]
04/08/2025, 22:39:51: return sas tasks: ['Image Classification']
04/08/2025, 22:39:51: react launch api for thought.
04/08/2025, 22:39:51: Target step 5 thought prompt token: 429
04/08/2025, 22:40:01: Target step 5 thought generation token: 235
04/08/2025, 22:40:01: react launch api for response.
04/08/2025, 22:40:01: Target step 5 response prompt token: 691
04/08/2025, 22:40:01: Target step 5 response generation token: 8
04/08/2025, 22:40:01: Target: Step 5 - Machine Translation
04/08/2025, 22:40:01: Intermediate Target Step 5 - Machine Translation -gen 243 -prompt 1120
04/08/2025, 22:40:01: Target: Step 5 -time 10.03
04/08/2025, 22:40:01: Mismatch at 0. Cancel starts. 
04/08/2025, 22:40:01: sas tasks: ['Machine Translation']
04/08/2025, 22:40:01: flatten_tas: [(0, 'Machine Translation')]
04/08/2025, 22:40:01: return sas tasks: ['Machine Translation']
04/08/2025, 22:40:01: react launch api for thought.
04/08/2025, 22:40:02: Target step 6 thought prompt token: 436
04/08/2025, 22:40:11: Target step 6 thought generation token: 254
04/08/2025, 22:40:11: react launch api for response.
04/08/2025, 22:40:11: Target step 6 response prompt token: 717
04/08/2025, 22:40:12: Target step 6 response generation token: 9
04/08/2025, 22:40:12: Target: Step 6 - TERMINATE
04/08/2025, 22:40:12: Intermediate Target Step 6 - TERMINATE -gen 263 -prompt 1153
04/08/2025, 22:40:12: Target: Step 6 -time 10.08
04/08/2025, 22:40:12: Mismatch at 0. Cancel starts. 
04/08/2025, 22:40:12: sas tasks: ['TERMINATE']
04/08/2025, 22:40:12: flatten_tas: [(0, 'TERMINATE')]
04/08/2025, 22:40:12: return sas tasks: ['TERMINATE']
