04/08/2025, 22:39:16: chosen index [0, 20, 8, 3, 1, 4, 15, 10, 6]
04/08/2025, 22:39:23: Epoch 1 - Loss: 0.12147568166255951 - Accuracy: 100.0%
04/08/2025, 22:39:30: chosen index [15, 7, 0, 12, 14, 3, 4, 19, 17, 20, 13]
04/08/2025, 22:39:35: Epoch 2 - Loss: 0.14436592161655426 - Accuracy: 100.0%
04/08/2025, 22:39:42: chosen index [24, 23, 3, 1, 6, 15]
04/08/2025, 22:39:51: Epoch 3 - Loss: 1.5417158603668213 - Accuracy: 70.59%
04/08/2025, 22:39:58: chosen index [6, 0, 1, 3, 9, 13, 2, 10]
04/08/2025, 22:40:06: Epoch 1 - Loss: 0.06863951683044434 - Accuracy: 100.0%
04/08/2025, 22:40:13: chosen index [3, 20, 17, 15, 0, 23, 4, 7, 14]
04/08/2025, 22:40:23: Epoch 2 - Loss: 0.5033040046691895 - Accuracy: 88.24%
04/08/2025, 22:40:30: chosen index [22, 1, 9, 20, 4, 6, 3, 24]
04/08/2025, 22:40:37: Epoch 3 - Loss: 0.6657129526138306 - Accuracy: 87.5%
04/08/2025, 22:40:44: chosen index [2, 0, 1, 3, 6, 13, 4, 25]
04/08/2025, 22:40:51: Epoch 1 - Loss: 0.5135669708251953 - Accuracy: 94.12%
04/08/2025, 22:40:58: chosen index [14, 2, 12, 6, 26]
04/08/2025, 22:41:09: Epoch 2 - Loss: 0.5735996961593628 - Accuracy: 100.0%
04/08/2025, 22:41:16: chosen index [10, 11, 19, 24, 12, 26]
04/08/2025, 22:41:29: Epoch 3 - Loss: 0.48901787400245667 - Accuracy: 100.0%
04/08/2025, 22:41:38: chosen index [14, 8, 13, 6, 3, 2, 25, 19, 26]
04/08/2025, 22:41:51: Epoch 1 - Loss: 0.323785662651062 - Accuracy: 96.0%
04/08/2025, 22:42:01: chosen index [28, 17, 11, 1, 13, 18, 20, 6]
04/08/2025, 22:42:09: Epoch 2 - Loss: 0.14903853833675385 - Accuracy: 88.89%
04/08/2025, 22:42:17: chosen index [3, 22, 17, 15, 0, 25, 4, 7, 14]
04/08/2025, 22:42:25: Epoch 3 - Loss: 0.32083770632743835 - Accuracy: 62.5%
04/08/2025, 22:42:31: chosen index [19, 1, 27, 9, 15, 3, 6, 20, 2, 11]
04/08/2025, 22:42:42: Epoch 1 - Loss: 0.24261918663978577 - Accuracy: 68.42%
04/08/2025, 22:42:50: chosen index [3, 22, 17, 15, 0, 25, 4, 7, 14]
04/08/2025, 22:42:58: Epoch 2 - Loss: 0.4470297694206238 - Accuracy: 31.25%
04/08/2025, 22:43:05: chosen index [19, 1, 27, 9, 15, 3, 6, 20, 2, 11]
04/08/2025, 22:43:15: Epoch 3 - Loss: 0.2411280870437622 - Accuracy: 63.16%
04/08/2025, 22:43:24: chosen index [3, 22, 17, 15, 0, 25, 4, 7, 14]
04/08/2025, 22:43:32: Epoch 1 - Loss: 0.28290167450904846 - Accuracy: 68.75%
04/08/2025, 22:43:39: chosen index [3, 20, 1, 27, 15, 26]
04/08/2025, 22:43:48: Epoch 2 - Loss: 0.21299917995929718 - Accuracy: 88.24%
04/08/2025, 22:43:55: chosen index [27, 0, 1, 12, 29, 6, 13, 30]
04/08/2025, 22:44:09: Epoch 3 - Loss: 0.2394178956747055 - Accuracy: 96.15%
04/08/2025, 22:44:18: chosen index [9, 11, 28, 14, 16, 13, 5, 22, 24]
04/08/2025, 22:45:18: Epoch 1 - Loss: 0.06794379651546478 - Accuracy: 100.0%
04/08/2025, 22:45:38: chosen index [9, 7, 22, 6, 10, 13, 14, 21]
04/08/2025, 22:46:11: Epoch 2 - Loss: 0.055607669055461884 - Accuracy: 100.0%
04/08/2025, 22:46:32: chosen index [20, 18, 11, 1, 13, 29, 28, 6]
04/08/2025, 22:47:20: Epoch 3 - Loss: 0.055689018219709396 - Accuracy: 100.0%
