04/08/2025, 22:23:25: task description: Given low-resolutioned noisy blurry grayscale image, how to return the object names in English step by step?
04/08/2025, 22:23:25: Approximation: Step 1 -prompt token 371
04/08/2025, 22:23:25: Predictor time: 0.12s
04/08/2025, 22:23:25: Predict K: 1
04/08/2025, 22:23:26: Approximation: Step 1 - Image Denoising -time 1.47 -token 10
04/08/2025, 22:23:29: Approximation: Step 2 -prompt token 401
04/08/2025, 22:23:29: Predictor time: 0.34s
04/08/2025, 22:23:29: Predict K: 1
04/08/2025, 22:23:30: Approximation: Step 2 - Image Denoising -time 1.36 -token 10
04/08/2025, 22:23:36: Approximation: Step 3 -prompt token 416
04/08/2025, 22:23:37: Predictor time: 0.7s
04/08/2025, 22:23:37: Predict K: 1
04/08/2025, 22:23:38: Approximation: Step 3 - Image Super-Resolution -time 1.57 -token 10
04/08/2025, 22:23:43: Approximation: Step 4 -prompt token 431
04/08/2025, 22:23:43: Predictor time: 0.29s
04/08/2025, 22:23:43: Predict K: 1
04/08/2025, 22:23:44: Approximation: Step 4 - Object Detection -time 1.31 -token 8
04/08/2025, 22:23:50: Approximation: Step 5 -prompt token 444
04/08/2025, 22:23:50: Predictor time: 0.2s
04/08/2025, 22:23:50: Predict K: 1
04/08/2025, 22:23:51: Approximation: Step 5 - Image Classification -time 1.36 -token 8
04/08/2025, 22:24:01: Approximation: Step 6 -prompt token 464
04/08/2025, 22:24:02: Predictor time: 0.44s
04/08/2025, 22:24:02: Predict K: 1
04/08/2025, 22:24:04: Approximation: Step 6 - Image Classification -time 2.48 -token 8
04/08/2025, 22:24:15: Approximation: Step 7 -prompt token 486
04/08/2025, 22:24:16: Predictor time: 0.61s
04/08/2025, 22:24:16: Predict K: 1
04/08/2025, 22:24:17: Approximation: Step 7 - Machine Translation -time 2.05 -token 8
04/08/2025, 22:24:28: Approximation: Step 8 -prompt token 499
04/08/2025, 22:24:29: Predictor time: 0.85s
04/08/2025, 22:24:29: Predict K: 1
04/08/2025, 22:24:32: Approximation: Step 8 - TERMINATE -time 3.74 -token 9
04/08/2025, 22:24:41: Approximation: Step 9 -prompt token 517
04/08/2025, 22:24:42: Predictor time: 0.41s
04/08/2025, 22:24:42: Predict K: 1
04/08/2025, 22:24:43: Approximation: Step 9 - Question Answering -time 1.42 -token 9
04/08/2025, 22:25:00: Approximation: Step 10 -prompt token 531
04/08/2025, 22:25:00: Predictor time: 0.35s
04/08/2025, 22:25:00: Predict K: 1
04/08/2025, 22:25:01: Approximation: Step 10 - TERMINATE -time 1.81 -token 9
