04/08/2025, 22:15:24: task description: Given low-resolutioned noisy image, how to return the regular image step by step?
04/08/2025, 22:15:24: Approximation: Step 1 -prompt token 367
04/08/2025, 22:15:24: Predictor time: 0.17s
04/08/2025, 22:15:24: Predict K: 2
04/08/2025, 22:15:26: Approximation: Step 1 - Image Denoising -time 1.59 -token 10
04/08/2025, 22:15:26: Approximation: Step 2 -prompt token 382
04/08/2025, 22:15:27: Approximation: Step 2 - Image Deblurring -time 1.34 -token 10
04/08/2025, 22:15:33: Approximation: Step 3 -prompt token 412
04/08/2025, 22:15:34: Predictor time: 0.84s
04/08/2025, 22:15:34: Predict K: 2
04/08/2025, 22:15:35: Approximation: Step 3 - Image Deblurring -time 1.65 -token 10
04/08/2025, 22:15:35: Approximation: Step 4 -prompt token 421
04/08/2025, 22:15:36: Approximation: Step 4 - TERMINATE -time 1.0 -token 9
04/08/2025, 22:15:46: Approximation: Step 5 -prompt token 445
04/08/2025, 22:15:47: Predictor time: 0.73s
04/08/2025, 22:15:47: Predict K: 1
04/08/2025, 22:15:48: Approximation: Step 5 - TERMINATE -time 2.47 -token 9
04/08/2025, 22:15:59: Approximation: Step 6 -prompt token 465
04/08/2025, 22:15:59: Predictor time: 0.61s
04/08/2025, 22:15:59: Predict K: 1
04/08/2025, 22:16:01: Approximation: Step 6 - TERMINATE -time 2.59 -token 9
04/08/2025, 22:16:07: Approximation: Step 7 -prompt token 487
04/08/2025, 22:16:08: Predictor time: 0.73s
04/08/2025, 22:16:08: Predict K: 1
04/08/2025, 22:16:09: Approximation: Step 7 - Object Detection -time 1.46 -token 8
04/08/2025, 22:16:22: Approximation: Step 8 -prompt token 505
04/08/2025, 22:16:22: Predictor time: 0.38s
04/08/2025, 22:16:22: Predict K: 1
04/08/2025, 22:16:23: Approximation: Step 8 - Object Detection -time 1.53 -token 8
04/08/2025, 22:16:36: Approximation: Step 9 -prompt token 518
04/08/2025, 22:16:37: Predictor time: 0.17s
04/08/2025, 22:16:37: Predict K: 1
04/08/2025, 22:16:38: Approximation: Step 9 - TERMINATE -time 1.37 -token 9
