04/08/2025, 22:18:47: task description: Given low-resolutioned noisy blurry grayscale image, how to return the caption in German step by step?
04/08/2025, 22:18:47: Approximation: Step 1 -prompt token 370
04/08/2025, 22:18:47: Predictor time: 0.35s
04/08/2025, 22:18:47: Predict K: 1
04/08/2025, 22:18:48: Approximation: Step 1 - Image Denoising -time 1.31 -token 10
04/08/2025, 22:18:51: Approximation: Step 2 -prompt token 391
04/08/2025, 22:18:52: Predictor time: 0.28s
04/08/2025, 22:18:52: Predict K: 1
04/08/2025, 22:18:52: Approximation: Step 2 - Image Deblurring -time 1.02 -token 10
04/08/2025, 22:18:56: Approximation: Step 3 -prompt token 406
04/08/2025, 22:18:57: Predictor time: 0.51s
04/08/2025, 22:18:57: Predict K: 2
04/08/2025, 22:18:57: Approximation: Step 3 - Image Super-Resolution -time 1.1 -token 10
04/08/2025, 22:18:57: Approximation: Step 4 -prompt token 415
04/08/2025, 22:18:58: Approximation: Step 4 - Image Captioning -time 0.87 -token 9
04/08/2025, 22:19:06: Approximation: Step 5 -prompt token 435
04/08/2025, 22:19:06: Predictor time: 0.33s
04/08/2025, 22:19:06: Predict K: 2
04/08/2025, 22:19:08: Approximation: Step 5 - Machine Translation -time 1.75 -token 8
04/08/2025, 22:19:08: Approximation: Step 6 -prompt token 442
04/08/2025, 22:19:10: Approximation: Step 6 - Machine Translation -time 2.03 -token 8
