04/08/2025, 22:17:49: task description: Given low-resolutioned image, how to return the regular image step by step?
04/08/2025, 22:17:49: Approximation: Step 1 -prompt token 366
04/08/2025, 22:17:50: Predictor time: 0.59s
04/08/2025, 22:17:50: Predict K: 1
04/08/2025, 22:17:51: Approximation: Step 1 - Image Super-Resolution -time 1.71 -token 10
04/08/2025, 22:17:57: Approximation: Step 2 -prompt token 387
04/08/2025, 22:17:58: Predictor time: 0.29s
04/08/2025, 22:17:58: Predict K: 2
04/08/2025, 22:18:00: Approximation: Step 2 - TERMINATE -time 2.86 -token 9
04/08/2025, 22:18:04: Approximation: Step 3 -prompt token 409
04/08/2025, 22:18:04: Predictor time: 0.43s
04/08/2025, 22:18:04: Predict K: 1
04/08/2025, 22:18:05: Approximation: Step 3 - Image Deblurring -time 1.2 -token 10
04/08/2025, 22:18:12: Approximation: Step 4 -prompt token 424
04/08/2025, 22:18:12: Predictor time: 0.31s
04/08/2025, 22:18:12: Predict K: 1
04/08/2025, 22:18:14: Approximation: Step 4 - TERMINATE -time 1.57 -token 9
04/08/2025, 22:18:25: Approximation: Step 5 -prompt token 442
04/08/2025, 22:18:25: Predictor time: 0.25s
04/08/2025, 22:18:25: Predict K: 3
04/08/2025, 22:18:26: Approximation: Step 5 - TERMINATE -time 1.61 -token 9
04/08/2025, 22:18:33: Approximation: Step 6 -prompt token 462
04/08/2025, 22:18:33: Predictor time: 0.27s
04/08/2025, 22:18:33: Predict K: 3
04/08/2025, 22:18:36: Approximation: Step 6 - Visual Question Answering -time 3.45 -token 10
04/08/2025, 22:18:36: Approximation: Step 7 -prompt token 471
04/08/2025, 22:18:37: Approximation: Step 7 - TERMINATE -time 0.98 -token 9
