04/08/2025, 22:19:22: task description: Given low-resolutioned noisy blurry grayscale image, how to return the class label in German step by step?
04/08/2025, 22:19:23: in breaking, The approximation agent thinks step 1 should be Image Denoising
04/08/2025, 22:19:28: The target agent thinks step 1 should be Image Super-Resolution, correcting what the approximation agent thinks which is Image Denoising.
04/08/2025, 22:19:31: in breaking, The approximation agent thinks step 2 should be Image Deblurring
04/08/2025, 22:19:35: The target agent thinks step 2 should be Image Denoising, correcting what the approximation agent thinks which is Image Deblurring.
04/08/2025, 22:19:38: in breaking, The approximation agent thinks step 3 should be Image Deblurring
04/08/2025, 22:19:42: The target agent thinks step 3 should be Image Deblurring, which agrees with the approximation agent.
04/08/2025, 22:19:42: in breaking, The approximation agent thinks step 4 should be Image Classification
04/08/2025, 22:19:49: The target agent thinks step 4 should be Image Classification, which agrees with the approximation agent.
04/08/2025, 22:19:51: in breaking, The approximation agent thinks step 5 should be Machine Translation
04/08/2025, 22:20:03: The target agent thinks step 5 should be Machine Translation, which agrees with the approximation agent.
04/08/2025, 22:20:03: The approximation agent thinks step 6 should be TERMINATE
04/08/2025, 22:20:05: The target agent thinks step 6 should be TERMINATE, which agrees with the approximation agent.
04/08/2025, 22:20:05: 2025-04-08 22:20:05.657459 - 2025-04-08 22:19:22.108043 = 0:00:43.549416
04/08/2025, 22:20:05: final result for the speculative planning ['Image Super-Resolution', 'Image Denoising', 'Image Deblurring', 'Image Classification', 'Machine Translation', 'TERMINATE']
04/08/2025, 22:20:05: max concurrent calls: 5
04/08/2025, 22:20:05: total approximation token generation: 93
04/08/2025, 22:20:05: total target token prompt: 6124
04/08/2025, 22:20:05: total target token generation: 1031
04/08/2025, 22:20:05: total target step time: 55.690000000000005
04/08/2025, 22:20:05: total token prompt: 15583
04/08/2025, 22:20:05: total token generation: 1429
04/08/2025, 22:20:05: accuracy of approximation agent: 0.6666666666666666
04/08/2025, 22:20:05: sp token/step: 238.17
04/08/2025, 22:20:05: naive token/step: 171.83
04/08/2025, 22:20:05: generation token cost increased: 38.61%.
04/08/2025, 22:20:05: sp prompt/step: 2597.17
04/08/2025, 22:20:05: naive prompt/step: 1020.67
04/08/2025, 22:20:05: prompt token cost increased: 154.46%.
04/08/2025, 22:20:05: sp time/step: 7.26
04/08/2025, 22:20:05: naive time/step: 9.28
04/08/2025, 22:20:05: time decreased by: 21.77%.
04/08/2025, 22:20:05: predictor acc: 0.2
04/08/2025, 22:20:05: step number: 6
04/08/2025, 22:20:05: dynamic k
