04/08/2025, 22:17:49: task description: Given low-resolutioned image, how to return the regular image step by step?
04/08/2025, 22:17:51: in breaking, The approximation agent thinks step 1 should be Image Super-Resolution
04/08/2025, 22:17:57: The target agent thinks step 1 should be Image Super-Resolution, which agrees with the approximation agent.
04/08/2025, 22:18:00: in breaking, The approximation agent thinks step 2 should be TERMINATE
04/08/2025, 22:18:04: The target agent thinks step 2 should be Image Denoising, correcting what the approximation agent thinks which is TERMINATE.
04/08/2025, 22:18:05: in breaking, The approximation agent thinks step 3 should be Image Deblurring
04/08/2025, 22:18:12: The target agent thinks step 3 should be Image Deblurring, which agrees with the approximation agent.
04/08/2025, 22:18:14: in breaking, The approximation agent thinks step 4 should be TERMINATE
04/08/2025, 22:18:25: The target agent thinks step 4 should be Image Classification, correcting what the approximation agent thinks which is TERMINATE.
04/08/2025, 22:18:26: in breaking, The approximation agent thinks step 5 should be TERMINATE
04/08/2025, 22:18:33: The target agent thinks step 5 should be Image Captioning, correcting what the approximation agent thinks which is TERMINATE.
04/08/2025, 22:18:36: in breaking, The approximation agent thinks step 6 should be Visual Question Answering
04/08/2025, 22:18:45: The target agent thinks step 6 should be Visual Question Answering, which agrees with the approximation agent.
04/08/2025, 22:18:45: The approximation agent thinks step 7 should be TERMINATE
04/08/2025, 22:18:47: The target agent thinks step 7 should be TERMINATE, which agrees with the approximation agent.
04/08/2025, 22:18:47: 2025-04-08 22:18:47.023453 - 2025-04-08 22:17:49.421440 = 0:00:57.602013
04/08/2025, 22:18:47: final result for the speculative planning ['Image Super-Resolution', 'Image Denoising', 'Image Deblurring', 'Image Classification', 'Image Captioning', 'Visual Question Answering', 'TERMINATE']
04/08/2025, 22:18:47: max concurrent calls: 4
04/08/2025, 22:18:47: total approximation token generation: 66
04/08/2025, 22:18:47: total target token prompt: 7335
04/08/2025, 22:18:47: total target token generation: 1402
04/08/2025, 22:18:47: total target step time: 65.98
04/08/2025, 22:18:47: total token prompt: 10296
04/08/2025, 22:18:47: total token generation: 1468
04/08/2025, 22:18:47: accuracy of approximation agent: 0.5714285714285714
04/08/2025, 22:18:47: sp token/step: 209.71
04/08/2025, 22:18:47: naive token/step: 200.29
04/08/2025, 22:18:47: generation token cost increased: 4.7%.
04/08/2025, 22:18:47: sp prompt/step: 1470.86
04/08/2025, 22:18:47: naive prompt/step: 1047.86
04/08/2025, 22:18:47: prompt token cost increased: 40.37%.
04/08/2025, 22:18:47: sp time/step: 8.23
04/08/2025, 22:18:47: naive time/step: 9.43
04/08/2025, 22:18:47: time decreased by: 12.73%.
04/08/2025, 22:18:47: predictor acc: 0.0
04/08/2025, 22:18:47: step number: 7
04/08/2025, 22:18:47: dynamic k
