04/08/2025, 22:23:25: task description: Given low-resolutioned noisy blurry grayscale image, how to return the object names in English step by step?
04/08/2025, 22:23:26: in breaking, The approximation agent thinks step 1 should be Image Denoising
04/08/2025, 22:23:29: The target agent thinks step 1 should be Image Deblurring, correcting what the approximation agent thinks which is Image Denoising.
04/08/2025, 22:23:30: in breaking, The approximation agent thinks step 2 should be Image Denoising
04/08/2025, 22:23:36: The target agent thinks step 2 should be Image Denoising, which agrees with the approximation agent.
04/08/2025, 22:23:38: in breaking, The approximation agent thinks step 3 should be Image Super-Resolution
04/08/2025, 22:23:43: The target agent thinks step 3 should be Image Super-Resolution, which agrees with the approximation agent.
04/08/2025, 22:23:44: in breaking, The approximation agent thinks step 4 should be Object Detection
04/08/2025, 22:23:50: The target agent thinks step 4 should be Object Detection, which agrees with the approximation agent.
04/08/2025, 22:23:51: in breaking, The approximation agent thinks step 5 should be Image Classification
04/08/2025, 22:24:01: The target agent thinks step 5 should be Image Captioning, correcting what the approximation agent thinks which is Image Classification.
04/08/2025, 22:24:04: in breaking, The approximation agent thinks step 6 should be Image Classification
04/08/2025, 22:24:15: The target agent thinks step 6 should be Text Summarization, correcting what the approximation agent thinks which is Image Classification.
04/08/2025, 22:24:17: in breaking, The approximation agent thinks step 7 should be Machine Translation
04/08/2025, 22:24:28: The target agent thinks step 7 should be Machine Translation, which agrees with the approximation agent.
04/08/2025, 22:24:32: in breaking, The approximation agent thinks step 8 should be TERMINATE
04/08/2025, 22:24:41: The target agent thinks step 8 should be Fill Mask, correcting what the approximation agent thinks which is TERMINATE.
04/08/2025, 22:24:43: in breaking, The approximation agent thinks step 9 should be Question Answering
04/08/2025, 22:25:00: The target agent thinks step 9 should be Question Answering, which agrees with the approximation agent.
04/08/2025, 22:25:01: in breaking, The approximation agent thinks step 10 should be TERMINATE
04/08/2025, 22:25:13: The target agent thinks step 10 should be TERMINATE, which agrees with the approximation agent.
04/08/2025, 22:25:13: 2025-04-08 22:25:13.730098 - 2025-04-08 22:23:25.148002 = 0:01:48.582096
04/08/2025, 22:25:13: final result for the speculative planning ['Image Deblurring', 'Image Denoising', 'Image Super-Resolution', 'Object Detection', 'Image Captioning', 'Text Summarization', 'Machine Translation', 'Fill Mask', 'Question Answering', 'TERMINATE']
04/08/2025, 22:25:13: max concurrent calls: 4
04/08/2025, 22:25:13: total approximation token generation: 89
04/08/2025, 22:25:13: total target token prompt: 11415
04/08/2025, 22:25:13: total target token generation: 2594
04/08/2025, 22:25:13: total target step time: 108.44999999999999
04/08/2025, 22:25:13: total token prompt: 16421
04/08/2025, 22:25:13: total token generation: 2683
04/08/2025, 22:25:13: accuracy of approximation agent: 0.6
04/08/2025, 22:25:13: sp token/step: 268.3
04/08/2025, 22:25:13: naive token/step: 259.4
04/08/2025, 22:25:13: generation token cost increased: 3.43%.
04/08/2025, 22:25:13: sp prompt/step: 1642.1
04/08/2025, 22:25:13: naive prompt/step: 1141.5
04/08/2025, 22:25:13: prompt token cost increased: 43.85%.
04/08/2025, 22:25:13: sp time/step: 10.86
04/08/2025, 22:25:13: naive time/step: 10.84
04/08/2025, 22:25:13: time decreased by: -0.18%.
04/08/2025, 22:25:13: predictor acc: 0.25
04/08/2025, 22:25:13: step number: 10
04/08/2025, 22:25:13: dynamic k
