04/08/2025, 22:18:47: task description: Given low-resolutioned noisy blurry grayscale image, how to return the caption in German step by step?
04/08/2025, 22:18:48: in breaking, The approximation agent thinks step 1 should be Image Denoising
04/08/2025, 22:18:51: The target agent thinks step 1 should be Image Denoising, which agrees with the approximation agent.
04/08/2025, 22:18:52: in breaking, The approximation agent thinks step 2 should be Image Deblurring
04/08/2025, 22:18:56: The target agent thinks step 2 should be Image Deblurring, which agrees with the approximation agent.
04/08/2025, 22:18:57: in breaking, The approximation agent thinks step 3 should be Image Super-Resolution
04/08/2025, 22:19:01: The target agent thinks step 3 should be Image Super-Resolution, which agrees with the approximation agent.
04/08/2025, 22:19:01: The approximation agent thinks step 4 should be Image Captioning
04/08/2025, 22:19:06: The target agent thinks step 4 should be Image Captioning, which agrees with the approximation agent.
04/08/2025, 22:19:08: in breaking, The approximation agent thinks step 5 should be Machine Translation
04/08/2025, 22:19:14: The target agent thinks step 5 should be Machine Translation, which agrees with the approximation agent.
04/08/2025, 22:19:14: The approximation agent thinks step 6 should be Machine Translation
04/08/2025, 22:19:22: The target agent thinks step 6 should be TERMINATE, correcting what the approximation agent thinks which is Machine Translation.
04/08/2025, 22:19:22: 2025-04-08 22:19:22.063423 - 2025-04-08 22:18:47.060430 = 0:00:35.002993
04/08/2025, 22:19:22: final result for the speculative planning ['Image Denoising', 'Image Deblurring', 'Image Super-Resolution', 'Image Captioning', 'Machine Translation', 'TERMINATE']
04/08/2025, 22:19:22: max concurrent calls: 3
04/08/2025, 22:19:22: total approximation token generation: 55
04/08/2025, 22:19:22: total target token prompt: 6007
04/08/2025, 22:19:22: total target token generation: 923
04/08/2025, 22:19:22: total target step time: 44.16
04/08/2025, 22:19:22: total token prompt: 8466
04/08/2025, 22:19:22: total token generation: 978
04/08/2025, 22:19:22: accuracy of approximation agent: 0.8333333333333334
04/08/2025, 22:19:22: sp token/step: 163.0
04/08/2025, 22:19:22: naive token/step: 153.83
04/08/2025, 22:19:22: generation token cost increased: 5.96%.
04/08/2025, 22:19:22: sp prompt/step: 1411.0
04/08/2025, 22:19:22: naive prompt/step: 1001.17
04/08/2025, 22:19:22: prompt token cost increased: 40.94%.
04/08/2025, 22:19:22: sp time/step: 5.83
04/08/2025, 22:19:22: naive time/step: 7.36
04/08/2025, 22:19:22: time decreased by: 20.79%.
04/08/2025, 22:19:22: predictor acc: 0.25
04/08/2025, 22:19:22: step number: 6
04/08/2025, 22:19:22: dynamic k
