04/08/2025, 22:14:12: task description: Given blurry image, how to return the regular image step by step?
04/08/2025, 22:14:14: in breaking, The approximation agent thinks step 1 should be Image Deblurring
04/08/2025, 22:14:18: The target agent thinks step 1 should be Image Deblurring, which agrees with the approximation agent.
04/08/2025, 22:14:18: The approximation agent thinks step 2 should be Image Super-Resolution
04/08/2025, 22:14:22: The target agent thinks step 2 should be Image Denoising, correcting what the approximation agent thinks which is Image Super-Resolution.
04/08/2025, 22:14:24: in breaking, The approximation agent thinks step 3 should be Image Super-Resolution
04/08/2025, 22:14:33: The target agent thinks step 3 should be Image Super-Resolution, which agrees with the approximation agent.
04/08/2025, 22:14:33: The approximation agent thinks step 4 should be Image Super-Resolution
04/08/2025, 22:14:37: The target agent thinks step 4 should be Image Classification, correcting what the approximation agent thinks which is Image Super-Resolution.
04/08/2025, 22:14:39: in breaking, The approximation agent thinks step 5 should be Image Classification
04/08/2025, 22:14:47: The target agent thinks step 5 should be Image Captioning, correcting what the approximation agent thinks which is Image Classification.
04/08/2025, 22:14:49: in breaking, The approximation agent thinks step 6 should be Visual Question Answering
04/08/2025, 22:14:59: The target agent thinks step 6 should be Visual Question Answering, which agrees with the approximation agent.
04/08/2025, 22:15:02: in breaking, The approximation agent thinks step 7 should be TERMINATE
04/08/2025, 22:15:12: The target agent thinks step 7 should be Text-to-Image Generation, correcting what the approximation agent thinks which is TERMINATE.
04/08/2025, 22:15:13: in breaking, The approximation agent thinks step 8 should be TERMINATE
04/08/2025, 22:15:24: The target agent thinks step 8 should be TERMINATE, which agrees with the approximation agent.
04/08/2025, 22:15:24: 2025-04-08 22:15:24.486461 - 2025-04-08 22:14:12.253454 = 0:01:12.233007
04/08/2025, 22:15:24: final result for the speculative planning ['Image Deblurring', 'Image Denoising', 'Image Super-Resolution', 'Image Classification', 'Image Captioning', 'Visual Question Answering', 'Text-to-Image Generation', 'TERMINATE']
04/08/2025, 22:15:24: max concurrent calls: 4
04/08/2025, 22:15:24: total approximation token generation: 76
04/08/2025, 22:15:24: total target token prompt: 8949
04/08/2025, 22:15:24: total target token generation: 2130
04/08/2025, 22:15:24: total target step time: 86.0
04/08/2025, 22:15:24: total token prompt: 12409
04/08/2025, 22:15:24: total token generation: 2206
04/08/2025, 22:15:24: accuracy of approximation agent: 0.5
04/08/2025, 22:15:24: sp token/step: 275.75
04/08/2025, 22:15:24: naive token/step: 266.25
04/08/2025, 22:15:24: generation token cost increased: 3.57%.
04/08/2025, 22:15:24: sp prompt/step: 1551.12
04/08/2025, 22:15:24: naive prompt/step: 1118.62
04/08/2025, 22:15:24: prompt token cost increased: 38.66%.
04/08/2025, 22:15:24: sp time/step: 9.03
04/08/2025, 22:15:24: naive time/step: 10.75
04/08/2025, 22:15:24: time decreased by: 16.0%.
04/08/2025, 22:15:24: predictor acc: 0.75
04/08/2025, 22:15:24: step number: 8
04/08/2025, 22:15:24: dynamic k
