04/08/2025, 22:20:05: task description: Given low-resolutioned noisy blurry grayscale image, how to return the object names in German step by step?
04/08/2025, 22:20:05: react launch api for thought.
04/08/2025, 22:20:05: Target step 1 thought prompt token: 389
04/08/2025, 22:20:11: Target step 1 thought generation token: 129
04/08/2025, 22:20:11: react launch api for response.
04/08/2025, 22:20:11: Target step 1 response prompt token: 545
04/08/2025, 22:20:11: Target step 1 response generation token: 10
04/08/2025, 22:20:11: Target: Step 1 - Image Denoising
04/08/2025, 22:20:11: Intermediate Target Step 1 - Image Denoising -gen 139 -prompt 934
04/08/2025, 22:20:11: Target: Step 1 -time 6.11
04/08/2025, 22:20:11: Mismatch at 0. Cancel starts. 
04/08/2025, 22:20:11: sas tasks: ['Image Denoising']
04/08/2025, 22:20:12: flatten_tas: [(0, 'Image Denoising')]
04/08/2025, 22:20:12: return sas tasks: ['Image Denoising']
04/08/2025, 22:20:12: react launch api for thought.
04/08/2025, 22:20:12: Target step 2 thought prompt token: 404
04/08/2025, 22:20:15: Target step 2 thought generation token: 80
04/08/2025, 22:20:15: react launch api for response.
04/08/2025, 22:20:15: Target step 2 response prompt token: 511
04/08/2025, 22:20:15: react launch api for thought.
04/08/2025, 22:20:15: Target step 2 thought prompt token: 404
04/08/2025, 22:20:18: Target step 2 thought generation token: 71
04/08/2025, 22:20:18: react launch api for response.
04/08/2025, 22:20:18: Target step 2 response prompt token: 502
04/08/2025, 22:20:19: Target step 2 response generation token: 10
04/08/2025, 22:20:19: Target: Step 2 - Image Deblurring
04/08/2025, 22:20:19: Intermediate Target Step 2 - Image Deblurring -gen 81 -prompt 906
04/08/2025, 22:20:19: Target: Step 2 -time 7.96
04/08/2025, 22:20:19: Mismatch at 0. Cancel starts. 
04/08/2025, 22:20:19: sas tasks: ['Image Deblurring']
04/08/2025, 22:20:19: flatten_tas: [(0, 'Image Deblurring')]
04/08/2025, 22:20:19: return sas tasks: ['Image Deblurring']
04/08/2025, 22:20:19: react launch api for thought.
04/08/2025, 22:20:20: Target step 3 thought prompt token: 413
04/08/2025, 22:20:24: Target step 3 thought generation token: 105
04/08/2025, 22:20:24: react launch api for response.
04/08/2025, 22:20:24: Target step 3 response prompt token: 545
04/08/2025, 22:20:26: Target step 3 response generation token: 10
04/08/2025, 22:20:26: Target: Step 3 - Image Super-Resolution
04/08/2025, 22:20:26: Intermediate Target Step 3 - Image Super-Resolution -gen 115 -prompt 958
04/08/2025, 22:20:26: Target: Step 3 -time 6.35
04/08/2025, 22:20:26: Mismatch at 0. Cancel starts. 
04/08/2025, 22:20:26: sas tasks: ['Image Super-Resolution']
04/08/2025, 22:20:26: flatten_tas: [(0, 'Image Super-Resolution')]
04/08/2025, 22:20:26: return sas tasks: ['Image Super-Resolution']
04/08/2025, 22:20:26: react launch api for thought.
04/08/2025, 22:20:26: Target step 4 thought prompt token: 422
04/08/2025, 22:20:32: Target step 4 thought generation token: 172
04/08/2025, 22:20:32: react launch api for response.
04/08/2025, 22:20:32: Target step 4 response prompt token: 621
04/08/2025, 22:20:34: Target step 4 response generation token: 8
04/08/2025, 22:20:34: Target: Step 4 - Object Detection
04/08/2025, 22:20:34: Intermediate Target Step 4 - Object Detection -gen 180 -prompt 1043
04/08/2025, 22:20:34: Target: Step 4 -time 8.56
04/08/2025, 22:20:34: Mismatch at 0. Cancel starts. 
04/08/2025, 22:20:34: sas tasks: ['Object Detection']
04/08/2025, 22:20:34: flatten_tas: [(0, 'Object Detection')]
04/08/2025, 22:20:34: return sas tasks: ['Object Detection']
04/08/2025, 22:20:34: react launch api for thought.
04/08/2025, 22:20:34: Target step 5 thought prompt token: 429
04/08/2025, 22:20:45: Target step 5 thought generation token: 246
04/08/2025, 22:20:45: react launch api for response.
04/08/2025, 22:20:45: Target step 5 response prompt token: 702
04/08/2025, 22:20:47: Target step 5 response generation token: 8
04/08/2025, 22:20:47: Target: Step 5 - Machine Translation
04/08/2025, 22:20:47: Intermediate Target Step 5 - Machine Translation -gen 254 -prompt 1131
04/08/2025, 22:20:47: Target: Step 5 -time 12.44
04/08/2025, 22:20:47: Mismatch at 0. Cancel starts. 
04/08/2025, 22:20:47: sas tasks: ['Machine Translation']
04/08/2025, 22:20:47: flatten_tas: [(0, 'Machine Translation')]
04/08/2025, 22:20:47: return sas tasks: ['Machine Translation']
04/08/2025, 22:20:47: react launch api for thought.
04/08/2025, 22:20:47: Target step 6 thought prompt token: 436
04/08/2025, 22:21:07: Target step 6 thought generation token: 326
04/08/2025, 22:21:07: react launch api for response.
04/08/2025, 22:21:07: Target step 6 response prompt token: 789
04/08/2025, 22:21:08: Target step 6 response generation token: 9
04/08/2025, 22:21:08: Target: Step 6 - TERMINATE
04/08/2025, 22:21:08: Intermediate Target Step 6 - TERMINATE -gen 335 -prompt 1225
04/08/2025, 22:21:08: Target: Step 6 -time 20.6
04/08/2025, 22:21:08: Mismatch at 0. Cancel starts. 
04/08/2025, 22:21:08: sas tasks: ['TERMINATE']
04/08/2025, 22:21:08: flatten_tas: [(0, 'TERMINATE')]
04/08/2025, 22:21:08: return sas tasks: ['TERMINATE']
