04/08/2025, 22:15:24: task description: Given low-resolutioned noisy image, how to return the regular image step by step?
04/08/2025, 22:15:24: react launch api for thought.
04/08/2025, 22:15:24: Target step 1 thought prompt token: 385
04/08/2025, 22:15:26: react launch api for thought.
04/08/2025, 22:15:26: Target step 2 thought prompt token: 400
04/08/2025, 22:15:30: Target step 2 thought generation token: 112
04/08/2025, 22:15:30: react launch api for response.
04/08/2025, 22:15:30: Target step 2 response prompt token: 539
04/08/2025, 22:15:31: Target step 2 response generation token: 10
04/08/2025, 22:15:31: Intermediate Target Step 2 - Image Super-Resolution -gen 122 -prompt 939
04/08/2025, 22:15:31: Target: Step 2 -time 5.64
04/08/2025, 22:15:31: Mismatch at 1. Cancel starts. 
04/08/2025, 22:15:32: Target step 1 thought generation token: 101
04/08/2025, 22:15:32: react launch api for response.
04/08/2025, 22:15:32: Target step 1 response prompt token: 513
04/08/2025, 22:15:33: Target step 1 response generation token: 10
04/08/2025, 22:15:33: Target: Step 1 - Image Denoising
04/08/2025, 22:15:33: Target: Step 2 - Image Super-Resolution
04/08/2025, 22:15:33: Intermediate Target Step 1 - Image Denoising -gen 111 -prompt 898
04/08/2025, 22:15:33: Target: Step 1 -time 8.89
04/08/2025, 22:15:33: sas tasks: ['Image Denoising', 'Image Deblurring']
04/08/2025, 22:15:33: flatten_tas: [(0, 'Image Denoising'), (1, 'Image Super-Resolution')]
04/08/2025, 22:15:33: step 1 app: Image Deblurring, tar: Image Super-Resolution
04/08/2025, 22:15:33: return sas tasks: ['Image Denoising', 'Image Super-Resolution']
04/08/2025, 22:15:33: react launch api for thought.
04/08/2025, 22:15:33: Target step 3 thought prompt token: 409
04/08/2025, 22:15:35: react launch api for thought.
04/08/2025, 22:15:35: Target step 4 thought prompt token: 418
04/08/2025, 22:15:42: Target step 3 thought generation token: 190
04/08/2025, 22:15:42: react launch api for response.
04/08/2025, 22:15:42: Target step 3 response prompt token: 626
04/08/2025, 22:15:43: Target step 3 response generation token: 10
04/08/2025, 22:15:43: Target: Step 3 - Image Deblurring
04/08/2025, 22:15:43: Intermediate Target Step 3 - Image Deblurring -gen 200 -prompt 1035
04/08/2025, 22:15:43: Target: Step 3 -time 10.21
04/08/2025, 22:15:45: Target step 4 thought generation token: 260
04/08/2025, 22:15:45: react launch api for response.
04/08/2025, 22:15:45: Target step 4 response prompt token: 705
04/08/2025, 22:15:46: Target step 4 response generation token: 8
04/08/2025, 22:15:46: Target: Step 4 - Image Classification
04/08/2025, 22:15:46: Intermediate Target Step 4 - Image Classification -gen 268 -prompt 1123
04/08/2025, 22:15:46: Target: Step 4 -time 11.2
04/08/2025, 22:15:46: Mismatch at 1. Cancel starts. 
04/08/2025, 22:15:46: sas tasks: ['Image Deblurring', 'TERMINATE']
04/08/2025, 22:15:46: flatten_tas: [(0, 'Image Deblurring'), (1, 'Image Classification')]
04/08/2025, 22:15:46: step 1 app: TERMINATE, tar: Image Classification
04/08/2025, 22:15:46: return sas tasks: ['Image Deblurring', 'Image Classification']
04/08/2025, 22:15:46: react launch api for thought.
04/08/2025, 22:15:46: Target step 5 thought prompt token: 425
04/08/2025, 22:15:57: Target step 5 thought generation token: 272
04/08/2025, 22:15:57: react launch api for response.
04/08/2025, 22:15:57: Target step 5 response prompt token: 724
04/08/2025, 22:15:59: Target step 5 response generation token: 9
04/08/2025, 22:15:59: Target: Step 5 - Image Captioning
04/08/2025, 22:15:59: Intermediate Target Step 5 - Image Captioning -gen 281 -prompt 1149
04/08/2025, 22:15:59: Target: Step 5 -time 12.74
04/08/2025, 22:15:59: Mismatch at 0. Cancel starts. 
04/08/2025, 22:15:59: sas tasks: ['TERMINATE']
04/08/2025, 22:15:59: flatten_tas: [(0, 'Image Captioning')]
04/08/2025, 22:15:59: step 0 app: TERMINATE, tar: Image Captioning
04/08/2025, 22:15:59: return sas tasks: ['Image Captioning']
04/08/2025, 22:15:59: react launch api for thought.
04/08/2025, 22:15:59: Target step 6 thought prompt token: 433
04/08/2025, 22:16:06: Target step 6 thought generation token: 235
04/08/2025, 22:16:06: react launch api for response.
04/08/2025, 22:16:06: Target step 6 response prompt token: 695
04/08/2025, 22:16:07: Target step 6 response generation token: 10
04/08/2025, 22:16:07: Target: Step 6 - Visual Question Answering
04/08/2025, 22:16:07: Intermediate Target Step 6 - Visual Question Answering -gen 245 -prompt 1128
04/08/2025, 22:16:07: Target: Step 6 -time 8.52
04/08/2025, 22:16:07: Mismatch at 0. Cancel starts. 
04/08/2025, 22:16:07: sas tasks: ['TERMINATE']
04/08/2025, 22:16:07: flatten_tas: [(0, 'Visual Question Answering')]
04/08/2025, 22:16:07: step 0 app: TERMINATE, tar: Visual Question Answering
04/08/2025, 22:16:07: return sas tasks: ['Visual Question Answering']
04/08/2025, 22:16:07: react launch api for thought.
04/08/2025, 22:16:07: Target step 7 thought prompt token: 442
04/08/2025, 22:16:21: Target step 7 thought generation token: 328
04/08/2025, 22:16:21: react launch api for response.
04/08/2025, 22:16:21: Target step 7 response prompt token: 797
04/08/2025, 22:16:22: Target step 7 response generation token: 8
04/08/2025, 22:16:22: Target: Step 7 - Colorization
04/08/2025, 22:16:22: Intermediate Target Step 7 - Colorization -gen 336 -prompt 1239
04/08/2025, 22:16:22: Target: Step 7 -time 14.57
04/08/2025, 22:16:22: Mismatch at 0. Cancel starts. 
04/08/2025, 22:16:22: sas tasks: ['Object Detection']
04/08/2025, 22:16:22: flatten_tas: [(0, 'Colorization')]
04/08/2025, 22:16:22: step 0 app: Object Detection, tar: Colorization
04/08/2025, 22:16:22: return sas tasks: ['Colorization']
04/08/2025, 22:16:22: react launch api for thought.
04/08/2025, 22:16:22: Target step 8 thought prompt token: 449
04/08/2025, 22:16:35: Target step 8 thought generation token: 368
04/08/2025, 22:16:35: react launch api for response.
04/08/2025, 22:16:35: Target step 8 response prompt token: 844
04/08/2025, 22:16:36: Target step 8 response generation token: 8
04/08/2025, 22:16:36: Target: Step 8 - Object Detection
04/08/2025, 22:16:36: Intermediate Target Step 8 - Object Detection -gen 376 -prompt 1293
04/08/2025, 22:16:36: Target: Step 8 -time 14.7
04/08/2025, 22:16:36: Mismatch at 0. Cancel starts. 
04/08/2025, 22:16:36: sas tasks: ['Object Detection']
04/08/2025, 22:16:36: flatten_tas: [(0, 'Object Detection')]
04/08/2025, 22:16:36: return sas tasks: ['Object Detection']
04/08/2025, 22:16:36: react launch api for thought.
04/08/2025, 22:16:36: Target step 9 thought prompt token: 456
04/08/2025, 22:16:42: Target step 9 thought generation token: 148
04/08/2025, 22:16:42: react launch api for response.
04/08/2025, 22:16:42: Target step 9 response prompt token: 631
04/08/2025, 22:16:43: Target step 9 response generation token: 9
04/08/2025, 22:16:43: Target: Step 9 - TERMINATE
04/08/2025, 22:16:43: Intermediate Target Step 9 - TERMINATE -gen 157 -prompt 1087
04/08/2025, 22:16:43: Target: Step 9 -time 6.79
04/08/2025, 22:16:43: Mismatch at 0. Cancel starts. 
04/08/2025, 22:16:43: sas tasks: ['TERMINATE']
04/08/2025, 22:16:43: flatten_tas: [(0, 'TERMINATE')]
04/08/2025, 22:16:43: return sas tasks: ['TERMINATE']
