04/08/2025, 22:17:49: task description: Given low-resolutioned image, how to return the regular image step by step?
04/08/2025, 22:17:49: react launch api for thought.
04/08/2025, 22:17:49: Target step 1 thought prompt token: 384
04/08/2025, 22:17:55: Target step 1 thought generation token: 92
04/08/2025, 22:17:55: react launch api for response.
04/08/2025, 22:17:55: Target step 1 response prompt token: 503
04/08/2025, 22:17:57: Target step 1 response generation token: 10
04/08/2025, 22:17:57: Target: Step 1 - Image Super-Resolution
04/08/2025, 22:17:57: Intermediate Target Step 1 - Image Super-Resolution -gen 102 -prompt 887
04/08/2025, 22:17:57: Target: Step 1 -time 8.36
04/08/2025, 22:17:57: Mismatch at 0. Cancel starts. 
04/08/2025, 22:17:57: sas tasks: ['Image Super-Resolution']
04/08/2025, 22:17:57: flatten_tas: [(0, 'Image Super-Resolution')]
04/08/2025, 22:17:57: return sas tasks: ['Image Super-Resolution']
04/08/2025, 22:17:57: react launch api for thought.
04/08/2025, 22:17:57: Target step 2 thought prompt token: 399
04/08/2025, 22:18:03: Target step 2 thought generation token: 94
04/08/2025, 22:18:03: react launch api for response.
04/08/2025, 22:18:03: Target step 2 response prompt token: 520
04/08/2025, 22:18:04: Target step 2 response generation token: 10
04/08/2025, 22:18:04: Target: Step 2 - Image Denoising
04/08/2025, 22:18:04: Intermediate Target Step 2 - Image Denoising -gen 104 -prompt 919
04/08/2025, 22:18:04: Target: Step 2 -time 6.42
04/08/2025, 22:18:04: Mismatch at 0. Cancel starts. 
04/08/2025, 22:18:04: sas tasks: ['TERMINATE']
04/08/2025, 22:18:04: flatten_tas: [(0, 'Image Denoising')]
04/08/2025, 22:18:04: step 0 app: TERMINATE, tar: Image Denoising
04/08/2025, 22:18:04: return sas tasks: ['Image Denoising']
04/08/2025, 22:18:04: react launch api for thought.
04/08/2025, 22:18:04: Target step 3 thought prompt token: 408
04/08/2025, 22:18:11: Target step 3 thought generation token: 210
04/08/2025, 22:18:11: react launch api for response.
04/08/2025, 22:18:11: Target step 3 response prompt token: 645
04/08/2025, 22:18:12: Target step 3 response generation token: 10
04/08/2025, 22:18:12: Target: Step 3 - Image Deblurring
04/08/2025, 22:18:12: Intermediate Target Step 3 - Image Deblurring -gen 220 -prompt 1053
04/08/2025, 22:18:12: Target: Step 3 -time 8.28
04/08/2025, 22:18:12: Mismatch at 0. Cancel starts. 
04/08/2025, 22:18:12: sas tasks: ['Image Deblurring']
04/08/2025, 22:18:12: flatten_tas: [(0, 'Image Deblurring')]
04/08/2025, 22:18:12: return sas tasks: ['Image Deblurring']
04/08/2025, 22:18:12: react launch api for thought.
04/08/2025, 22:18:12: Target step 4 thought prompt token: 417
04/08/2025, 22:18:23: Target step 4 thought generation token: 268
04/08/2025, 22:18:23: react launch api for response.
04/08/2025, 22:18:23: Target step 4 response prompt token: 712
04/08/2025, 22:18:25: Target step 4 response generation token: 8
04/08/2025, 22:18:25: Target: Step 4 - Image Classification
04/08/2025, 22:18:25: Intermediate Target Step 4 - Image Classification -gen 276 -prompt 1129
04/08/2025, 22:18:25: Target: Step 4 -time 12.68
04/08/2025, 22:18:25: Mismatch at 0. Cancel starts. 
04/08/2025, 22:18:25: sas tasks: ['TERMINATE']
04/08/2025, 22:18:25: flatten_tas: [(0, 'Image Classification')]
04/08/2025, 22:18:25: step 0 app: TERMINATE, tar: Image Classification
04/08/2025, 22:18:25: return sas tasks: ['Image Classification']
04/08/2025, 22:18:25: react launch api for thought.
04/08/2025, 22:18:25: Target step 5 thought prompt token: 424
04/08/2025, 22:18:32: Target step 5 thought generation token: 210
04/08/2025, 22:18:32: react launch api for response.
04/08/2025, 22:18:32: Target step 5 response prompt token: 661
04/08/2025, 22:18:33: Target step 5 response generation token: 9
04/08/2025, 22:18:33: Target: Step 5 - Image Captioning
04/08/2025, 22:18:33: Intermediate Target Step 5 - Image Captioning -gen 219 -prompt 1085
04/08/2025, 22:18:33: Target: Step 5 -time 8.1
04/08/2025, 22:18:33: Mismatch at 0. Cancel starts. 
04/08/2025, 22:18:33: sas tasks: ['TERMINATE']
04/08/2025, 22:18:33: flatten_tas: [(0, 'Image Captioning')]
04/08/2025, 22:18:33: step 0 app: TERMINATE, tar: Image Captioning
04/08/2025, 22:18:33: return sas tasks: ['Image Captioning']
04/08/2025, 22:18:33: react launch api for thought.
04/08/2025, 22:18:33: Target step 6 thought prompt token: 432
04/08/2025, 22:18:36: react launch api for thought.
04/08/2025, 22:18:36: Target step 7 thought prompt token: 441
04/08/2025, 22:18:43: Target step 6 thought generation token: 270
04/08/2025, 22:18:43: react launch api for response.
04/08/2025, 22:18:43: Target step 6 response prompt token: 729
04/08/2025, 22:18:45: Target step 7 thought generation token: 192
04/08/2025, 22:18:45: react launch api for response.
04/08/2025, 22:18:45: Target step 7 response prompt token: 660
04/08/2025, 22:18:45: Target step 6 response generation token: 10
04/08/2025, 22:18:45: Target: Step 6 - Visual Question Answering
04/08/2025, 22:18:45: Intermediate Target Step 6 - Visual Question Answering -gen 280 -prompt 1161
04/08/2025, 22:18:45: Target: Step 6 -time 11.92
04/08/2025, 22:18:47: Target step 7 response generation token: 9
04/08/2025, 22:18:47: Target: Step 7 - TERMINATE
04/08/2025, 22:18:47: Intermediate Target Step 7 - TERMINATE -gen 201 -prompt 1101
04/08/2025, 22:18:47: Target: Step 7 -time 10.22
04/08/2025, 22:18:47: Mismatch at 0. Cancel starts. 
04/08/2025, 22:18:47: sas tasks: ['Visual Question Answering', 'TERMINATE']
04/08/2025, 22:18:47: flatten_tas: [(0, 'Visual Question Answering'), (1, 'TERMINATE')]
04/08/2025, 22:18:47: return sas tasks: ['Visual Question Answering', 'TERMINATE']
