04/08/2025, 22:19:22: task description: Given low-resolutioned noisy blurry grayscale image, how to return the class label in German step by step?
04/08/2025, 22:19:22: react launch api for thought.
04/08/2025, 22:19:22: Target step 1 thought prompt token: 389
04/08/2025, 22:19:23: react launch api for thought.
04/08/2025, 22:19:23: Target step 2 thought prompt token: 404
04/08/2025, 22:19:25: react launch api for thought.
04/08/2025, 22:19:25: Target step 3 thought prompt token: 413
04/08/2025, 22:19:26: Target step 1 thought generation token: 133
04/08/2025, 22:19:26: react launch api for response.
04/08/2025, 22:19:26: Target step 1 response prompt token: 549
04/08/2025, 22:19:27: react launch api for thought.
04/08/2025, 22:19:27: Target step 4 thought prompt token: 422
04/08/2025, 22:19:28: Target step 1 response generation token: 10
04/08/2025, 22:19:28: Target: Step 1 - Image Super-Resolution
04/08/2025, 22:19:28: Target step 2 thought generation token: 99
04/08/2025, 22:19:28: react launch api for response.
04/08/2025, 22:19:28: Target step 2 response prompt token: 530
04/08/2025, 22:19:29: Target step 2 response generation token: 10
04/08/2025, 22:19:30: Target step 3 thought generation token: 112
04/08/2025, 22:19:30: react launch api for response.
04/08/2025, 22:19:30: Target step 3 response prompt token: 552
04/08/2025, 22:19:30: Cancel Task 2
04/08/2025, 22:19:30: Intermediate Target Step 1 - Image Super-Resolution -gen 143 -prompt 938
04/08/2025, 22:19:30: Target: Step 1 -time 8.73
04/08/2025, 22:19:30: Intermediate Target Step 2 - Image Deblurring -gen 109 -prompt 934
04/08/2025, 22:19:30: Target: Step 2 -time 7.02
04/08/2025, 22:19:30: Cancel Task 3
04/08/2025, 22:19:30: Intermediate Target Step 3 - None -gen 112 -prompt 965
04/08/2025, 22:19:30: Target: Step 3 -time 5.66
04/08/2025, 22:19:30: Cancel Task 4
04/08/2025, 22:19:30: Mismatch at 0. Cancel starts. 
04/08/2025, 22:19:30: sas tasks: ['Image Denoising', 'Image Deblurring', 'Image Super-Resolution', 'Image Classification']
04/08/2025, 22:19:30: flatten_tas: [(0, 'Image Super-Resolution'), (1, 'Image Deblurring')]
04/08/2025, 22:19:30: step 0 app: Image Denoising, tar: Image Super-Resolution
04/08/2025, 22:19:30: return sas tasks: ['Image Super-Resolution']
04/08/2025, 22:19:30: react launch api for thought.
04/08/2025, 22:19:30: Target step 2 thought prompt token: 404
04/08/2025, 22:19:31: react launch api for thought.
04/08/2025, 22:19:31: Target step 3 thought prompt token: 413
04/08/2025, 22:19:34: Target step 3 thought generation token: 84
04/08/2025, 22:19:34: react launch api for response.
04/08/2025, 22:19:34: Target step 3 response prompt token: 524
04/08/2025, 22:19:34: Target step 2 thought generation token: 86
04/08/2025, 22:19:34: react launch api for response.
04/08/2025, 22:19:34: Target step 2 response prompt token: 517
04/08/2025, 22:19:35: Target step 2 response generation token: 10
04/08/2025, 22:19:35: Target: Step 2 - Image Denoising
04/08/2025, 22:19:35: Intermediate Target Step 2 - Image Denoising -gen 96 -prompt 921
04/08/2025, 22:19:35: Target: Step 2 -time 5.03
04/08/2025, 22:19:35: Mismatch at 0. Cancel starts. 
04/08/2025, 22:19:35: Cancel task 3
04/08/2025, 22:19:35: Intermediate Target Step 3 - None -gen 84 -prompt 937
04/08/2025, 22:19:35: Target: Step 3 -time 3.91
04/08/2025, 22:19:35: sas tasks: ['Image Deblurring', 'Image Denoising']
04/08/2025, 22:19:35: flatten_tas: [(0, 'Image Denoising')]
04/08/2025, 22:19:35: step 0 app: Image Deblurring, tar: Image Denoising
04/08/2025, 22:19:35: return sas tasks: ['Image Denoising']
04/08/2025, 22:19:35: react launch api for thought.
04/08/2025, 22:19:35: Target step 3 thought prompt token: 413
04/08/2025, 22:19:39: Target step 3 thought generation token: 90
04/08/2025, 22:19:39: react launch api for response.
04/08/2025, 22:19:39: Target step 3 response prompt token: 530
04/08/2025, 22:19:42: Target step 3 response generation token: 10
04/08/2025, 22:19:42: Target: Step 3 - Image Deblurring
04/08/2025, 22:19:42: Intermediate Target Step 3 - Image Deblurring -gen 100 -prompt 943
04/08/2025, 22:19:42: Target: Step 3 -time 6.2
04/08/2025, 22:19:42: Mismatch at 0. Cancel starts. 
04/08/2025, 22:19:42: sas tasks: ['Image Deblurring']
04/08/2025, 22:19:42: flatten_tas: [(0, 'Image Deblurring')]
04/08/2025, 22:19:42: return sas tasks: ['Image Deblurring']
04/08/2025, 22:19:42: react launch api for thought.
04/08/2025, 22:19:42: Target step 4 thought prompt token: 422
04/08/2025, 22:19:48: Target step 4 thought generation token: 164
04/08/2025, 22:19:48: react launch api for response.
04/08/2025, 22:19:48: Target step 4 response prompt token: 613
04/08/2025, 22:19:49: Target step 4 response generation token: 8
04/08/2025, 22:19:49: Target: Step 4 - Image Classification
04/08/2025, 22:19:49: Intermediate Target Step 4 - Image Classification -gen 172 -prompt 1035
04/08/2025, 22:19:49: Target: Step 4 -time 7.02
04/08/2025, 22:19:49: Mismatch at 0. Cancel starts. 
04/08/2025, 22:19:49: sas tasks: ['Image Classification']
04/08/2025, 22:19:49: flatten_tas: [(0, 'Image Classification')]
04/08/2025, 22:19:49: return sas tasks: ['Image Classification']
04/08/2025, 22:19:49: react launch api for thought.
04/08/2025, 22:19:49: Target step 5 thought prompt token: 429
04/08/2025, 22:19:51: react launch api for thought.
04/08/2025, 22:19:51: Target step 6 thought prompt token: 436
04/08/2025, 22:20:01: Target step 5 thought generation token: 260
04/08/2025, 22:20:01: react launch api for response.
04/08/2025, 22:20:01: Target step 5 response prompt token: 716
04/08/2025, 22:20:03: Target step 5 response generation token: 8
04/08/2025, 22:20:03: Target: Step 5 - Machine Translation
04/08/2025, 22:20:03: Intermediate Target Step 5 - Machine Translation -gen 268 -prompt 1145
04/08/2025, 22:20:03: Target: Step 5 -time 14.14
04/08/2025, 22:20:04: Target step 6 thought generation token: 243
04/08/2025, 22:20:04: react launch api for response.
04/08/2025, 22:20:04: Target step 6 response prompt token: 706
04/08/2025, 22:20:05: Target step 6 response generation token: 9
04/08/2025, 22:20:05: Target: Step 6 - TERMINATE
04/08/2025, 22:20:05: Intermediate Target Step 6 - TERMINATE -gen 252 -prompt 1142
04/08/2025, 22:20:05: Target: Step 6 -time 14.57
04/08/2025, 22:20:05: Mismatch at 0. Cancel starts. 
04/08/2025, 22:20:05: sas tasks: ['Machine Translation', 'TERMINATE']
04/08/2025, 22:20:05: flatten_tas: [(0, 'Machine Translation'), (1, 'TERMINATE')]
04/08/2025, 22:20:05: return sas tasks: ['Machine Translation', 'TERMINATE']
