04/08/2025, 22:22:43: task description: Given low-resolutioned noisy blurry grayscale image, how to return the class label in English step by step?
04/08/2025, 22:22:43: react launch api for thought.
04/08/2025, 22:22:43: Target step 1 thought prompt token: 389
04/08/2025, 22:22:48: Target step 1 thought generation token: 148
04/08/2025, 22:22:48: react launch api for response.
04/08/2025, 22:22:48: Target step 1 response prompt token: 564
04/08/2025, 22:22:49: Target step 1 response generation token: 10
04/08/2025, 22:22:49: Target: Step 1 - Image Deblurring
04/08/2025, 22:22:49: Intermediate Target Step 1 - Image Deblurring -gen 158 -prompt 953
04/08/2025, 22:22:49: Target: Step 1 -time 6.29
04/08/2025, 22:22:49: Mismatch at 0. Cancel starts. 
04/08/2025, 22:22:49: sas tasks: ['Image Denoising']
04/08/2025, 22:22:49: flatten_tas: [(0, 'Image Deblurring')]
04/08/2025, 22:22:49: step 0 app: Image Denoising, tar: Image Deblurring
04/08/2025, 22:22:49: return sas tasks: ['Image Deblurring']
04/08/2025, 22:22:49: react launch api for thought.
04/08/2025, 22:22:49: Target step 2 thought prompt token: 404
04/08/2025, 22:22:53: Target step 2 thought generation token: 90
04/08/2025, 22:22:53: react launch api for response.
04/08/2025, 22:22:53: Target step 2 response prompt token: 521
04/08/2025, 22:22:55: Target step 2 response generation token: 10
04/08/2025, 22:22:55: Target: Step 2 - Image Denoising
04/08/2025, 22:22:55: Intermediate Target Step 2 - Image Denoising -gen 100 -prompt 925
04/08/2025, 22:22:55: Target: Step 2 -time 5.29
04/08/2025, 22:22:55: Mismatch at 0. Cancel starts. 
04/08/2025, 22:22:55: sas tasks: ['Image Denoising']
04/08/2025, 22:22:55: flatten_tas: [(0, 'Image Denoising')]
04/08/2025, 22:22:55: return sas tasks: ['Image Denoising']
04/08/2025, 22:22:55: react launch api for thought.
04/08/2025, 22:22:55: Target step 3 thought prompt token: 413
04/08/2025, 22:22:59: Target step 3 thought generation token: 112
04/08/2025, 22:22:59: react launch api for response.
04/08/2025, 22:22:59: Target step 3 response prompt token: 552
04/08/2025, 22:23:00: Target step 3 response generation token: 10
04/08/2025, 22:23:00: Target: Step 3 - Image Super-Resolution
04/08/2025, 22:23:00: Intermediate Target Step 3 - Image Super-Resolution -gen 122 -prompt 965
04/08/2025, 22:23:00: Target: Step 3 -time 5.63
04/08/2025, 22:23:00: Mismatch at 0. Cancel starts. 
04/08/2025, 22:23:00: sas tasks: ['Image Super-Resolution']
04/08/2025, 22:23:00: flatten_tas: [(0, 'Image Super-Resolution')]
04/08/2025, 22:23:00: return sas tasks: ['Image Super-Resolution']
04/08/2025, 22:23:00: react launch api for thought.
04/08/2025, 22:23:00: Target step 4 thought prompt token: 422
04/08/2025, 22:23:08: Target step 4 thought generation token: 270
04/08/2025, 22:23:08: react launch api for response.
04/08/2025, 22:23:08: Target step 4 response prompt token: 719
04/08/2025, 22:23:09: Target step 4 response generation token: 8
04/08/2025, 22:23:09: Target: Step 4 - Image Classification
04/08/2025, 22:23:09: Intermediate Target Step 4 - Image Classification -gen 278 -prompt 1141
04/08/2025, 22:23:09: Target: Step 4 -time 8.73
04/08/2025, 22:23:09: Mismatch at 0. Cancel starts. 
04/08/2025, 22:23:09: sas tasks: ['Image Classification']
04/08/2025, 22:23:09: flatten_tas: [(0, 'Image Classification')]
04/08/2025, 22:23:09: return sas tasks: ['Image Classification']
04/08/2025, 22:23:09: react launch api for thought.
04/08/2025, 22:23:09: Target step 5 thought prompt token: 429
04/08/2025, 22:23:22: Target step 5 thought generation token: 228
04/08/2025, 22:23:22: react launch api for response.
04/08/2025, 22:23:22: Target step 5 response prompt token: 684
04/08/2025, 22:23:25: Target step 5 response generation token: 9
04/08/2025, 22:23:25: Target: Step 5 - TERMINATE
04/08/2025, 22:23:25: Intermediate Target Step 5 - TERMINATE -gen 237 -prompt 1113
04/08/2025, 22:23:25: Target: Step 5 -time 15.54
04/08/2025, 22:23:25: Mismatch at 0. Cancel starts. 
04/08/2025, 22:23:25: sas tasks: ['TERMINATE']
04/08/2025, 22:23:25: flatten_tas: [(0, 'TERMINATE')]
04/08/2025, 22:23:25: return sas tasks: ['TERMINATE']
