04/08/2025, 22:23:29: chosen index [22]
04/08/2025, 22:23:31: Epoch 1 - Loss: 0.8571585416793823 - Accuracy: 100.0%
04/08/2025, 22:23:33: chosen index [19, 8, 18, 1]
04/08/2025, 22:23:35: Epoch 2 - Loss: 0.055725883692502975 - Accuracy: 100.0%
04/08/2025, 22:23:37: chosen index [0, 1]
04/08/2025, 22:23:39: Epoch 3 - Loss: 0.16053596138954163 - Accuracy: 100.0%
04/08/2025, 22:24:01: chosen index [0, 13, 22]
04/08/2025, 22:24:05: Epoch 1 - Loss: 0.4325782358646393 - Accuracy: 100.0%
04/08/2025, 22:24:08: chosen index [5, 7, 13]
04/08/2025, 22:24:10: Epoch 2 - Loss: 0.87798672914505 - Accuracy: 50.0%
04/08/2025, 22:24:12: chosen index [19, 16, 6]
04/08/2025, 22:24:14: Epoch 3 - Loss: 0.07259778678417206 - Accuracy: 100.0%
04/08/2025, 22:24:15: chosen index [5, 2, 16]
04/08/2025, 22:24:18: Epoch 1 - Loss: 0.7226818799972534 - Accuracy: 80.0%
04/08/2025, 22:24:20: chosen index [17]
04/08/2025, 22:24:26: Epoch 2 - Loss: 0.3326278030872345 - Accuracy: 100.0%
04/08/2025, 22:24:31: chosen index [10]
04/08/2025, 22:24:32: Epoch 3 - Loss: 2.8203890323638916 - Accuracy: 25.0%
04/08/2025, 22:24:41: chosen index [10]
04/08/2025, 22:24:43: Epoch 1 - Loss: 2.741438865661621 - Accuracy: 25.0%
04/08/2025, 22:24:45: chosen index [3, 9]
04/08/2025, 22:24:48: Epoch 2 - Loss: 0.18352165818214417 - Accuracy: 100.0%
04/08/2025, 22:24:51: chosen index [5, 8, 16]
04/08/2025, 22:24:52: Epoch 3 - Loss: 0.37747007608413696 - Accuracy: 80.0%
