04/08/2025, 22:06:27: task description: Given blurry image, how to return the regular image step by step?
04/08/2025, 22:06:27: Approximation: Step 1 -prompt token 364
04/08/2025, 22:06:29: Approximation: Step 1 - Image Deblurring -time 1.85 -token 10
04/08/2025, 22:06:30: Predictor time: 3.37s
04/08/2025, 22:06:30: Predict K: 2
04/08/2025, 22:06:30: Approximation: Step 2 -prompt token 379
04/08/2025, 22:06:32: Approximation: Step 2 - Image Super-Resolution -time 1.28 -token 10
04/08/2025, 22:06:39: Approximation: Step 3 -prompt token 409
04/08/2025, 22:06:40: Approximation: Step 3 - Image Super-Resolution -time 1.41 -token 10
04/08/2025, 22:06:42: Predictor time: 3.47s
04/08/2025, 22:06:42: Predict K: 2
04/08/2025, 22:06:42: Approximation: Step 4 -prompt token 418
04/08/2025, 22:06:43: Approximation: Step 4 - Image Super-Resolution -time 1.01 -token 10
04/08/2025, 22:06:54: Approximation: Step 5 -prompt token 444
04/08/2025, 22:06:56: Approximation: Step 5 - Image Classification -time 2.09 -token 8
04/08/2025, 22:06:58: Predictor time: 4.25s
04/08/2025, 22:06:58: Predict K: 1
04/08/2025, 22:07:16: Approximation: Step 6 -prompt token 464
04/08/2025, 22:07:16: Predictor time: 0.2s
04/08/2025, 22:07:16: Predict K: 0
04/08/2025, 22:07:17: Approximation: Step 6 - Visual Question Answering -time 1.59 -token 10
04/08/2025, 22:07:36: Approximation: Step 7 -prompt token 484
04/08/2025, 22:07:37: Predictor time: 0.34s
04/08/2025, 22:07:37: Predict K: 0
04/08/2025, 22:07:38: Approximation: Step 7 - Visual Question Answering -time 1.56 -token 10
