04/08/2025, 20:50:41: task description: Given blurry image, how to return the regular image step by step?
04/08/2025, 20:50:41: Approximation: Step 1 -prompt token 364
04/08/2025, 20:50:41: Predictor time: 0.09s
04/08/2025, 20:50:41: Predict K: 2
04/08/2025, 20:50:44: Approximation: Step 1 - Image Deblurring -time 2.8 -token 10
04/08/2025, 20:50:44: Approximation: Step 2 -prompt token 379
04/08/2025, 20:50:45: Approximation: Step 2 - Image Super-Resolution -time 1.58 -token 10
04/08/2025, 20:50:51: Approximation: Step 3 -prompt token 409
04/08/2025, 20:50:51: Predictor time: 0.08s
04/08/2025, 20:50:51: Predict K: 2
04/08/2025, 20:50:55: Approximation: Step 3 - Image Super-Resolution -time 3.84 -token 10
04/08/2025, 20:50:55: Approximation: Step 4 -prompt token 418
04/08/2025, 20:50:57: Approximation: Step 4 - Image Super-Resolution -time 2.01 -token 10
04/08/2025, 20:51:08: Approximation: Step 5 -prompt token 444
04/08/2025, 20:51:08: Predictor time: 0.09s
04/08/2025, 20:51:08: Predict K: 1
04/08/2025, 20:51:09: Approximation: Step 5 - Image Classification -time 1.34 -token 8
04/08/2025, 20:51:21: Approximation: Step 6 -prompt token 462
04/08/2025, 20:51:21: Predictor time: 0.09s
04/08/2025, 20:51:21: Predict K: 0
04/08/2025, 20:51:22: Approximation: Step 6 - Visual Question Answering -time 1.51 -token 10
04/08/2025, 20:51:31: Approximation: Step 7 -prompt token 484
04/08/2025, 20:51:31: Predictor time: 0.08s
04/08/2025, 20:51:31: Predict K: 0
04/08/2025, 20:51:33: Approximation: Step 7 - Visual Question Answering -time 1.7 -token 10
04/08/2025, 20:51:45: Approximation: Step 8 -prompt token 499
04/08/2025, 20:51:45: Predictor time: 0.07s
04/08/2025, 20:51:45: Predict K: 0
04/08/2025, 20:51:46: Approximation: Step 8 - TERMINATE -time 1.28 -token 9
