04/08/2025, 20:59:15: task description: Given low-resolutioned noisy blurry grayscale image, how to return the caption in English step by step?
04/08/2025, 20:59:15: Approximation: Step 1 -prompt token 370
04/08/2025, 20:59:15: Predictor time: 0.08s
04/08/2025, 20:59:15: Predict K: 2
04/08/2025, 20:59:17: Approximation: Step 1 - Image Denoising -time 1.58 -token 10
04/08/2025, 20:59:17: Approximation: Step 2 -prompt token 385
04/08/2025, 20:59:18: Approximation: Step 2 - Image Deblurring -time 1.26 -token 10
04/08/2025, 20:59:21: Approximation: Step 2 -prompt token 400
04/08/2025, 20:59:21: Predictor time: 0.09s
04/08/2025, 20:59:21: Predict K: 1
04/08/2025, 20:59:22: Approximation: Step 2 - Image Denoising -time 1.06 -token 10
04/08/2025, 20:59:27: Approximation: Step 3 -prompt token 415
04/08/2025, 20:59:28: Predictor time: 0.07s
04/08/2025, 20:59:28: Predict K: 0
04/08/2025, 20:59:29: Approximation: Step 3 - Image Deblurring -time 1.3 -token 10
04/08/2025, 20:59:32: Approximation: Step 4 -prompt token 430
04/08/2025, 20:59:32: Predictor time: 0.08s
04/08/2025, 20:59:32: Predict K: 1
04/08/2025, 20:59:33: Approximation: Step 4 - Image Captioning -time 1.38 -token 9
04/08/2025, 20:59:41: Approximation: Step 5 -prompt token 444
04/08/2025, 20:59:41: Predictor time: 0.07s
04/08/2025, 20:59:41: Predict K: 1
04/08/2025, 20:59:43: Approximation: Step 5 - TERMINATE -time 1.77 -token 9
