04/08/2025, 20:53:29: task description: Given noisy image, how to return the regular image step by step?
04/08/2025, 20:53:29: Approximation: Step 1 -prompt token 364
04/08/2025, 20:53:31: Approximation: Step 1 - Image Denoising -time 2.59 -token 10
04/08/2025, 20:53:32: Predictor time: 3.33s
04/08/2025, 20:53:32: Predict K: 2
04/08/2025, 20:53:32: Approximation: Step 2 -prompt token 379
04/08/2025, 20:53:34: Approximation: Step 2 - Image Deblurring -time 1.7 -token 10
04/08/2025, 20:53:48: Approximation: Step 3 -prompt token 400
04/08/2025, 20:53:48: Predictor time: 0.19s
04/08/2025, 20:53:48: Predict K: 2
04/08/2025, 20:53:49: Approximation: Step 3 - Image Super-Resolution -time 1.9 -token 10
04/08/2025, 20:53:49: Approximation: Step 4 -prompt token 409
04/08/2025, 20:53:51: Approximation: Step 4 - Image Super-Resolution -time 1.27 -token 10
04/08/2025, 20:54:01: Approximation: Step 5 -prompt token 435
04/08/2025, 20:54:01: Predictor time: 0.34s
04/08/2025, 20:54:01: Predict K: 1
04/08/2025, 20:54:03: Approximation: Step 5 - Object Detection -time 1.87 -token 8
04/08/2025, 20:54:12: Approximation: Step 6 -prompt token 455
04/08/2025, 20:54:12: Predictor time: 0.24s
04/08/2025, 20:54:12: Predict K: 0
04/08/2025, 20:54:14: Approximation: Step 6 - Visual Question Answering -time 2.14 -token 10
04/08/2025, 20:54:32: Approximation: Step 7 -prompt token 470
04/08/2025, 20:54:32: Predictor time: 0.13s
04/08/2025, 20:54:32: Predict K: 1
04/08/2025, 20:54:34: Approximation: Step 7 - Colorization -time 1.8 -token 8
04/08/2025, 20:54:46: Approximation: Step 8 -prompt token 483
04/08/2025, 20:54:47: Predictor time: 0.27s
04/08/2025, 20:54:47: Predict K: 1
04/08/2025, 20:54:49: Approximation: Step 8 - TERMINATE -time 2.58 -token 9
04/08/2025, 20:54:57: Approximation: Step 9 -prompt token 507
04/08/2025, 20:54:58: Predictor time: 0.47s
04/08/2025, 20:54:58: Predict K: 1
04/08/2025, 20:54:59: Approximation: Step 9 - TERMINATE -time 2.38 -token 9
