04/08/2025, 20:58:24: task description: Given low-resolutioned noisy blurry grayscale image, how to return the object names in German step by step?
04/08/2025, 20:58:24: Approximation: Step 1 -prompt token 371
04/08/2025, 20:58:24: Predictor time: 0.07s
04/08/2025, 20:58:24: Predict K: 1
04/08/2025, 20:58:26: Approximation: Step 1 - Image Denoising -time 2.4 -token 10
04/08/2025, 20:58:29: Approximation: Step 2 -prompt token 401
04/08/2025, 20:58:29: Predictor time: 0.09s
04/08/2025, 20:58:29: Predict K: 1
04/08/2025, 20:58:30: Approximation: Step 2 - Image Deblurring -time 1.13 -token 10
04/08/2025, 20:58:35: Approximation: Step 3 -prompt token 425
04/08/2025, 20:58:35: Predictor time: 0.07s
04/08/2025, 20:58:35: Predict K: 1
04/08/2025, 20:58:36: Approximation: Step 3 - Image Deblurring -time 0.98 -token 10
04/08/2025, 20:58:43: Approximation: Step 4 -prompt token 440
04/08/2025, 20:58:43: Predictor time: 0.07s
04/08/2025, 20:58:43: Predict K: 1
04/08/2025, 20:58:45: Approximation: Step 4 - Object Detection -time 1.43 -token 8
04/08/2025, 20:58:52: Approximation: Step 5 -prompt token 453
04/08/2025, 20:58:53: Predictor time: 0.07s
04/08/2025, 20:58:53: Predict K: 1
04/08/2025, 20:58:54: Approximation: Step 5 - Machine Translation -time 1.8 -token 8
04/08/2025, 20:59:04: Approximation: Step 6 -prompt token 466
04/08/2025, 20:59:04: Predictor time: 0.07s
04/08/2025, 20:59:04: Predict K: 1
04/08/2025, 20:59:06: Approximation: Step 6 - TERMINATE -time 2.35 -token 9
