04/08/2025, 20:59:55: task description: Given low-resolutioned noisy blurry grayscale image, how to return the class label in English step by step?
04/08/2025, 20:59:55: Approximation: Step 1 -prompt token 371
04/08/2025, 20:59:55: Predictor time: 0.07s
04/08/2025, 20:59:55: Predict K: 1
04/08/2025, 20:59:57: Approximation: Step 1 - Image Denoising -time 1.68 -token 10
04/08/2025, 21:00:03: Approximation: Step 2 -prompt token 401
04/08/2025, 21:00:03: Predictor time: 0.08s
04/08/2025, 21:00:03: Predict K: 1
04/08/2025, 21:00:05: Approximation: Step 2 - Image Deblurring -time 1.63 -token 10
04/08/2025, 21:00:09: Approximation: Step 3 -prompt token 425
04/08/2025, 21:00:09: Predictor time: 0.09s
04/08/2025, 21:00:09: Predict K: 1
04/08/2025, 21:00:11: Approximation: Step 3 - Image Deblurring -time 2.04 -token 10
04/08/2025, 21:00:13: Approximation: Step 4 -prompt token 440
04/08/2025, 21:00:13: Predictor time: 0.07s
04/08/2025, 21:00:13: Predict K: 1
04/08/2025, 21:00:15: Approximation: Step 4 - Image Classification -time 2.04 -token 8
04/08/2025, 21:00:20: Approximation: Step 5 -prompt token 453
04/08/2025, 21:00:20: Predictor time: 0.07s
04/08/2025, 21:00:20: Predict K: 1
04/08/2025, 21:00:21: Approximation: Step 5 - TERMINATE -time 0.92 -token 9
