04/08/2025, 20:55:06: task description: Given low-resolutioned image, how to return the regular image step by step?
04/08/2025, 20:55:06: Approximation: Step 1 -prompt token 366
04/08/2025, 20:55:06: Predictor time: 0.76s
04/08/2025, 20:55:06: Predict K: 2
04/08/2025, 20:55:07: Approximation: Step 1 - Image Super-Resolution -time 1.42 -token 10
04/08/2025, 20:55:07: Approximation: Step 2 -prompt token 381
04/08/2025, 20:55:08: Approximation: Step 2 - TERMINATE -time 1.4 -token 9
04/08/2025, 20:55:16: Approximation: Step 3 -prompt token 409
04/08/2025, 20:55:16: Predictor time: 0.53s
04/08/2025, 20:55:16: Predict K: 2
04/08/2025, 20:55:18: Approximation: Step 3 - Image Deblurring -time 2.03 -token 10
04/08/2025, 20:55:18: Approximation: Step 4 -prompt token 418
04/08/2025, 20:55:19: Approximation: Step 4 - TERMINATE -time 0.94 -token 9
04/08/2025, 20:55:33: Approximation: Step 5 -prompt token 442
04/08/2025, 20:55:33: Predictor time: 0.09s
04/08/2025, 20:55:33: Predict K: 1
04/08/2025, 20:55:35: Approximation: Step 5 - TERMINATE -time 1.38 -token 9
04/08/2025, 20:55:42: Approximation: Step 6 -prompt token 460
04/08/2025, 20:55:42: Predictor time: 0.08s
04/08/2025, 20:55:42: Predict K: 1
04/08/2025, 20:55:44: Approximation: Step 6 - Object Detection -time 2.49 -token 8
04/08/2025, 20:55:53: Approximation: Step 7 -prompt token 480
04/08/2025, 20:55:53: Predictor time: 0.08s
04/08/2025, 20:55:53: Predict K: 0
04/08/2025, 20:55:55: Approximation: Step 7 - Object Detection -time 1.54 -token 8
04/08/2025, 20:56:10: Approximation: Step 8 -prompt token 502
04/08/2025, 20:56:10: Predictor time: 0.07s
04/08/2025, 20:56:10: Predict K: 1
04/08/2025, 20:56:12: Approximation: Step 8 - Object Detection -time 1.83 -token 8
04/08/2025, 20:56:23: Approximation: Step 9 -prompt token 526
04/08/2025, 20:56:23: Predictor time: 0.07s
04/08/2025, 20:56:23: Predict K: 1
04/08/2025, 20:56:24: Approximation: Step 9 - Object Detection -time 1.52 -token 8
04/08/2025, 20:56:40: Approximation: Step 10 -prompt token 539
04/08/2025, 20:56:40: Predictor time: 0.07s
04/08/2025, 20:56:40: Predict K: 1
04/08/2025, 20:56:41: Approximation: Step 10 - TERMINATE -time 1.3 -token 9
04/08/2025, 20:56:54: Approximation: Step 11 -prompt token 557
04/08/2025, 20:56:54: Predictor time: 0.08s
04/08/2025, 20:56:54: Predict K: 1
04/08/2025, 20:56:55: Approximation: Step 11 - TERMINATE -time 1.32 -token 9
04/08/2025, 20:57:02: Approximation: Step 12 -prompt token 579
04/08/2025, 20:57:02: Predictor time: 0.07s
04/08/2025, 20:57:02: Predict K: 1
04/08/2025, 20:57:04: Approximation: Step 12 - Fill Mask -time 1.51 -token 8
