04/08/2025, 20:51:55: task description: Given low-resolutioned noisy image, how to return the regular image step by step?
04/08/2025, 20:51:55: Approximation: Step 1 -prompt token 367
04/08/2025, 20:51:56: Predictor time: 0.21s
04/08/2025, 20:51:56: Predict K: 2
04/08/2025, 20:51:59: Approximation: Step 1 - Image Denoising -time 3.13 -token 10
04/08/2025, 20:51:59: Approximation: Step 2 -prompt token 382
04/08/2025, 20:52:01: Approximation: Step 2 - Image Deblurring -time 2.01 -token 10
04/08/2025, 20:52:09: Approximation: Step 3 -prompt token 412
04/08/2025, 20:52:09: Predictor time: 0.1s
04/08/2025, 20:52:09: Predict K: 2
04/08/2025, 20:52:11: Approximation: Step 3 - Image Deblurring -time 1.81 -token 10
04/08/2025, 20:52:11: Approximation: Step 4 -prompt token 421
04/08/2025, 20:52:12: Approximation: Step 4 - Colorization -time 0.97 -token 8
04/08/2025, 20:52:21: Approximation: Step 5 -prompt token 445
04/08/2025, 20:52:22: Predictor time: 0.09s
04/08/2025, 20:52:22: Predict K: 1
04/08/2025, 20:52:25: Approximation: Step 5 - Object Detection -time 3.35 -token 8
04/08/2025, 20:52:38: Approximation: Step 6 -prompt token 458
04/08/2025, 20:52:38: Predictor time: 0.16s
04/08/2025, 20:52:38: Predict K: 0
04/08/2025, 20:52:40: Approximation: Step 6 - Colorization -time 2.11 -token 8
04/08/2025, 20:52:52: Approximation: Step 7 -prompt token 478
04/08/2025, 20:52:52: Predictor time: 0.11s
04/08/2025, 20:52:52: Predict K: 0
04/08/2025, 20:52:54: Approximation: Step 7 - Visual Question Answering -time 1.9 -token 10
04/08/2025, 20:53:04: Approximation: Step 8 -prompt token 493
04/08/2025, 20:53:04: Predictor time: 0.32s
04/08/2025, 20:53:04: Predict K: 1
04/08/2025, 20:53:05: Approximation: Step 8 - Colorization -time 1.45 -token 8
04/08/2025, 20:53:18: Approximation: Step 9 -prompt token 506
04/08/2025, 20:53:18: Predictor time: 0.08s
04/08/2025, 20:53:18: Predict K: 1
04/08/2025, 20:53:19: Approximation: Step 9 - TERMINATE -time 1.47 -token 9
