04/08/2025, 20:59:15: task description: Given low-resolutioned noisy blurry grayscale image, how to return the caption in English step by step?
04/08/2025, 20:59:17: in breaking, The approximation agent thinks step 1 should be Image Denoising
04/08/2025, 20:59:21: The target agent thinks step 1 should be Image Super-Resolution, correcting what the approximation agent thinks which is Image Denoising.
04/08/2025, 20:59:22: in breaking, The approximation agent thinks step 2 should be Image Denoising
04/08/2025, 20:59:27: The target agent thinks step 2 should be Image Denoising, which agrees with the approximation agent.
04/08/2025, 20:59:29: in breaking, The approximation agent thinks step 3 should be Image Deblurring
04/08/2025, 20:59:32: The target agent thinks step 3 should be Image Deblurring, which agrees with the approximation agent.
04/08/2025, 20:59:33: in breaking, The approximation agent thinks step 4 should be Image Captioning
04/08/2025, 20:59:41: The target agent thinks step 4 should be Image Captioning, which agrees with the approximation agent.
04/08/2025, 20:59:43: in breaking, The approximation agent thinks step 5 should be TERMINATE
04/08/2025, 20:59:55: The target agent thinks step 5 should be TERMINATE, which agrees with the approximation agent.
04/08/2025, 20:59:55: 2025-04-08 20:59:55.465950 - 2025-04-08 20:59:15.502824 = 0:00:39.963126
04/08/2025, 20:59:55: final result for the speculative planning ['Image Super-Resolution', 'Image Denoising', 'Image Deblurring', 'Image Captioning', 'TERMINATE']
04/08/2025, 20:59:55: max concurrent calls: 4
04/08/2025, 20:59:55: total approximation token generation: 58
04/08/2025, 20:59:55: total target token prompt: 5105
04/08/2025, 20:59:55: total target token generation: 912
04/08/2025, 20:59:55: total target step time: 39.92
04/08/2025, 20:59:55: total token prompt: 7952
04/08/2025, 20:59:55: total token generation: 970
04/08/2025, 20:59:55: accuracy of approximation agent: 0.8
04/08/2025, 20:59:55: sp token/step: 194.0
04/08/2025, 20:59:55: naive token/step: 182.4
04/08/2025, 20:59:55: generation token cost increased: 6.36%.
04/08/2025, 20:59:55: sp prompt/step: 1590.4
04/08/2025, 20:59:55: naive prompt/step: 1021.0
04/08/2025, 20:59:55: prompt token cost increased: 55.77%.
04/08/2025, 20:59:55: sp time/step: 7.99
04/08/2025, 20:59:55: naive time/step: 7.98
04/08/2025, 20:59:55: time decreased by: -0.13%.
04/08/2025, 20:59:55: predictor acc: 0.25
04/08/2025, 20:59:55: step number: 5
04/08/2025, 20:59:55: dynamic k
