04/08/2025, 20:51:55: task description: Given low-resolutioned noisy image, how to return the regular image step by step?
04/08/2025, 20:51:59: in breaking, The approximation agent thinks step 1 should be Image Denoising
04/08/2025, 20:52:00: The target agent thinks step 1 should be Image Denoising, which agrees with the approximation agent.
04/08/2025, 20:52:01: in breaking, The approximation agent thinks step 2 should be Image Deblurring
04/08/2025, 20:52:09: The target agent thinks step 2 should be Image Super-Resolution, correcting what the approximation agent thinks which is Image Deblurring.
04/08/2025, 20:52:11: in breaking, The approximation agent thinks step 3 should be Image Deblurring
04/08/2025, 20:52:15: The target agent thinks step 3 should be Image Deblurring, which agrees with the approximation agent.
04/08/2025, 20:52:15: The approximation agent thinks step 4 should be Colorization
04/08/2025, 20:52:21: The target agent thinks step 4 should be Image Classification, correcting what the approximation agent thinks which is Colorization.
04/08/2025, 20:52:25: in breaking, The approximation agent thinks step 5 should be Object Detection
04/08/2025, 20:52:38: The target agent thinks step 5 should be Object Detection, which agrees with the approximation agent.
04/08/2025, 20:52:40: in breaking, The approximation agent thinks step 6 should be Colorization
04/08/2025, 20:52:52: The target agent thinks step 6 should be Image Captioning, correcting what the approximation agent thinks which is Colorization.
04/08/2025, 20:52:54: in breaking, The approximation agent thinks step 7 should be Visual Question Answering
04/08/2025, 20:53:04: The target agent thinks step 7 should be Visual Question Answering, which agrees with the approximation agent.
04/08/2025, 20:53:05: in breaking, The approximation agent thinks step 8 should be Colorization
04/08/2025, 20:53:18: The target agent thinks step 8 should be Colorization, which agrees with the approximation agent.
04/08/2025, 20:53:19: in breaking, The approximation agent thinks step 9 should be TERMINATE
04/08/2025, 20:53:28: The target agent thinks step 9 should be TERMINATE, which agrees with the approximation agent.
04/08/2025, 20:53:28: 2025-04-08 20:53:28.973875 - 2025-04-08 20:51:55.961452 = 0:01:33.012423
04/08/2025, 20:53:28: final result for the speculative planning ['Image Denoising', 'Image Super-Resolution', 'Image Deblurring', 'Image Classification', 'Object Detection', 'Image Captioning', 'Visual Question Answering', 'Colorization', 'TERMINATE']
04/08/2025, 20:53:28: max concurrent calls: 4
04/08/2025, 20:53:28: total approximation token generation: 81
04/08/2025, 20:53:28: total target token prompt: 9965
04/08/2025, 20:53:28: total target token generation: 2176
04/08/2025, 20:53:28: total target step time: 98.99000000000001
04/08/2025, 20:53:28: total token prompt: 13927
04/08/2025, 20:53:28: total token generation: 2257
04/08/2025, 20:53:28: accuracy of approximation agent: 0.6666666666666666
04/08/2025, 20:53:28: sp token/step: 250.78
04/08/2025, 20:53:28: naive token/step: 241.78
04/08/2025, 20:53:28: generation token cost increased: 3.72%.
04/08/2025, 20:53:28: sp prompt/step: 1547.44
04/08/2025, 20:53:28: naive prompt/step: 1107.22
04/08/2025, 20:53:28: prompt token cost increased: 39.76%.
04/08/2025, 20:53:28: sp time/step: 10.33
04/08/2025, 20:53:28: naive time/step: 11.0
04/08/2025, 20:53:28: time decreased by: 6.09%.
04/08/2025, 20:53:28: predictor acc: 0.33
04/08/2025, 20:53:28: step number: 9
04/08/2025, 20:53:28: dynamic k
