04/08/2025, 20:57:51: task description: Given low-resolutioned noisy blurry grayscale image, how to return the class label in German step by step?
04/08/2025, 20:57:53: in breaking, The approximation agent thinks step 1 should be Image Denoising
04/08/2025, 20:57:59: The target agent thinks step 1 should be Image Denoising, which agrees with the approximation agent.
04/08/2025, 20:57:59: The approximation agent thinks step 2 should be Image Deblurring
04/08/2025, 20:58:00: The target agent thinks step 2 should be Image Deblurring, which agrees with the approximation agent.
04/08/2025, 20:58:00: The approximation agent thinks step 3 should be Image Super-Resolution
04/08/2025, 20:58:03: The target agent thinks step 3 should be Image Super-Resolution, which agrees with the approximation agent.
04/08/2025, 20:58:03: The approximation agent thinks step 4 should be Image Classification
04/08/2025, 20:58:10: The target agent thinks step 4 should be Image Classification, which agrees with the approximation agent.
04/08/2025, 20:58:10: The approximation agent thinks step 5 should be Machine Translation
04/08/2025, 20:58:13: The target agent thinks step 5 should be Machine Translation, which agrees with the approximation agent.
04/08/2025, 20:58:14: in breaking, The approximation agent thinks step 6 should be TERMINATE
04/08/2025, 20:58:23: The target agent thinks step 6 should be TERMINATE, which agrees with the approximation agent.
04/08/2025, 20:58:23: 2025-04-08 20:58:23.998835 - 2025-04-08 20:57:51.957605 = 0:00:32.041230
04/08/2025, 20:58:24: final result for the speculative planning ['Image Denoising', 'Image Deblurring', 'Image Super-Resolution', 'Image Classification', 'Machine Translation', 'TERMINATE']
04/08/2025, 20:58:24: max concurrent calls: 6
04/08/2025, 20:58:24: total approximation token generation: 55
04/08/2025, 20:58:24: total target token prompt: 6146
04/08/2025, 20:58:24: total target token generation: 1053
04/08/2025, 20:58:24: total target step time: 59.74
04/08/2025, 20:58:24: total token prompt: 9392
04/08/2025, 20:58:24: total token generation: 1108
04/08/2025, 20:58:24: accuracy of approximation agent: 1.0
04/08/2025, 20:58:24: sp token/step: 184.67
04/08/2025, 20:58:24: naive token/step: 175.5
04/08/2025, 20:58:24: generation token cost increased: 5.23%.
04/08/2025, 20:58:24: sp prompt/step: 1565.33
04/08/2025, 20:58:24: naive prompt/step: 1024.33
04/08/2025, 20:58:24: prompt token cost increased: 52.82%.
04/08/2025, 20:58:24: sp time/step: 5.34
04/08/2025, 20:58:24: naive time/step: 9.96
04/08/2025, 20:58:24: time decreased by: 46.39%.
04/08/2025, 20:58:24: predictor acc: 0.0
04/08/2025, 20:58:24: step number: 6
04/08/2025, 20:58:24: dynamic k
