04/08/2025, 20:50:41: task description: Given blurry image, how to return the regular image step by step?
04/08/2025, 20:50:41: react launch api for thought.
04/08/2025, 20:50:41: Target step 1 thought prompt token: 382
04/08/2025, 20:50:44: react launch api for thought.
04/08/2025, 20:50:44: Target step 2 thought prompt token: 397
04/08/2025, 20:50:48: Target step 2 thought generation token: 119
04/08/2025, 20:50:48: react launch api for response.
04/08/2025, 20:50:48: Target step 2 response prompt token: 543
04/08/2025, 20:50:49: Target step 2 response generation token: 10
04/08/2025, 20:50:49: Intermediate Target Step 2 - Image Denoising -gen 129 -prompt 940
04/08/2025, 20:50:49: Target: Step 2 -time 5.14
04/08/2025, 20:50:49: Mismatch at 1. Cancel starts. 
04/08/2025, 20:50:50: Target step 1 thought generation token: 113
04/08/2025, 20:50:50: react launch api for response.
04/08/2025, 20:50:50: Target step 1 response prompt token: 522
04/08/2025, 20:50:51: Target step 1 response generation token: 10
04/08/2025, 20:50:51: Target: Step 1 - Image Deblurring
04/08/2025, 20:50:51: Target: Step 2 - Image Denoising
04/08/2025, 20:50:51: Intermediate Target Step 1 - Image Deblurring -gen 123 -prompt 904
04/08/2025, 20:50:51: Target: Step 1 -time 10.49
04/08/2025, 20:50:51: sas tasks: ['Image Deblurring', 'Image Super-Resolution']
04/08/2025, 20:50:51: flatten_tas: [(0, 'Image Deblurring'), (1, 'Image Denoising')]
04/08/2025, 20:50:51: step 1 app: Image Super-Resolution, tar: Image Denoising
04/08/2025, 20:50:51: return sas tasks: ['Image Deblurring', 'Image Denoising']
04/08/2025, 20:50:51: react launch api for thought.
04/08/2025, 20:50:51: Target step 3 thought prompt token: 406
04/08/2025, 20:50:55: react launch api for thought.
04/08/2025, 20:50:55: Target step 4 thought prompt token: 415
04/08/2025, 20:50:57: Target step 3 thought generation token: 178
04/08/2025, 20:50:57: react launch api for response.
04/08/2025, 20:50:57: Target step 3 response prompt token: 611
04/08/2025, 20:51:00: Target step 3 response generation token: 10
04/08/2025, 20:51:00: Target: Step 3 - Image Super-Resolution
04/08/2025, 20:51:00: Intermediate Target Step 3 - Image Super-Resolution -gen 188 -prompt 1017
04/08/2025, 20:51:00: Target: Step 3 -time 8.71
04/08/2025, 20:51:06: Target step 4 thought generation token: 246
04/08/2025, 20:51:06: react launch api for response.
04/08/2025, 20:51:06: Target step 4 response prompt token: 688
04/08/2025, 20:51:08: Target step 4 response generation token: 8
04/08/2025, 20:51:08: Target: Step 4 - Image Classification
04/08/2025, 20:51:08: Intermediate Target Step 4 - Image Classification -gen 254 -prompt 1103
04/08/2025, 20:51:08: Target: Step 4 -time 13.01
04/08/2025, 20:51:08: Mismatch at 1. Cancel starts. 
04/08/2025, 20:51:08: sas tasks: ['Image Super-Resolution', 'Image Super-Resolution']
04/08/2025, 20:51:08: flatten_tas: [(0, 'Image Super-Resolution'), (1, 'Image Classification')]
04/08/2025, 20:51:08: step 1 app: Image Super-Resolution, tar: Image Classification
04/08/2025, 20:51:08: return sas tasks: ['Image Super-Resolution', 'Image Classification']
04/08/2025, 20:51:08: react launch api for thought.
04/08/2025, 20:51:08: Target step 5 thought prompt token: 422
04/08/2025, 20:51:20: Target step 5 thought generation token: 276
04/08/2025, 20:51:20: react launch api for response.
04/08/2025, 20:51:20: Target step 5 response prompt token: 725
04/08/2025, 20:51:21: Target step 5 response generation token: 8
04/08/2025, 20:51:21: Target: Step 5 - Object Detection
04/08/2025, 20:51:21: Intermediate Target Step 5 - Object Detection -gen 284 -prompt 1147
04/08/2025, 20:51:21: Target: Step 5 -time 12.83
04/08/2025, 20:51:21: Mismatch at 0. Cancel starts. 
04/08/2025, 20:51:21: sas tasks: ['Image Classification']
04/08/2025, 20:51:21: flatten_tas: [(0, 'Object Detection')]
04/08/2025, 20:51:21: step 0 app: Image Classification, tar: Object Detection
04/08/2025, 20:51:21: return sas tasks: ['Object Detection']
04/08/2025, 20:51:21: react launch api for thought.
04/08/2025, 20:51:21: Target step 6 thought prompt token: 429
04/08/2025, 20:51:29: Target step 6 thought generation token: 219
04/08/2025, 20:51:29: react launch api for response.
04/08/2025, 20:51:29: Target step 6 response prompt token: 675
04/08/2025, 20:51:31: Target step 6 response generation token: 9
04/08/2025, 20:51:31: Target: Step 6 - Image Captioning
04/08/2025, 20:51:31: Intermediate Target Step 6 - Image Captioning -gen 228 -prompt 1104
04/08/2025, 20:51:31: Target: Step 6 -time 10.18
04/08/2025, 20:51:31: Mismatch at 0. Cancel starts. 
04/08/2025, 20:51:31: sas tasks: ['Visual Question Answering']
04/08/2025, 20:51:31: flatten_tas: [(0, 'Image Captioning')]
04/08/2025, 20:51:31: step 0 app: Visual Question Answering, tar: Image Captioning
04/08/2025, 20:51:31: return sas tasks: ['Image Captioning']
04/08/2025, 20:51:31: react launch api for thought.
04/08/2025, 20:51:31: Target step 7 thought prompt token: 437
04/08/2025, 20:51:42: Target step 7 thought generation token: 354
04/08/2025, 20:51:42: react launch api for response.
04/08/2025, 20:51:42: Target step 7 response prompt token: 818
04/08/2025, 20:51:45: Target step 7 response generation token: 10
04/08/2025, 20:51:45: Target: Step 7 - Visual Question Answering
04/08/2025, 20:51:45: Intermediate Target Step 7 - Visual Question Answering -gen 364 -prompt 1255
04/08/2025, 20:51:45: Target: Step 7 -time 13.58
04/08/2025, 20:51:45: Mismatch at 0. Cancel starts. 
04/08/2025, 20:51:45: sas tasks: ['Visual Question Answering']
04/08/2025, 20:51:45: flatten_tas: [(0, 'Visual Question Answering')]
04/08/2025, 20:51:45: return sas tasks: ['Visual Question Answering']
04/08/2025, 20:51:45: react launch api for thought.
04/08/2025, 20:51:45: Target step 8 thought prompt token: 446
04/08/2025, 20:51:52: Target step 8 thought generation token: 180
04/08/2025, 20:51:52: react launch api for response.
04/08/2025, 20:51:52: Target step 8 response prompt token: 653
04/08/2025, 20:51:55: Target step 8 response generation token: 9
04/08/2025, 20:51:55: Target: Step 8 - TERMINATE
04/08/2025, 20:51:55: Intermediate Target Step 8 - TERMINATE -gen 189 -prompt 1099
04/08/2025, 20:51:55: Target: Step 8 -time 10.7
04/08/2025, 20:51:55: Mismatch at 0. Cancel starts. 
04/08/2025, 20:51:55: sas tasks: ['TERMINATE']
04/08/2025, 20:51:55: flatten_tas: [(0, 'TERMINATE')]
04/08/2025, 20:51:55: return sas tasks: ['TERMINATE']
