04/08/2025, 20:55:06: task description: Given low-resolutioned image, how to return the regular image step by step?
04/08/2025, 20:55:06: react launch api for thought.
04/08/2025, 20:55:06: Target step 1 thought prompt token: 384
04/08/2025, 20:55:07: react launch api for thought.
04/08/2025, 20:55:07: Target step 2 thought prompt token: 399
04/08/2025, 20:55:11: Target step 1 thought generation token: 128
04/08/2025, 20:55:11: react launch api for response.
04/08/2025, 20:55:11: Target step 1 response prompt token: 539
04/08/2025, 20:55:12: Target step 1 response generation token: 10
04/08/2025, 20:55:12: Target: Step 1 - Image Super-Resolution
04/08/2025, 20:55:12: Intermediate Target Step 1 - Image Super-Resolution -gen 138 -prompt 923
04/08/2025, 20:55:12: Target: Step 1 -time 6.61
04/08/2025, 20:55:15: Target step 2 thought generation token: 146
04/08/2025, 20:55:15: react launch api for response.
04/08/2025, 20:55:15: Target step 2 response prompt token: 572
04/08/2025, 20:55:16: Target step 2 response generation token: 10
04/08/2025, 20:55:16: Target: Step 2 - Image Denoising
04/08/2025, 20:55:16: Intermediate Target Step 2 - Image Denoising -gen 156 -prompt 971
04/08/2025, 20:55:16: Target: Step 2 -time 8.44
04/08/2025, 20:55:16: Mismatch at 1. Cancel starts. 
04/08/2025, 20:55:16: sas tasks: ['Image Super-Resolution', 'TERMINATE']
04/08/2025, 20:55:16: flatten_tas: [(0, 'Image Super-Resolution'), (1, 'Image Denoising')]
04/08/2025, 20:55:16: step 1 app: TERMINATE, tar: Image Denoising
04/08/2025, 20:55:16: return sas tasks: ['Image Super-Resolution', 'Image Denoising']
04/08/2025, 20:55:16: react launch api for thought.
04/08/2025, 20:55:16: Target step 3 thought prompt token: 408
04/08/2025, 20:55:18: react launch api for thought.
04/08/2025, 20:55:18: Target step 4 thought prompt token: 417
04/08/2025, 20:55:24: Target step 3 thought generation token: 188
04/08/2025, 20:55:24: react launch api for response.
04/08/2025, 20:55:24: Target step 3 response prompt token: 623
04/08/2025, 20:55:25: Target step 3 response generation token: 10
04/08/2025, 20:55:25: Target: Step 3 - Image Deblurring
04/08/2025, 20:55:25: Intermediate Target Step 3 - Image Deblurring -gen 198 -prompt 1031
04/08/2025, 20:55:25: Target: Step 3 -time 9.66
04/08/2025, 20:55:32: Target step 4 thought generation token: 324
04/08/2025, 20:55:32: react launch api for response.
04/08/2025, 20:55:32: Target step 4 response prompt token: 768
04/08/2025, 20:55:33: Target step 4 response generation token: 8
04/08/2025, 20:55:33: Target: Step 4 - Colorization
04/08/2025, 20:55:33: Intermediate Target Step 4 - Colorization -gen 332 -prompt 1185
04/08/2025, 20:55:33: Target: Step 4 -time 15.63
04/08/2025, 20:55:33: Mismatch at 1. Cancel starts. 
04/08/2025, 20:55:33: sas tasks: ['Image Deblurring', 'TERMINATE']
04/08/2025, 20:55:33: flatten_tas: [(0, 'Image Deblurring'), (1, 'Colorization')]
04/08/2025, 20:55:33: step 1 app: TERMINATE, tar: Colorization
04/08/2025, 20:55:33: return sas tasks: ['Image Deblurring', 'Colorization']
04/08/2025, 20:55:33: react launch api for thought.
04/08/2025, 20:55:33: Target step 5 thought prompt token: 424
04/08/2025, 20:55:41: Target step 5 thought generation token: 242
04/08/2025, 20:55:41: react launch api for response.
04/08/2025, 20:55:41: Target step 5 response prompt token: 693
04/08/2025, 20:55:42: Target step 5 response generation token: 8
04/08/2025, 20:55:42: Target: Step 5 - Image Classification
04/08/2025, 20:55:42: Intermediate Target Step 5 - Image Classification -gen 250 -prompt 1117
04/08/2025, 20:55:42: Target: Step 5 -time 8.6
04/08/2025, 20:55:42: Mismatch at 0. Cancel starts. 
04/08/2025, 20:55:42: sas tasks: ['TERMINATE']
04/08/2025, 20:55:42: flatten_tas: [(0, 'Image Classification')]
04/08/2025, 20:55:42: step 0 app: TERMINATE, tar: Image Classification
04/08/2025, 20:55:42: return sas tasks: ['Image Classification']
04/08/2025, 20:55:42: react launch api for thought.
04/08/2025, 20:55:42: Target step 6 thought prompt token: 431
04/08/2025, 20:55:50: Target step 6 thought generation token: 244
04/08/2025, 20:55:50: react launch api for response.
04/08/2025, 20:55:50: Target step 6 response prompt token: 702
04/08/2025, 20:55:53: Target step 6 response generation token: 9
04/08/2025, 20:55:53: Target: Step 6 - Image Captioning
04/08/2025, 20:55:53: Intermediate Target Step 6 - Image Captioning -gen 253 -prompt 1133
04/08/2025, 20:55:53: Target: Step 6 -time 11.28
04/08/2025, 20:55:53: Mismatch at 0. Cancel starts. 
04/08/2025, 20:55:53: sas tasks: ['Object Detection']
04/08/2025, 20:55:53: flatten_tas: [(0, 'Image Captioning')]
04/08/2025, 20:55:53: step 0 app: Object Detection, tar: Image Captioning
04/08/2025, 20:55:53: return sas tasks: ['Image Captioning']
04/08/2025, 20:55:53: react launch api for thought.
04/08/2025, 20:55:53: Target step 7 thought prompt token: 439
04/08/2025, 20:56:07: Target step 7 thought generation token: 244
04/08/2025, 20:56:07: react launch api for response.
04/08/2025, 20:56:07: Target step 7 response prompt token: 710
04/08/2025, 20:56:10: Target step 7 response generation token: 10
04/08/2025, 20:56:10: Target: Step 7 - Visual Question Answering
04/08/2025, 20:56:10: Intermediate Target Step 7 - Visual Question Answering -gen 254 -prompt 1149
04/08/2025, 20:56:10: Target: Step 7 -time 16.7
04/08/2025, 20:56:10: Mismatch at 0. Cancel starts. 
04/08/2025, 20:56:10: sas tasks: ['Object Detection']
04/08/2025, 20:56:10: flatten_tas: [(0, 'Visual Question Answering')]
04/08/2025, 20:56:10: step 0 app: Object Detection, tar: Visual Question Answering
04/08/2025, 20:56:10: return sas tasks: ['Visual Question Answering']
04/08/2025, 20:56:10: react launch api for thought.
04/08/2025, 20:56:10: Target step 8 thought prompt token: 448
04/08/2025, 20:56:22: Target step 8 thought generation token: 233
04/08/2025, 20:56:22: react launch api for response.
04/08/2025, 20:56:22: Target step 8 response prompt token: 708
04/08/2025, 20:56:23: Target step 8 response generation token: 11
04/08/2025, 20:56:23: Target: Step 8 - Text-to-Image Generation
04/08/2025, 20:56:23: Intermediate Target Step 8 - Text-to-Image Generation -gen 244 -prompt 1156
04/08/2025, 20:56:23: Target: Step 8 -time 13.01
04/08/2025, 20:56:23: Mismatch at 0. Cancel starts. 
04/08/2025, 20:56:23: sas tasks: ['Object Detection']
04/08/2025, 20:56:23: flatten_tas: [(0, 'Text-to-Image Generation')]
04/08/2025, 20:56:23: step 0 app: Object Detection, tar: Text-to-Image Generation
04/08/2025, 20:56:23: return sas tasks: ['Text-to-Image Generation']
04/08/2025, 20:56:23: react launch api for thought.
04/08/2025, 20:56:23: Target step 9 thought prompt token: 458
04/08/2025, 20:56:39: Target step 9 thought generation token: 395
04/08/2025, 20:56:39: react launch api for response.
04/08/2025, 20:56:39: Target step 9 response prompt token: 880
04/08/2025, 20:56:40: Target step 9 response generation token: 8
04/08/2025, 20:56:40: Target: Step 9 - Object Detection
04/08/2025, 20:56:40: Intermediate Target Step 9 - Object Detection -gen 403 -prompt 1338
04/08/2025, 20:56:40: Target: Step 9 -time 17.0
04/08/2025, 20:56:40: Mismatch at 0. Cancel starts. 
04/08/2025, 20:56:40: sas tasks: ['Object Detection']
04/08/2025, 20:56:40: flatten_tas: [(0, 'Object Detection')]
04/08/2025, 20:56:40: return sas tasks: ['Object Detection']
04/08/2025, 20:56:40: react launch api for thought.
04/08/2025, 20:56:40: Target step 10 thought prompt token: 465
04/08/2025, 20:56:52: Target step 10 thought generation token: 358
04/08/2025, 20:56:52: react launch api for response.
04/08/2025, 20:56:52: Target step 10 response prompt token: 850
04/08/2025, 20:56:54: Target step 10 response generation token: 8
04/08/2025, 20:56:54: Target: Step 10 - Machine Translation
04/08/2025, 20:56:54: Intermediate Target Step 10 - Machine Translation -gen 366 -prompt 1315
04/08/2025, 20:56:54: Target: Step 10 -time 14.13
04/08/2025, 20:56:54: Mismatch at 0. Cancel starts. 
04/08/2025, 20:56:54: sas tasks: ['TERMINATE']
04/08/2025, 20:56:54: flatten_tas: [(0, 'Machine Translation')]
04/08/2025, 20:56:54: step 0 app: TERMINATE, tar: Machine Translation
04/08/2025, 20:56:54: return sas tasks: ['Machine Translation']
04/08/2025, 20:56:54: react launch api for thought.
04/08/2025, 20:56:54: Target step 11 thought prompt token: 472
04/08/2025, 20:57:01: Target step 11 thought generation token: 158
04/08/2025, 20:57:01: react launch api for response.
04/08/2025, 20:57:01: Target step 11 response prompt token: 657
04/08/2025, 20:57:02: Target step 11 response generation token: 10
04/08/2025, 20:57:02: Target: Step 11 - Text Summarization
04/08/2025, 20:57:02: Intermediate Target Step 11 - Text Summarization -gen 168 -prompt 1129
04/08/2025, 20:57:02: Target: Step 11 -time 8.32
04/08/2025, 20:57:02: Mismatch at 0. Cancel starts. 
04/08/2025, 20:57:02: sas tasks: ['TERMINATE']
04/08/2025, 20:57:02: flatten_tas: [(0, 'Text Summarization')]
04/08/2025, 20:57:02: step 0 app: TERMINATE, tar: Text Summarization
04/08/2025, 20:57:02: return sas tasks: ['Text Summarization']
04/08/2025, 20:57:02: react launch api for thought.
04/08/2025, 20:57:02: Target step 12 thought prompt token: 481
04/08/2025, 20:57:11: Target step 12 thought generation token: 228
04/08/2025, 20:57:11: react launch api for response.
04/08/2025, 20:57:11: Target step 12 response prompt token: 736
04/08/2025, 20:57:12: Target step 12 response generation token: 9
04/08/2025, 20:57:12: Target: Step 12 - TERMINATE
04/08/2025, 20:57:12: Intermediate Target Step 12 - TERMINATE -gen 237 -prompt 1217
04/08/2025, 20:57:12: Target: Step 12 -time 10.14
04/08/2025, 20:57:12: Mismatch at 0. Cancel starts. 
04/08/2025, 20:57:12: sas tasks: ['Fill Mask']
04/08/2025, 20:57:12: flatten_tas: [(0, 'TERMINATE')]
04/08/2025, 20:57:12: step 0 app: Fill Mask, tar: TERMINATE
04/08/2025, 20:57:12: return sas tasks: ['TERMINATE']
