04/08/2025, 20:59:15: task description: Given low-resolutioned noisy blurry grayscale image, how to return the caption in English step by step?
04/08/2025, 20:59:15: react launch api for thought.
04/08/2025, 20:59:15: Target step 1 thought prompt token: 388
04/08/2025, 20:59:17: react launch api for thought.
04/08/2025, 20:59:17: Target step 2 thought prompt token: 403
04/08/2025, 20:59:20: Target step 1 thought generation token: 148
04/08/2025, 20:59:20: react launch api for response.
04/08/2025, 20:59:20: Target step 1 response prompt token: 563
04/08/2025, 20:59:21: Target step 1 response generation token: 10
04/08/2025, 20:59:21: Target: Step 1 - Image Super-Resolution
04/08/2025, 20:59:21: Intermediate Target Step 1 - Image Super-Resolution -gen 158 -prompt 951
04/08/2025, 20:59:21: Target: Step 1 -time 5.84
04/08/2025, 20:59:21: Mismatch at 0. Cancel starts. 
04/08/2025, 20:59:21: Cancel task 2
04/08/2025, 20:59:21: sas tasks: ['Image Denoising', 'Image Deblurring']
04/08/2025, 20:59:21: flatten_tas: [(0, 'Image Super-Resolution')]
04/08/2025, 20:59:21: step 0 app: Image Denoising, tar: Image Super-Resolution
04/08/2025, 20:59:21: return sas tasks: ['Image Super-Resolution']
04/08/2025, 20:59:21: react launch api for thought.
04/08/2025, 20:59:21: Target step 2 thought prompt token: 403
04/08/2025, 20:59:24: Target step 2 thought generation token: 97
04/08/2025, 20:59:24: react launch api for response.
04/08/2025, 20:59:24: Target step 2 response prompt token: 527
04/08/2025, 20:59:27: Target step 2 response generation token: 10
04/08/2025, 20:59:27: Target: Step 2 - Image Denoising
04/08/2025, 20:59:27: Intermediate Target Step 2 - Image Denoising -gen 107 -prompt 930
04/08/2025, 20:59:27: Target: Step 2 -time 6.6
04/08/2025, 20:59:27: Mismatch at 0. Cancel starts. 
04/08/2025, 20:59:27: sas tasks: ['Image Denoising']
04/08/2025, 20:59:27: flatten_tas: [(0, 'Image Denoising')]
04/08/2025, 20:59:27: return sas tasks: ['Image Denoising']
04/08/2025, 20:59:27: react launch api for thought.
04/08/2025, 20:59:27: Target step 3 thought prompt token: 412
04/08/2025, 20:59:31: Target step 3 thought generation token: 91
04/08/2025, 20:59:31: react launch api for response.
04/08/2025, 20:59:31: Target step 3 response prompt token: 530
04/08/2025, 20:59:32: Target step 3 response generation token: 10
04/08/2025, 20:59:32: Target: Step 3 - Image Deblurring
04/08/2025, 20:59:32: Intermediate Target Step 3 - Image Deblurring -gen 101 -prompt 942
04/08/2025, 20:59:32: Target: Step 3 -time 4.4
04/08/2025, 20:59:32: Mismatch at 0. Cancel starts. 
04/08/2025, 20:59:32: sas tasks: ['Image Deblurring']
04/08/2025, 20:59:32: flatten_tas: [(0, 'Image Deblurring')]
04/08/2025, 20:59:32: return sas tasks: ['Image Deblurring']
04/08/2025, 20:59:32: react launch api for thought.
04/08/2025, 20:59:32: Target step 4 thought prompt token: 421
04/08/2025, 20:59:40: Target step 4 thought generation token: 212
04/08/2025, 20:59:40: react launch api for response.
04/08/2025, 20:59:40: Target step 4 response prompt token: 660
04/08/2025, 20:59:41: Target step 4 response generation token: 9
04/08/2025, 20:59:41: Target: Step 4 - Image Captioning
04/08/2025, 20:59:41: Intermediate Target Step 4 - Image Captioning -gen 221 -prompt 1081
04/08/2025, 20:59:41: Target: Step 4 -time 8.96
04/08/2025, 20:59:41: Mismatch at 0. Cancel starts. 
04/08/2025, 20:59:41: sas tasks: ['Image Captioning']
04/08/2025, 20:59:41: flatten_tas: [(0, 'Image Captioning')]
04/08/2025, 20:59:41: return sas tasks: ['Image Captioning']
04/08/2025, 20:59:41: react launch api for thought.
04/08/2025, 20:59:41: Target step 5 thought prompt token: 429
04/08/2025, 20:59:52: Target step 5 thought generation token: 316
04/08/2025, 20:59:52: react launch api for response.
04/08/2025, 20:59:52: Target step 5 response prompt token: 772
04/08/2025, 20:59:55: Target step 5 response generation token: 9
04/08/2025, 20:59:55: Target: Step 5 - TERMINATE
04/08/2025, 20:59:55: Intermediate Target Step 5 - TERMINATE -gen 325 -prompt 1201
04/08/2025, 20:59:55: Target: Step 5 -time 14.12
04/08/2025, 20:59:55: Mismatch at 0. Cancel starts. 
04/08/2025, 20:59:55: sas tasks: ['TERMINATE']
04/08/2025, 20:59:55: flatten_tas: [(0, 'TERMINATE')]
04/08/2025, 20:59:55: return sas tasks: ['TERMINATE']
