04/08/2025, 21:00:34: task description: Given low-resolutioned noisy blurry grayscale image, how to return the object names in English step by step?
04/08/2025, 21:00:34: react launch api for thought.
04/08/2025, 21:00:34: Target step 1 thought prompt token: 389
04/08/2025, 21:00:36: react launch api for thought.
04/08/2025, 21:00:36: Target step 2 thought prompt token: 404
04/08/2025, 21:00:36: react launch api for thought.
04/08/2025, 21:00:36: Target step 2 thought prompt token: 404
04/08/2025, 21:00:37: react launch api for thought.
04/08/2025, 21:00:37: Target step 2 thought prompt token: 404
04/08/2025, 21:00:37: react launch api for thought.
04/08/2025, 21:00:37: Target step 2 thought prompt token: 404
04/08/2025, 21:00:37: react launch api for thought.
04/08/2025, 21:00:37: Target step 2 thought prompt token: 404
04/08/2025, 21:00:37: react launch api for thought.
04/08/2025, 21:00:37: Target step 2 thought prompt token: 404
04/08/2025, 21:00:37: react launch api for thought.
04/08/2025, 21:00:37: Target step 2 thought prompt token: 404
04/08/2025, 21:00:37: react launch api for thought.
04/08/2025, 21:00:37: Target step 2 thought prompt token: 404
04/08/2025, 21:00:38: react launch api for thought.
04/08/2025, 21:00:38: Target step 2 thought prompt token: 404
04/08/2025, 21:00:38: Mismatch at 1. Cancel starts. 
04/08/2025, 21:00:39: Target step 1 thought generation token: 81
04/08/2025, 21:00:39: react launch api for response.
04/08/2025, 21:00:39: Target step 1 response prompt token: 497
04/08/2025, 21:00:40: Target step 1 response generation token: 10
04/08/2025, 21:00:40: Target: Step 1 - Image Deblurring
04/08/2025, 21:00:40: Intermediate Target Step 1 - Image Deblurring -gen 91 -prompt 886
04/08/2025, 21:00:40: Target: Step 1 -time 6.22
04/08/2025, 21:00:40: sas tasks: ['Image Denoising', 'Image Deblurring']
04/08/2025, 21:00:40: flatten_tas: [(0, 'Image Deblurring'), (1, '')]
04/08/2025, 21:00:40: step 0 app: Image Denoising, tar: Image Deblurring
04/08/2025, 21:00:40: return sas tasks: ['Image Deblurring']
04/08/2025, 21:00:40: react launch api for thought.
04/08/2025, 21:00:40: Target step 2 thought prompt token: 404
04/08/2025, 21:00:45: Target step 2 thought generation token: 84
04/08/2025, 21:00:45: react launch api for response.
04/08/2025, 21:00:45: Target step 2 response prompt token: 515
04/08/2025, 21:00:46: Target step 2 response generation token: 10
04/08/2025, 21:00:46: Target: Step 2 - Image Denoising
04/08/2025, 21:00:46: Intermediate Target Step 2 - Image Denoising -gen 94 -prompt 919
04/08/2025, 21:00:46: Target: Step 2 -time 5.57
04/08/2025, 21:00:46: Mismatch at 0. Cancel starts. 
04/08/2025, 21:00:46: sas tasks: ['Image Denoising']
04/08/2025, 21:00:46: flatten_tas: [(0, 'Image Denoising')]
04/08/2025, 21:00:46: return sas tasks: ['Image Denoising']
04/08/2025, 21:00:46: react launch api for thought.
04/08/2025, 21:00:46: Target step 3 thought prompt token: 413
04/08/2025, 21:00:51: Target step 3 thought generation token: 122
04/08/2025, 21:00:51: react launch api for response.
04/08/2025, 21:00:51: Target step 3 response prompt token: 562
04/08/2025, 21:00:52: Target step 3 response generation token: 10
04/08/2025, 21:00:52: Target: Step 3 - Image Super-Resolution
04/08/2025, 21:00:52: Intermediate Target Step 3 - Image Super-Resolution -gen 132 -prompt 975
04/08/2025, 21:00:52: Target: Step 3 -time 6.47
04/08/2025, 21:00:52: Mismatch at 0. Cancel starts. 
04/08/2025, 21:00:52: sas tasks: ['Image Super-Resolution']
04/08/2025, 21:00:52: flatten_tas: [(0, 'Image Super-Resolution')]
04/08/2025, 21:00:52: return sas tasks: ['Image Super-Resolution']
04/08/2025, 21:00:53: react launch api for thought.
04/08/2025, 21:00:53: Target step 4 thought prompt token: 422
04/08/2025, 21:00:53: react launch api for thought.
04/08/2025, 21:00:53: Target step 4 thought prompt token: 422
04/08/2025, 21:01:01: Target step 4 thought generation token: 193
04/08/2025, 21:01:01: react launch api for response.
04/08/2025, 21:01:01: Target step 4 response prompt token: 642
04/08/2025, 21:01:02: Target step 4 response generation token: 8
04/08/2025, 21:01:02: Target: Step 4 - Object Detection
04/08/2025, 21:01:02: Intermediate Target Step 4 - Object Detection -gen 201 -prompt 1064
04/08/2025, 21:01:02: Target: Step 4 -time 9.96
04/08/2025, 21:01:02: Mismatch at 0. Cancel starts. 
04/08/2025, 21:01:02: sas tasks: ['Object Detection']
04/08/2025, 21:01:02: flatten_tas: [(0, 'Object Detection')]
04/08/2025, 21:01:02: return sas tasks: ['Object Detection']
04/08/2025, 21:01:02: react launch api for thought.
04/08/2025, 21:01:02: Target step 5 thought prompt token: 429
04/08/2025, 21:01:10: Target step 5 thought generation token: 235
04/08/2025, 21:01:10: react launch api for response.
04/08/2025, 21:01:10: Target step 5 response prompt token: 691
04/08/2025, 21:01:12: Target step 5 response generation token: 8
04/08/2025, 21:01:12: Target: Step 5 - Colorization
04/08/2025, 21:01:12: Intermediate Target Step 5 - Colorization -gen 243 -prompt 1120
04/08/2025, 21:01:12: Target: Step 5 -time 9.35
04/08/2025, 21:01:12: Mismatch at 0. Cancel starts. 
04/08/2025, 21:01:12: sas tasks: ['Image Classification']
04/08/2025, 21:01:12: flatten_tas: [(0, 'Colorization')]
04/08/2025, 21:01:12: step 0 app: Image Classification, tar: Colorization
04/08/2025, 21:01:12: return sas tasks: ['Colorization']
04/08/2025, 21:01:12: react launch api for thought.
04/08/2025, 21:01:12: Target step 6 thought prompt token: 436
04/08/2025, 21:01:23: Target step 6 thought generation token: 308
04/08/2025, 21:01:23: react launch api for response.
04/08/2025, 21:01:23: Target step 6 response prompt token: 771
04/08/2025, 21:01:25: Target step 6 response generation token: 9
04/08/2025, 21:01:25: Target: Step 6 - Image Captioning
04/08/2025, 21:01:25: Intermediate Target Step 6 - Image Captioning -gen 317 -prompt 1207
04/08/2025, 21:01:25: Target: Step 6 -time 12.95
04/08/2025, 21:01:25: Mismatch at 0. Cancel starts. 
04/08/2025, 21:01:25: sas tasks: ['Image Classification']
04/08/2025, 21:01:25: flatten_tas: [(0, 'Image Captioning')]
04/08/2025, 21:01:25: step 0 app: Image Classification, tar: Image Captioning
04/08/2025, 21:01:25: return sas tasks: ['Image Captioning']
04/08/2025, 21:01:25: react launch api for thought.
04/08/2025, 21:01:25: Target step 7 thought prompt token: 444
04/08/2025, 21:01:39: Target step 7 thought generation token: 337
04/08/2025, 21:01:39: react launch api for response.
04/08/2025, 21:01:39: Target step 7 response prompt token: 808
04/08/2025, 21:01:40: Target step 7 response generation token: 10
04/08/2025, 21:01:40: Target: Step 7 - Visual Question Answering
04/08/2025, 21:01:40: Intermediate Target Step 7 - Visual Question Answering -gen 347 -prompt 1252
04/08/2025, 21:01:40: Target: Step 7 -time 15.42
04/08/2025, 21:01:40: Mismatch at 0. Cancel starts. 
04/08/2025, 21:01:40: sas tasks: ['Image Classification']
04/08/2025, 21:01:40: flatten_tas: [(0, 'Visual Question Answering')]
04/08/2025, 21:01:40: step 0 app: Image Classification, tar: Visual Question Answering
04/08/2025, 21:01:40: return sas tasks: ['Visual Question Answering']
04/08/2025, 21:01:40: react launch api for thought.
04/08/2025, 21:01:40: Target step 8 thought prompt token: 453
04/08/2025, 21:01:51: Target step 8 thought generation token: 319
04/08/2025, 21:01:51: react launch api for response.
04/08/2025, 21:01:51: Target step 8 response prompt token: 799
04/08/2025, 21:01:53: Target step 8 response generation token: 10
04/08/2025, 21:01:53: Target: Step 8 - Text Summarization
04/08/2025, 21:01:53: Intermediate Target Step 8 - Text Summarization -gen 329 -prompt 1252
04/08/2025, 21:01:53: Target: Step 8 -time 12.58
04/08/2025, 21:01:53: Mismatch at 0. Cancel starts. 
04/08/2025, 21:01:53: sas tasks: ['TERMINATE']
04/08/2025, 21:01:53: flatten_tas: [(0, 'Text Summarization')]
04/08/2025, 21:01:53: step 0 app: TERMINATE, tar: Text Summarization
04/08/2025, 21:01:53: return sas tasks: ['Text Summarization']
04/08/2025, 21:01:53: react launch api for thought.
04/08/2025, 21:01:53: Target step 9 thought prompt token: 462
04/08/2025, 21:02:05: Target step 9 thought generation token: 351
04/08/2025, 21:02:05: react launch api for response.
04/08/2025, 21:02:05: Target step 9 response prompt token: 840
04/08/2025, 21:02:06: Target step 9 response generation token: 8
04/08/2025, 21:02:06: Target: Step 9 - Machine Translation
04/08/2025, 21:02:06: Intermediate Target Step 9 - Machine Translation -gen 359 -prompt 1302
04/08/2025, 21:02:06: Target: Step 9 -time 12.74
04/08/2025, 21:02:06: Mismatch at 0. Cancel starts. 
04/08/2025, 21:02:06: sas tasks: ['Machine Translation']
04/08/2025, 21:02:06: flatten_tas: [(0, 'Machine Translation')]
04/08/2025, 21:02:06: return sas tasks: ['Machine Translation']
04/08/2025, 21:02:06: react launch api for thought.
04/08/2025, 21:02:06: Target step 10 thought prompt token: 469
04/08/2025, 21:02:17: Target step 10 thought generation token: 328
04/08/2025, 21:02:17: react launch api for response.
04/08/2025, 21:02:17: Target step 10 response prompt token: 824
04/08/2025, 21:02:18: Target step 10 response generation token: 9
04/08/2025, 21:02:18: Target: Step 10 - Question Answering
04/08/2025, 21:02:18: Intermediate Target Step 10 - Question Answering -gen 337 -prompt 1293
04/08/2025, 21:02:18: Target: Step 10 -time 12.39
04/08/2025, 21:02:18: Mismatch at 0. Cancel starts. 
04/08/2025, 21:02:18: sas tasks: ['TERMINATE']
04/08/2025, 21:02:18: flatten_tas: [(0, 'Question Answering')]
04/08/2025, 21:02:18: step 0 app: TERMINATE, tar: Question Answering
04/08/2025, 21:02:18: return sas tasks: ['Question Answering']
04/08/2025, 21:02:18: react launch api for thought.
04/08/2025, 21:02:18: Target step 11 thought prompt token: 477
04/08/2025, 21:02:41: Target step 11 thought generation token: 357
04/08/2025, 21:02:41: react launch api for response.
04/08/2025, 21:02:41: Target step 11 response prompt token: 861
04/08/2025, 21:02:42: Target step 11 response generation token: 9
04/08/2025, 21:02:42: Target: Step 11 - TERMINATE
04/08/2025, 21:02:42: Intermediate Target Step 11 - TERMINATE -gen 366 -prompt 1338
04/08/2025, 21:02:42: Target: Step 11 -time 24.12
04/08/2025, 21:02:42: Mismatch at 0. Cancel starts. 
04/08/2025, 21:02:42: sas tasks: ['TERMINATE']
04/08/2025, 21:02:42: flatten_tas: [(0, 'TERMINATE')]
04/08/2025, 21:02:42: return sas tasks: ['TERMINATE']
