04/08/2025, 20:58:24: task description: Given low-resolutioned noisy blurry grayscale image, how to return the object names in German step by step?
04/08/2025, 20:58:24: react launch api for thought.
04/08/2025, 20:58:24: Target step 1 thought prompt token: 389
04/08/2025, 20:58:28: Target step 1 thought generation token: 107
04/08/2025, 20:58:28: react launch api for response.
04/08/2025, 20:58:28: Target step 1 response prompt token: 523
04/08/2025, 20:58:29: Target step 1 response generation token: 10
04/08/2025, 20:58:29: Target: Step 1 - Image Super-Resolution
04/08/2025, 20:58:29: Intermediate Target Step 1 - Image Super-Resolution -gen 117 -prompt 912
04/08/2025, 20:58:29: Target: Step 1 -time 5.8
04/08/2025, 20:58:29: Mismatch at 0. Cancel starts. 
04/08/2025, 20:58:29: sas tasks: ['Image Denoising']
04/08/2025, 20:58:29: flatten_tas: [(0, 'Image Super-Resolution')]
04/08/2025, 20:58:29: step 0 app: Image Denoising, tar: Image Super-Resolution
04/08/2025, 20:58:29: return sas tasks: ['Image Super-Resolution']
04/08/2025, 20:58:29: react launch api for thought.
04/08/2025, 20:58:29: Target step 2 thought prompt token: 404
04/08/2025, 20:58:34: Target step 2 thought generation token: 88
04/08/2025, 20:58:34: react launch api for response.
04/08/2025, 20:58:34: Target step 2 response prompt token: 519
04/08/2025, 20:58:35: Target step 2 response generation token: 10
04/08/2025, 20:58:35: Target: Step 2 - Image Denoising
04/08/2025, 20:58:35: Intermediate Target Step 2 - Image Denoising -gen 98 -prompt 923
04/08/2025, 20:58:35: Target: Step 2 -time 5.92
04/08/2025, 20:58:35: Mismatch at 0. Cancel starts. 
04/08/2025, 20:58:35: sas tasks: ['Image Deblurring']
04/08/2025, 20:58:35: flatten_tas: [(0, 'Image Denoising')]
04/08/2025, 20:58:35: step 0 app: Image Deblurring, tar: Image Denoising
04/08/2025, 20:58:35: return sas tasks: ['Image Denoising']
04/08/2025, 20:58:35: react launch api for thought.
04/08/2025, 20:58:35: Target step 3 thought prompt token: 413
04/08/2025, 20:58:42: Target step 3 thought generation token: 93
04/08/2025, 20:58:42: react launch api for response.
04/08/2025, 20:58:42: Target step 3 response prompt token: 533
04/08/2025, 20:58:43: Target step 3 response generation token: 10
04/08/2025, 20:58:43: Target: Step 3 - Image Deblurring
04/08/2025, 20:58:43: Intermediate Target Step 3 - Image Deblurring -gen 103 -prompt 946
04/08/2025, 20:58:43: Target: Step 3 -time 7.89
04/08/2025, 20:58:43: Mismatch at 0. Cancel starts. 
04/08/2025, 20:58:43: sas tasks: ['Image Deblurring']
04/08/2025, 20:58:43: flatten_tas: [(0, 'Image Deblurring')]
04/08/2025, 20:58:43: return sas tasks: ['Image Deblurring']
04/08/2025, 20:58:43: react launch api for thought.
04/08/2025, 20:58:43: Target step 4 thought prompt token: 422
04/08/2025, 20:58:50: Target step 4 thought generation token: 153
04/08/2025, 20:58:50: react launch api for response.
04/08/2025, 20:58:50: Target step 4 response prompt token: 602
04/08/2025, 20:58:52: Target step 4 response generation token: 8
04/08/2025, 20:58:52: Target: Step 4 - Object Detection
04/08/2025, 20:58:52: Intermediate Target Step 4 - Object Detection -gen 161 -prompt 1024
04/08/2025, 20:58:52: Target: Step 4 -time 9.29
04/08/2025, 20:58:52: Mismatch at 0. Cancel starts. 
04/08/2025, 20:58:52: sas tasks: ['Object Detection']
04/08/2025, 20:58:52: flatten_tas: [(0, 'Object Detection')]
04/08/2025, 20:58:52: return sas tasks: ['Object Detection']
04/08/2025, 20:58:52: react launch api for thought.
04/08/2025, 20:58:52: Target step 5 thought prompt token: 429
04/08/2025, 20:59:03: Target step 5 thought generation token: 234
04/08/2025, 20:59:03: react launch api for response.
04/08/2025, 20:59:03: Target step 5 response prompt token: 690
04/08/2025, 20:59:04: Target step 5 response generation token: 8
04/08/2025, 20:59:04: Target: Step 5 - Machine Translation
04/08/2025, 20:59:04: Intermediate Target Step 5 - Machine Translation -gen 242 -prompt 1119
04/08/2025, 20:59:04: Target: Step 5 -time 11.14
04/08/2025, 20:59:04: Mismatch at 0. Cancel starts. 
04/08/2025, 20:59:04: sas tasks: ['Machine Translation']
04/08/2025, 20:59:04: flatten_tas: [(0, 'Machine Translation')]
04/08/2025, 20:59:04: return sas tasks: ['Machine Translation']
04/08/2025, 20:59:04: react launch api for thought.
04/08/2025, 20:59:04: Target step 6 thought prompt token: 436
04/08/2025, 20:59:14: Target step 6 thought generation token: 233
04/08/2025, 20:59:14: react launch api for response.
04/08/2025, 20:59:14: Target step 6 response prompt token: 696
04/08/2025, 20:59:15: Target step 6 response generation token: 9
04/08/2025, 20:59:15: Target: Step 6 - TERMINATE
04/08/2025, 20:59:15: Intermediate Target Step 6 - TERMINATE -gen 242 -prompt 1132
04/08/2025, 20:59:15: Target: Step 6 -time 11.37
04/08/2025, 20:59:15: Mismatch at 0. Cancel starts. 
04/08/2025, 20:59:15: sas tasks: ['TERMINATE']
04/08/2025, 20:59:15: flatten_tas: [(0, 'TERMINATE')]
04/08/2025, 20:59:15: return sas tasks: ['TERMINATE']
