04/08/2025, 20:51:55: task description: Given low-resolutioned noisy image, how to return the regular image step by step?
04/08/2025, 20:51:55: react launch api for thought.
04/08/2025, 20:51:55: Target step 1 thought prompt token: 385
04/08/2025, 20:51:59: react launch api for thought.
04/08/2025, 20:51:59: Target step 2 thought prompt token: 400
04/08/2025, 20:51:59: Target step 1 thought generation token: 86
04/08/2025, 20:51:59: react launch api for response.
04/08/2025, 20:51:59: Target step 1 response prompt token: 498
04/08/2025, 20:52:00: Target step 1 response generation token: 10
04/08/2025, 20:52:00: Target: Step 1 - Image Denoising
04/08/2025, 20:52:00: Intermediate Target Step 1 - Image Denoising -gen 96 -prompt 883
04/08/2025, 20:52:00: Target: Step 1 -time 4.62
04/08/2025, 20:52:06: Target step 2 thought generation token: 134
04/08/2025, 20:52:06: react launch api for response.
04/08/2025, 20:52:06: Target step 2 response prompt token: 561
04/08/2025, 20:52:09: Target step 2 response generation token: 10
04/08/2025, 20:52:09: Target: Step 2 - Image Super-Resolution
04/08/2025, 20:52:09: Intermediate Target Step 2 - Image Super-Resolution -gen 144 -prompt 961
04/08/2025, 20:52:09: Target: Step 2 -time 10.3
04/08/2025, 20:52:09: Mismatch at 1. Cancel starts. 
04/08/2025, 20:52:09: sas tasks: ['Image Denoising', 'Image Deblurring']
04/08/2025, 20:52:09: flatten_tas: [(0, 'Image Denoising'), (1, 'Image Super-Resolution')]
04/08/2025, 20:52:09: step 1 app: Image Deblurring, tar: Image Super-Resolution
04/08/2025, 20:52:09: return sas tasks: ['Image Denoising', 'Image Super-Resolution']
04/08/2025, 20:52:09: react launch api for thought.
04/08/2025, 20:52:09: Target step 3 thought prompt token: 409
04/08/2025, 20:52:11: react launch api for thought.
04/08/2025, 20:52:11: Target step 4 thought prompt token: 418
04/08/2025, 20:52:14: Target step 3 thought generation token: 193
04/08/2025, 20:52:14: react launch api for response.
04/08/2025, 20:52:14: Target step 3 response prompt token: 629
04/08/2025, 20:52:15: Target step 3 response generation token: 10
04/08/2025, 20:52:15: Target: Step 3 - Image Deblurring
04/08/2025, 20:52:15: Intermediate Target Step 3 - Image Deblurring -gen 203 -prompt 1038
04/08/2025, 20:52:15: Target: Step 3 -time 6.36
04/08/2025, 20:52:20: Target step 4 thought generation token: 271
04/08/2025, 20:52:20: react launch api for response.
04/08/2025, 20:52:20: Target step 4 response prompt token: 716
04/08/2025, 20:52:21: Target step 4 response generation token: 8
04/08/2025, 20:52:21: Target: Step 4 - Image Classification
04/08/2025, 20:52:21: Intermediate Target Step 4 - Image Classification -gen 279 -prompt 1134
04/08/2025, 20:52:21: Target: Step 4 -time 10.74
04/08/2025, 20:52:21: Mismatch at 1. Cancel starts. 
04/08/2025, 20:52:21: sas tasks: ['Image Deblurring', 'Colorization']
04/08/2025, 20:52:21: flatten_tas: [(0, 'Image Deblurring'), (1, 'Image Classification')]
04/08/2025, 20:52:21: step 1 app: Colorization, tar: Image Classification
04/08/2025, 20:52:21: return sas tasks: ['Image Deblurring', 'Image Classification']
04/08/2025, 20:52:21: react launch api for thought.
04/08/2025, 20:52:21: Target step 5 thought prompt token: 425
04/08/2025, 20:52:36: Target step 5 thought generation token: 328
04/08/2025, 20:52:36: react launch api for response.
04/08/2025, 20:52:36: Target step 5 response prompt token: 780
04/08/2025, 20:52:38: Target step 5 response generation token: 8
04/08/2025, 20:52:38: Target: Step 5 - Object Detection
04/08/2025, 20:52:38: Intermediate Target Step 5 - Object Detection -gen 336 -prompt 1205
04/08/2025, 20:52:38: Target: Step 5 -time 16.41
04/08/2025, 20:52:38: Mismatch at 0. Cancel starts. 
04/08/2025, 20:52:38: sas tasks: ['Object Detection']
04/08/2025, 20:52:38: flatten_tas: [(0, 'Object Detection')]
04/08/2025, 20:52:38: return sas tasks: ['Object Detection']
04/08/2025, 20:52:38: react launch api for thought.
04/08/2025, 20:52:38: Target step 6 thought prompt token: 432
04/08/2025, 20:52:50: Target step 6 thought generation token: 308
04/08/2025, 20:52:50: react launch api for response.
04/08/2025, 20:52:50: Target step 6 response prompt token: 767
04/08/2025, 20:52:52: Target step 6 response generation token: 9
04/08/2025, 20:52:52: Target: Step 6 - Image Captioning
04/08/2025, 20:52:52: Intermediate Target Step 6 - Image Captioning -gen 317 -prompt 1199
04/08/2025, 20:52:52: Target: Step 6 -time 13.72
04/08/2025, 20:52:52: Mismatch at 0. Cancel starts. 
04/08/2025, 20:52:52: sas tasks: ['Colorization']
04/08/2025, 20:52:52: flatten_tas: [(0, 'Image Captioning')]
04/08/2025, 20:52:52: step 0 app: Colorization, tar: Image Captioning
04/08/2025, 20:52:52: return sas tasks: ['Image Captioning']
04/08/2025, 20:52:52: react launch api for thought.
04/08/2025, 20:52:52: Target step 7 thought prompt token: 440
04/08/2025, 20:53:02: Target step 7 thought generation token: 292
04/08/2025, 20:53:02: react launch api for response.
04/08/2025, 20:53:02: Target step 7 response prompt token: 759
04/08/2025, 20:53:04: Target step 7 response generation token: 10
04/08/2025, 20:53:04: Target: Step 7 - Visual Question Answering
04/08/2025, 20:53:04: Intermediate Target Step 7 - Visual Question Answering -gen 302 -prompt 1199
04/08/2025, 20:53:04: Target: Step 7 -time 12.17
04/08/2025, 20:53:04: Mismatch at 0. Cancel starts. 
04/08/2025, 20:53:04: sas tasks: ['Visual Question Answering']
04/08/2025, 20:53:04: flatten_tas: [(0, 'Visual Question Answering')]
04/08/2025, 20:53:04: return sas tasks: ['Visual Question Answering']
04/08/2025, 20:53:04: react launch api for thought.
04/08/2025, 20:53:04: Target step 8 thought prompt token: 449
04/08/2025, 20:53:17: Target step 8 thought generation token: 268
04/08/2025, 20:53:17: react launch api for response.
04/08/2025, 20:53:17: Target step 8 response prompt token: 744
04/08/2025, 20:53:18: Target step 8 response generation token: 8
04/08/2025, 20:53:18: Target: Step 8 - Colorization
04/08/2025, 20:53:18: Intermediate Target Step 8 - Colorization -gen 276 -prompt 1193
04/08/2025, 20:53:18: Target: Step 8 -time 14.19
04/08/2025, 20:53:18: Mismatch at 0. Cancel starts. 
04/08/2025, 20:53:18: sas tasks: ['Colorization']
04/08/2025, 20:53:18: flatten_tas: [(0, 'Colorization')]
04/08/2025, 20:53:18: return sas tasks: ['Colorization']
04/08/2025, 20:53:18: react launch api for thought.
04/08/2025, 20:53:18: Target step 9 thought prompt token: 456
04/08/2025, 20:53:27: Target step 9 thought generation token: 214
04/08/2025, 20:53:27: react launch api for response.
04/08/2025, 20:53:27: Target step 9 response prompt token: 697
04/08/2025, 20:53:28: Target step 9 response generation token: 9
04/08/2025, 20:53:28: Target: Step 9 - TERMINATE
04/08/2025, 20:53:28: Intermediate Target Step 9 - TERMINATE -gen 223 -prompt 1153
04/08/2025, 20:53:28: Target: Step 9 -time 10.48
04/08/2025, 20:53:28: Mismatch at 0. Cancel starts. 
04/08/2025, 20:53:28: sas tasks: ['TERMINATE']
04/08/2025, 20:53:28: flatten_tas: [(0, 'TERMINATE')]
04/08/2025, 20:53:28: return sas tasks: ['TERMINATE']
