04/08/2025, 20:53:29: task description: Given noisy image, how to return the regular image step by step?
04/08/2025, 20:53:29: react launch api for thought.
04/08/2025, 20:53:29: Target step 1 thought prompt token: 382
04/08/2025, 20:53:32: react launch api for thought.
04/08/2025, 20:53:32: Target step 2 thought prompt token: 397
04/08/2025, 20:53:38: Target step 2 thought generation token: 109
04/08/2025, 20:53:38: react launch api for response.
04/08/2025, 20:53:38: Target step 2 response prompt token: 533
04/08/2025, 20:53:39: Target step 2 response generation token: 10
04/08/2025, 20:53:39: Intermediate Target Step 2 - Image Deblurring -gen 119 -prompt 930
04/08/2025, 20:53:39: Target: Step 2 -time 7.34
04/08/2025, 20:53:39: Mismatch at 1. Cancel starts. 
04/08/2025, 20:53:46: Target step 1 thought generation token: 139
04/08/2025, 20:53:46: react launch api for response.
04/08/2025, 20:53:46: Target step 1 response prompt token: 548
04/08/2025, 20:53:48: Target step 1 response generation token: 10
04/08/2025, 20:53:48: Target: Step 1 - Image Denoising
04/08/2025, 20:53:48: Target: Step 2 - Image Deblurring
04/08/2025, 20:53:48: Intermediate Target Step 1 - Image Denoising -gen 149 -prompt 930
04/08/2025, 20:53:48: Target: Step 1 -time 18.95
04/08/2025, 20:53:48: sas tasks: ['Image Denoising', 'Image Deblurring']
04/08/2025, 20:53:48: flatten_tas: [(0, 'Image Denoising'), (1, 'Image Deblurring')]
04/08/2025, 20:53:48: return sas tasks: ['Image Denoising', 'Image Deblurring']
04/08/2025, 20:53:48: react launch api for thought.
04/08/2025, 20:53:48: Target step 3 thought prompt token: 406
04/08/2025, 20:53:49: react launch api for thought.
04/08/2025, 20:53:49: Target step 4 thought prompt token: 415
04/08/2025, 20:53:59: Target step 3 thought generation token: 241
04/08/2025, 20:53:59: react launch api for response.
04/08/2025, 20:53:59: Target step 3 response prompt token: 674
04/08/2025, 20:53:59: Target step 4 thought generation token: 248
04/08/2025, 20:53:59: react launch api for response.
04/08/2025, 20:53:59: Target step 4 response prompt token: 690
04/08/2025, 20:54:00: Target step 4 response generation token: 8
04/08/2025, 20:54:00: Intermediate Target Step 4 - Image Classification -gen 256 -prompt 1105
04/08/2025, 20:54:00: Target: Step 4 -time 10.7
04/08/2025, 20:54:00: Mismatch at 1. Cancel starts. 
04/08/2025, 20:54:01: Target step 3 response generation token: 10
04/08/2025, 20:54:01: Target: Step 3 - Image Super-Resolution
04/08/2025, 20:54:01: Target: Step 4 - Image Classification
04/08/2025, 20:54:01: Intermediate Target Step 3 - Image Super-Resolution -gen 251 -prompt 1080
04/08/2025, 20:54:01: Target: Step 3 -time 13.11
04/08/2025, 20:54:01: sas tasks: ['Image Super-Resolution', 'Image Super-Resolution']
04/08/2025, 20:54:01: flatten_tas: [(0, 'Image Super-Resolution'), (1, 'Image Classification')]
04/08/2025, 20:54:01: step 1 app: Image Super-Resolution, tar: Image Classification
04/08/2025, 20:54:01: return sas tasks: ['Image Super-Resolution', 'Image Classification']
04/08/2025, 20:54:01: react launch api for thought.
04/08/2025, 20:54:01: Target step 5 thought prompt token: 422
04/08/2025, 20:54:11: Target step 5 thought generation token: 271
04/08/2025, 20:54:11: react launch api for response.
04/08/2025, 20:54:11: Target step 5 response prompt token: 720
04/08/2025, 20:54:12: Target step 5 response generation token: 9
04/08/2025, 20:54:12: Target: Step 5 - Image Captioning
04/08/2025, 20:54:12: Intermediate Target Step 5 - Image Captioning -gen 280 -prompt 1142
04/08/2025, 20:54:12: Target: Step 5 -time 11.38
04/08/2025, 20:54:12: Mismatch at 0. Cancel starts. 
04/08/2025, 20:54:12: sas tasks: ['Object Detection']
04/08/2025, 20:54:12: flatten_tas: [(0, 'Image Captioning')]
04/08/2025, 20:54:12: step 0 app: Object Detection, tar: Image Captioning
04/08/2025, 20:54:12: return sas tasks: ['Image Captioning']
04/08/2025, 20:54:12: react launch api for thought.
04/08/2025, 20:54:12: Target step 6 thought prompt token: 430
04/08/2025, 20:54:31: Target step 6 thought generation token: 286
04/08/2025, 20:54:31: react launch api for response.
04/08/2025, 20:54:31: Target step 6 response prompt token: 743
04/08/2025, 20:54:32: Target step 6 response generation token: 10
04/08/2025, 20:54:32: Target: Step 6 - Visual Question Answering
04/08/2025, 20:54:32: Intermediate Target Step 6 - Visual Question Answering -gen 296 -prompt 1173
04/08/2025, 20:54:32: Target: Step 6 -time 20.02
04/08/2025, 20:54:32: Mismatch at 0. Cancel starts. 
04/08/2025, 20:54:32: sas tasks: ['Visual Question Answering']
04/08/2025, 20:54:32: flatten_tas: [(0, 'Visual Question Answering')]
04/08/2025, 20:54:32: return sas tasks: ['Visual Question Answering']
04/08/2025, 20:54:32: react launch api for thought.
04/08/2025, 20:54:32: Target step 7 thought prompt token: 439
04/08/2025, 20:54:45: Target step 7 thought generation token: 217
04/08/2025, 20:54:45: react launch api for response.
04/08/2025, 20:54:45: Target step 7 response prompt token: 683
04/08/2025, 20:54:46: Target step 7 response generation token: 8
04/08/2025, 20:54:46: Target: Step 7 - Colorization
04/08/2025, 20:54:46: Intermediate Target Step 7 - Colorization -gen 225 -prompt 1122
04/08/2025, 20:54:46: Target: Step 7 -time 14.32
04/08/2025, 20:54:46: Mismatch at 0. Cancel starts. 
04/08/2025, 20:54:46: sas tasks: ['Colorization']
04/08/2025, 20:54:46: flatten_tas: [(0, 'Colorization')]
04/08/2025, 20:54:46: return sas tasks: ['Colorization']
04/08/2025, 20:54:46: react launch api for thought.
04/08/2025, 20:54:46: Target step 8 thought prompt token: 446
04/08/2025, 20:54:56: Target step 8 thought generation token: 296
04/08/2025, 20:54:56: react launch api for response.
04/08/2025, 20:54:56: Target step 8 response prompt token: 769
04/08/2025, 20:54:57: Target step 8 response generation token: 11
04/08/2025, 20:54:57: Target: Step 8 - Text-to-Image Generation
04/08/2025, 20:54:57: Intermediate Target Step 8 - Text-to-Image Generation -gen 307 -prompt 1215
04/08/2025, 20:54:57: Target: Step 8 -time 10.63
04/08/2025, 20:54:57: Mismatch at 0. Cancel starts. 
04/08/2025, 20:54:57: sas tasks: ['TERMINATE']
04/08/2025, 20:54:57: flatten_tas: [(0, 'Text-to-Image Generation')]
04/08/2025, 20:54:57: step 0 app: TERMINATE, tar: Text-to-Image Generation
04/08/2025, 20:54:57: return sas tasks: ['Text-to-Image Generation']
04/08/2025, 20:54:57: react launch api for thought.
04/08/2025, 20:54:57: Target step 9 thought prompt token: 456
04/08/2025, 20:54:57: react launch api for thought.
04/08/2025, 20:54:57: Target step 9 thought prompt token: 456
04/08/2025, 20:55:05: Target step 9 thought generation token: 185
04/08/2025, 20:55:05: react launch api for response.
04/08/2025, 20:55:05: Target step 9 response prompt token: 668
04/08/2025, 20:55:06: Target step 9 response generation token: 9
04/08/2025, 20:55:06: Target: Step 9 - TERMINATE
04/08/2025, 20:55:06: Intermediate Target Step 9 - TERMINATE -gen 194 -prompt 1124
04/08/2025, 20:55:06: Target: Step 9 -time 8.57
04/08/2025, 20:55:06: Mismatch at 0. Cancel starts. 
04/08/2025, 20:55:06: sas tasks: ['TERMINATE']
04/08/2025, 20:55:06: flatten_tas: [(0, 'TERMINATE')]
04/08/2025, 20:55:06: return sas tasks: ['TERMINATE']
